Starting theta-ns_pbw-check_per-edge5
theta-ns_pbw-check_per-edge5 completed 7.808 s
Starting glasses-ns_pbw-check_per-edge5
glasses-ns_pbw-check_per-edge5 completed 4.666 s
Starting glasses-ns-r_pbw-check_per-edge5
glasses-ns-r_pbw-check_per-edge5 completed 40.019 s
Starting glasses-r_pbw-check_per-edge5
glasses-r_pbw-check_per-edge5 failed 1071.348 s
Traceback (most recent call last):
  File "/Users/yuchenwang/Desktop/Type0B-Matrix/C++/tools/section6.py", line 260, in <module>
    sys.exit(main())
             ~~~~^^
  File "/Users/yuchenwang/Desktop/Type0B-Matrix/C++/tools/section6.py", line 244, in main
    run.graph(channel, "pbw-check", 5, "per-edge")
    ~~~~~~~~~^^^^^^^^^^^^^^^^^^^^^^^^^^^^^^^^^^^^^
  File "/Users/yuchenwang/Desktop/Type0B-Matrix/C++/tools/section6.py", line 183, in graph
    self.execute(name, [CPP/"bin/graph_blocks", "--channel", channel, "--method", method,
    ~~~~~~~~~~~~^^^^^^^^^^^^^^^^^^^^^^^^^^^^^^^^^^^^^^^^^^^^^^^^^^^^^^^^^^^^^^^^^^^^^^^^^
                       "--level", str(level), "--truncation", truncation,
                       ^^^^^^^^^^^^^^^^^^^^^^^^^^^^^^^^^^^^^^^^^^^^^^^^^^
                       "--dps", str(self.report["dps"]), "--output", directory])
                       ^^^^^^^^^^^^^^^^^^^^^^^^^^^^^^^^^^^^^^^^^^^^^^^^^^^^^^^^^
  File "/Users/yuchenwang/Desktop/Type0B-Matrix/C++/tools/section6.py", line 178, in execute
    raise RuntimeError(f"{name} failed; see {self.directory / (name + '.log')}")
RuntimeError: glasses-r_pbw-check_per-edge5 failed; see /Users/yuchenwang/Desktop/Type0B-Matrix/C++/results/section6_2026-09-23/graph_pbw5/glasses-r_pbw-check_per-edge5.log
