physical multidegrees=1806 total level=5 cases=64
branching vertex=1 f=0 start
branching vertex=1 f=0 done
branching vertex=2 f=0 start
branching vertex=2 f=0 done
branching vertex=3 f=0 start
branching vertex=3 f=0 done
branching vertex=1 f=1 start
branching vertex=1 f=1 done
branching vertex=2 f=1 start
branching vertex=2 f=1 done
branching vertex=3 f=1 start
branching vertex=3 f=1 done
DV branches=100 CCY transitions=0
DV branches=200 CCY transitions=192
DV branches=300 CCY transitions=288
DV branches=400 CCY transitions=612
DV branches=500 CCY transitions=960
DV branches=600 CCY transitions=1056
DV branches=700 CCY transitions=1248
DV branches=800 CCY transitions=1248
DV branches=900 CCY transitions=1440
DV branches=1000 CCY transitions=1632
DV branches=1100 CCY transitions=2112
DV branches=1200 CCY transitions=3744
DV branches=1300 CCY transitions=4332
DV branches=1400 CCY transitions=4512
DV branches=1500 CCY transitions=5160
DV branches=1600 CCY transitions=6444
DV branches=1700 CCY transitions=8220
DV branches=1800 CCY transitions=9264
DV branches=1900 CCY transitions=10176
DV branches=2000 CCY transitions=10332
DV branches=2100 CCY transitions=10944
DV branches=2200 CCY transitions=12576
DV branches=2300 CCY transitions=13056
DV branches=2400 CCY transitions=13248
DV branches=2500 CCY transitions=13416
DV branches=2600 CCY transitions=13440
DV branches=2700 CCY transitions=13812
DV branches=2800 CCY transitions=14112
DV branches=2900 CCY transitions=14208
DV branches=3000 CCY transitions=15936
DV branches=3100 CCY transitions=17004
DV branches=3200 CCY transitions=18048
DV branches=3300 CCY transitions=19680
DV branches=3400 CCY transitions=19920
DV branches=3500 CCY transitions=20508
DV branches=3600 CCY transitions=22104
DV branches=3700 CCY transitions=27336
DV branches=3800 CCY transitions=28416
DV branches=3900 CCY transitions=29976
DV branches=4000 CCY transitions=30432
DV branches=4100 CCY transitions=31080
DV branches=4200 CCY transitions=32364
DV branches=4300 CCY transitions=34140
DV branches=4400 CCY transitions=35184
DV branches=4500 CCY transitions=36096
DV branches=4600 CCY transitions=36192
DV branches=4700 CCY transitions=36672
DV branches=4800 CCY transitions=36768
DV branches=4900 CCY transitions=36888
DV branches=5000 CCY transitions=37056
DV branches=5100 CCY transitions=37392
DV branches=5200 CCY transitions=38448
DV branches=5300 CCY transitions=39504
DV branches=5400 CCY transitions=39984
DV branches=5500 CCY transitions=40128
DV branches=5600 CCY transitions=41856
DV branches=5700 CCY transitions=42924
DV branches=5800 CCY transitions=43968
DV branches=5900 CCY transitions=45600
DV branches=6000 CCY transitions=45792
DV branches=6100 CCY transitions=46272
DV branches=6200 CCY transitions=47904
DV branches=6300 CCY transitions=48492
DV branches=6400 CCY transitions=48672
DV branches=6500 CCY transitions=48864
DV branches=6600 CCY transitions=48960
DV branches=6700 CCY transitions=49056
DV branches=6800 CCY transitions=49248
DV branches=6900 CCY transitions=49344
DV branches=7000 CCY transitions=49824
DV branches=7100 CCY transitions=49944
DV branches=7200 CCY transitions=50112
DV branches=7300 CCY transitions=50208
DV branches=7400 CCY transitions=50208
DV branches=7500 CCY transitions=50336
DV branches=7600 CCY transitions=50554
DV branches=7700 CCY transitions=50736
DV branches=7800 CCY transitions=50904
DV branches=7900 CCY transitions=51688
DV branches=8000 CCY transitions=52160
DV branches=8100 CCY transitions=52256
DV branches=8200 CCY transitions=52472
DV branches=8300 CCY transitions=52728
DV branches=8400 CCY transitions=52742
DV branches=8500 CCY transitions=52960
DV branches=8600 CCY transitions=53176
DV branches=8700 CCY transitions=53432
DV branches=8800 CCY transitions=54172
DV branches=8900 CCY transitions=55216
DV branches=9000 CCY transitions=59822
DV branches=9100 CCY transitions=60824
DV branches=9200 CCY transitions=61608
DV branches=9300 CCY transitions=61824
DV branches=9400 CCY transitions=62608
DV branches=9500 CCY transitions=67104
DV branches=9600 CCY transitions=68472
DV branches=9700 CCY transitions=72892
DV branches=9800 CCY transitions=74138
DV branches=9900 CCY transitions=77904
DV branches=10000 CCY transitions=79760
DV branches=10100 CCY transitions=79976
DV branches=10200 CCY transitions=80584
DV branches=10300 CCY transitions=81504
DV branches=10400 CCY transitions=85228
DV branches=10500 CCY transitions=87228
DV branches=10600 CCY transitions=88212
DV branches=10700 CCY transitions=88402
DV branches=10800 CCY transitions=88624
DV branches=10900 CCY transitions=88840
DV branches=11000 CCY transitions=88928
DV branches=11100 CCY transitions=89112
DV branches=11200 CCY transitions=90096
DV branches=11300 CCY transitions=90398
DV branches=11400 CCY transitions=90488
DV branches=11500 CCY transitions=91476
DV branches=11600 CCY transitions=95896
DV branches=11700 CCY transitions=97264
DV branches=11800 CCY transitions=101760
DV branches=11900 CCY transitions=103072
DV branches=12000 CCY transitions=107678
DV branches=12100 CCY transitions=108424
DV branches=12200 CCY transitions=108900
DV branches=12300 CCY transitions=109720
DV branches=12400 CCY transitions=112768
DV branches=12500 CCY transitions=115836
DV branches=12600 CCY transitions=127724
DV branches=12700 CCY transitions=139728
DV branches=12800 CCY transitions=142450
DV branches=12900 CCY transitions=147056
DV branches=13000 CCY transitions=148100
DV branches=13100 CCY transitions=148834
DV branches=13200 CCY transitions=149126
DV branches=13300 CCY transitions=152212
DV branches=13400 CCY transitions=154964
DV branches=13500 CCY transitions=158020
DV branches=13600 CCY transitions=160870
DV branches=13700 CCY transitions=163808
DV branches=13800 CCY transitions=166768
DV branches=13900 CCY transitions=166944
DV branches=14000 CCY transitions=167114
DV branches=14100 CCY transitions=168070
DV branches=14200 CCY transitions=168408
DV branches=14300 CCY transitions=168418
DV branches=14400 CCY transitions=168640
DV branches=14500 CCY transitions=168856
DV branches=14600 CCY transitions=169072
DV branches=14700 CCY transitions=169738
DV branches=14800 CCY transitions=170896
DV branches=14900 CCY transitions=175392
DV branches=15000 CCY transitions=176440
DV branches=15100 CCY transitions=177288
DV branches=15200 CCY transitions=177504
DV branches=15300 CCY transitions=178262
DV branches=15400 CCY transitions=182720
DV branches=15500 CCY transitions=184028
DV branches=15600 CCY transitions=187732
DV branches=15700 CCY transitions=189792
DV branches=15800 CCY transitions=193516
DV branches=15900 CCY transitions=195400
DV branches=16000 CCY transitions=195656
DV branches=16100 CCY transitions=196246
DV branches=16200 CCY transitions=196982
DV branches=16300 CCY transitions=200068
DV branches=16400 CCY transitions=202856
DV branches=16500 CCY transitions=203862
DV branches=16600 CCY transitions=204080
DV branches=16700 CCY transitions=204264
DV branches=16800 CCY transitions=204520
DV branches=16900 CCY transitions=204608
DV branches=17000 CCY transitions=204784
DV branches=17100 CCY transitions=204968
DV branches=17200 CCY transitions=205136
DV branches=17300 CCY transitions=205354
DV branches=17400 CCY transitions=206360
DV branches=17500 CCY transitions=206608
DV branches=17600 CCY transitions=206736
DV branches=17700 CCY transitions=206958
DV branches=17800 CCY transitions=207136
DV done 43.7108 seconds
case=0 recovery=3.34002e-25 forward=2.31184e-25 unequal=0 vanish=0 seconds=0.629465
case=1 recovery=1.85275e-25 forward=1.80198e-25 unequal=4.29978e-25 vanish=1.32343e-37 seconds=0.75734
case=2 recovery=1.44826e-26 forward=3.84595e-26 unequal=8.638e-26 vanish=4.0742e-37 seconds=0.752751
case=3 recovery=1.34189e-26 forward=2.5725e-26 unequal=0 vanish=0 seconds=0.553271
case=4 recovery=1.7341e-25 forward=1.63275e-25 unequal=2.04228e-25 vanish=1.12123e-37 seconds=0.74371
case=5 recovery=2.58856e-25 forward=1.66143e-25 unequal=0 vanish=0 seconds=0.549099
case=6 recovery=2.41663e-26 forward=4.79594e-26 unequal=0 vanish=0 seconds=0.547367
case=7 recovery=1.42118e-26 forward=2.76204e-26 unequal=5.14079e-26 vanish=3.70447e-37 seconds=0.731377
case=8 recovery=9.62029e-26 forward=2.83724e-25 unequal=6.71974e-25 vanish=6.83748e-38 seconds=0.635317
case=9 recovery=8.12068e-26 forward=1.6256e-25 unequal=0 vanish=0 seconds=0.470162
case=10 recovery=1.2053e-26 forward=2.30481e-26 unequal=0 vanish=0 seconds=0.462932
case=11 recovery=1.12003e-26 forward=3.26264e-26 unequal=6.19458e-26 vanish=9.85987e-38 seconds=0.640017
case=12 recovery=8.66557e-26 forward=1.73563e-25 unequal=0 vanish=0 seconds=0.464647
case=13 recovery=8.88019e-26 forward=2.21264e-25 unequal=5.7496e-25 vanish=2.9306e-38 seconds=0.625
case=14 recovery=1.60134e-26 forward=4.86398e-26 unequal=6.03847e-26 vanish=1.05737e-37 seconds=0.626119
case=15 recovery=8.37968e-27 forward=1.32082e-26 unequal=0 vanish=0 seconds=0.465622
case=16 recovery=9.62197e-26 forward=2.83775e-25 unequal=6.72091e-25 vanish=1.5608e-37 seconds=0.635658
case=17 recovery=8.12216e-26 forward=1.62589e-25 unequal=0 vanish=0 seconds=0.457399
case=18 recovery=1.2053e-26 forward=2.30481e-26 unequal=0 vanish=0 seconds=0.466727
case=19 recovery=1.12003e-26 forward=3.26264e-26 unequal=6.19417e-26 vanish=7.00862e-38 seconds=0.626477
case=20 recovery=8.66715e-26 forward=1.73594e-25 unequal=0 vanish=0 seconds=0.45848
case=21 recovery=8.88163e-26 forward=2.21304e-25 unequal=5.7506e-25 vanish=5.32611e-38 seconds=0.633688
case=22 recovery=1.60134e-26 forward=4.86398e-26 unequal=6.03846e-26 vanish=9.93468e-38 seconds=0.643329
case=23 recovery=8.37969e-27 forward=1.32082e-26 unequal=0 vanish=0 seconds=0.461047
case=24 recovery=3.34064e-25 forward=2.31225e-25 unequal=0 vanish=0 seconds=0.564078
case=25 recovery=1.8531e-25 forward=1.8023e-25 unequal=4.30055e-25 vanish=9.49395e-38 seconds=0.738824
case=26 recovery=1.44826e-26 forward=3.84595e-26 unequal=8.63809e-26 vanish=1.34265e-37 seconds=0.735662
case=27 recovery=1.34192e-26 forward=2.5725e-26 unequal=0 vanish=0 seconds=0.550881
case=28 recovery=1.73441e-25 forward=1.63298e-25 unequal=2.04264e-25 vanish=6.18586e-38 seconds=0.736169
case=29 recovery=2.58903e-25 forward=1.6617e-25 unequal=0 vanish=0 seconds=0.551068
case=30 recovery=2.41663e-26 forward=4.79594e-26 unequal=0 vanish=0 seconds=0.56299
case=31 recovery=1.42009e-26 forward=2.76204e-26 unequal=5.13986e-26 vanish=3.2464e-37 seconds=0.736118
case=32 recovery=9.62029e-26 forward=2.83724e-25 unequal=6.71974e-25 vanish=1.5629e-37 seconds=0.630329
case=33 recovery=8.12068e-26 forward=1.6256e-25 unequal=0 vanish=0 seconds=0.459415
case=34 recovery=1.2053e-26 forward=2.30482e-26 unequal=0 vanish=0 seconds=0.458732
case=35 recovery=1.12008e-26 forward=3.26264e-26 unequal=6.19417e-26 vanish=9.89724e-38 seconds=0.62435
case=36 recovery=8.66557e-26 forward=1.73563e-25 unequal=0 vanish=0 seconds=0.46923
case=37 recovery=8.88019e-26 forward=2.21264e-25 unequal=5.7496e-25 vanish=4.39867e-38 seconds=0.624658
case=38 recovery=1.60134e-26 forward=4.86398e-26 unequal=6.03846e-26 vanish=1.05751e-37 seconds=0.622451
case=39 recovery=8.37962e-27 forward=1.32082e-26 unequal=0 vanish=0 seconds=0.460996
case=40 recovery=3.34002e-25 forward=2.31184e-25 unequal=0 vanish=0 seconds=0.572574
case=41 recovery=1.85275e-25 forward=1.80198e-25 unequal=4.29978e-25 vanish=9.57175e-38 seconds=0.738509
case=42 recovery=1.44823e-26 forward=3.84595e-26 unequal=8.63883e-26 vanish=4.07372e-37 seconds=0.734933
case=43 recovery=1.34192e-26 forward=2.5725e-26 unequal=0 vanish=0 seconds=0.567374
case=44 recovery=1.7341e-25 forward=1.63273e-25 unequal=2.04228e-25 vanish=8.66245e-38 seconds=0.741403
case=45 recovery=2.58856e-25 forward=1.6614e-25 unequal=0 vanish=0 seconds=0.553607
case=46 recovery=2.41662e-26 forward=4.79593e-26 unequal=0 vanish=0 seconds=0.550055
case=47 recovery=1.42082e-26 forward=2.76205e-26 unequal=5.14078e-26 vanish=3.39851e-37 seconds=0.741788
case=48 recovery=3.34064e-25 forward=2.31225e-25 unequal=0 vanish=0 seconds=0.561085
case=49 recovery=1.8531e-25 forward=1.8023e-25 unequal=4.30055e-25 vanish=8.68025e-38 seconds=0.738681
case=50 recovery=1.44823e-26 forward=3.84595e-26 unequal=8.6385e-26 vanish=1.34553e-37 seconds=0.735161
case=51 recovery=1.34189e-26 forward=2.5725e-26 unequal=0 vanish=0 seconds=0.554871
case=52 recovery=1.73441e-25 forward=1.633e-25 unequal=2.04264e-25 vanish=9.16845e-38 seconds=0.731988
case=53 recovery=2.58903e-25 forward=1.66172e-25 unequal=0 vanish=0 seconds=0.554446
case=54 recovery=2.41662e-26 forward=4.79593e-26 unequal=0 vanish=0 seconds=0.552758
case=55 recovery=1.42019e-26 forward=2.76205e-26 unequal=5.13985e-26 vanish=3.43577e-37 seconds=0.735103
case=56 recovery=9.62197e-26 forward=2.83775e-25 unequal=6.72091e-25 vanish=7.54752e-38 seconds=0.633732
case=57 recovery=8.12216e-26 forward=1.62589e-25 unequal=0 vanish=0 seconds=0.474749
case=58 recovery=1.2053e-26 forward=2.30482e-26 unequal=0 vanish=0 seconds=0.460669
case=59 recovery=1.12008e-26 forward=3.26264e-26 unequal=6.19458e-26 vanish=5.30379e-38 seconds=0.623928
case=60 recovery=8.66715e-26 forward=1.73594e-25 unequal=0 vanish=0 seconds=0.457193
case=61 recovery=8.88163e-26 forward=2.21304e-25 unequal=5.7506e-25 vanish=4.92856e-38 seconds=0.621374
case=62 recovery=1.60134e-26 forward=4.86398e-26 unequal=6.03847e-26 vanish=5.93187e-38 seconds=0.620314
case=63 recovery=8.37963e-27 forward=1.32082e-26 unequal=0 vanish=0 seconds=0.462719
