Starting theta-nsrr_p0_f0_eta1_ordinary_dv
theta-nsrr_p0_f0_eta1_ordinary_dv completed 3.373 s
Starting theta-nsrr_p0_f0_eta1_ordinary_pbw
theta-nsrr_p0_f0_eta1_ordinary_pbw completed 4.860 s
Starting theta-nsrr_p0_f0_eta1_inserted_dv
theta-nsrr_p0_f0_eta1_inserted_dv completed 6.938 s
Starting theta-nsrr_p0_f0_eta1_inserted_pbw
theta-nsrr_p0_f0_eta1_inserted_pbw completed 8.275 s
Starting theta-nsrr_p0_f0_eta-1_ordinary_dv
theta-nsrr_p0_f0_eta-1_ordinary_dv completed 2.898 s
Starting theta-nsrr_p0_f0_eta-1_ordinary_pbw
theta-nsrr_p0_f0_eta-1_ordinary_pbw completed 4.681 s
Starting theta-nsrr_p0_f0_eta-1_inserted_dv
theta-nsrr_p0_f0_eta-1_inserted_dv completed 7.207 s
Starting theta-nsrr_p0_f0_eta-1_inserted_pbw
theta-nsrr_p0_f0_eta-1_inserted_pbw completed 8.432 s
Starting theta-nsrr_p0_f1_eta1_ordinary_dv
theta-nsrr_p0_f1_eta1_ordinary_dv completed 2.906 s
Starting theta-nsrr_p0_f1_eta1_ordinary_pbw
theta-nsrr_p0_f1_eta1_ordinary_pbw completed 4.877 s
Starting theta-nsrr_p0_f1_eta1_inserted_dv
theta-nsrr_p0_f1_eta1_inserted_dv completed 7.234 s
Starting theta-nsrr_p0_f1_eta1_inserted_pbw
theta-nsrr_p0_f1_eta1_inserted_pbw completed 8.602 s
Starting theta-nsrr_p0_f1_eta-1_ordinary_dv
theta-nsrr_p0_f1_eta-1_ordinary_dv completed 2.934 s
Starting theta-nsrr_p0_f1_eta-1_ordinary_pbw
theta-nsrr_p0_f1_eta-1_ordinary_pbw completed 4.834 s
Starting theta-nsrr_p0_f1_eta-1_inserted_dv
theta-nsrr_p0_f1_eta-1_inserted_dv completed 7.247 s
Starting theta-nsrr_p0_f1_eta-1_inserted_pbw
theta-nsrr_p0_f1_eta-1_inserted_pbw completed 8.562 s
Starting theta-nsrr_p1_f0_eta1_ordinary_dv
theta-nsrr_p1_f0_eta1_ordinary_dv completed 3.077 s
Starting theta-nsrr_p1_f0_eta1_ordinary_pbw
theta-nsrr_p1_f0_eta1_ordinary_pbw completed 4.713 s
Starting theta-nsrr_p1_f0_eta1_inserted_dv
theta-nsrr_p1_f0_eta1_inserted_dv completed 7.250 s
Starting theta-nsrr_p1_f0_eta1_inserted_pbw
theta-nsrr_p1_f0_eta1_inserted_pbw completed 8.419 s
Starting theta-nsrr_p1_f0_eta-1_ordinary_dv
theta-nsrr_p1_f0_eta-1_ordinary_dv completed 2.877 s
Starting theta-nsrr_p1_f0_eta-1_ordinary_pbw
theta-nsrr_p1_f0_eta-1_ordinary_pbw completed 4.674 s
Starting theta-nsrr_p1_f0_eta-1_inserted_dv
theta-nsrr_p1_f0_eta-1_inserted_dv completed 7.122 s
Starting theta-nsrr_p1_f0_eta-1_inserted_pbw
theta-nsrr_p1_f0_eta-1_inserted_pbw completed 8.730 s
Starting theta-nsrr_p1_f1_eta1_ordinary_dv
theta-nsrr_p1_f1_eta1_ordinary_dv completed 2.922 s
Starting theta-nsrr_p1_f1_eta1_ordinary_pbw
theta-nsrr_p1_f1_eta1_ordinary_pbw completed 4.870 s
Starting theta-nsrr_p1_f1_eta1_inserted_dv
theta-nsrr_p1_f1_eta1_inserted_dv completed 7.136 s
Starting theta-nsrr_p1_f1_eta1_inserted_pbw
theta-nsrr_p1_f1_eta1_inserted_pbw completed 8.670 s
Starting theta-nsrr_p1_f1_eta-1_ordinary_dv
theta-nsrr_p1_f1_eta-1_ordinary_dv completed 2.900 s
Starting theta-nsrr_p1_f1_eta-1_ordinary_pbw
theta-nsrr_p1_f1_eta-1_ordinary_pbw completed 4.870 s
Starting theta-nsrr_p1_f1_eta-1_inserted_dv
theta-nsrr_p1_f1_eta-1_inserted_dv completed 7.175 s
Starting theta-nsrr_p1_f1_eta-1_inserted_pbw
theta-nsrr_p1_f1_eta-1_inserted_pbw completed 8.416 s
