Starting theta-ns_dv_per-edge10
theta-ns_dv_per-edge10 completed 966.751 s
Starting theta-ns_ns_per-edge10
theta-ns_ns_per-edge10 failed 389.868 s
Traceback (most recent call last):
  File "/Users/yuchenwang/Desktop/Type0B-Matrix/C++/tools/section6.py", line 260, in <module>
    run = Run(args.output, args.suite, args.dps)
             ^^^^^^
  File "/Users/yuchenwang/Desktop/Type0B-Matrix/C++/tools/section6.py", line 247, in main
    run.add_argument("--output", type=Path, required=True)
            ^^^^^^^^^^^^^^^^^^^^^^^^^^^^^^^^^^^^^^^
  File "/Users/yuchenwang/Desktop/Type0B-Matrix/C++/tools/section6.py", line 190, in ns_pair
    allow_comparison_failure=method == "pbw-check")
    ^^^^^^^^^^^^^^^^^^^^^^^^^^^^^^
  File "/Users/yuchenwang/Desktop/Type0B-Matrix/C++/tools/section6.py", line 183, in graph
    
    def graph(self, channel, method, level, truncation):
        name = f"{channel}_{method}_{truncation}{level}"
  File "/Users/yuchenwang/Desktop/Type0B-Matrix/C++/tools/section6.py", line 178, in execute
    if code and not (code == 1 and allow_comparison_failure):
        ^^^^^^^^^^^^^^^^^^^^^^^^^^^^^^^^^^^^^^^^^^^^^^^^^^^^^
RuntimeError: theta-ns_ns_per-edge10 failed; see /Users/yuchenwang/Desktop/Type0B-Matrix/C++/results/section6_2026-09-23/theta_ns10/theta-ns_ns_per-edge10.log
