physical multidegrees=13 total level=1 cases=64
branching vertex=1 f=0 start
branching vertex=1 f=0 done
branching vertex=2 f=0 start
branching vertex=2 f=0 done
branching vertex=3 f=0 start
branching vertex=3 f=0 done
branching vertex=1 f=1 start
branching vertex=1 f=1 done
branching vertex=2 f=1 start
branching vertex=2 f=1 done
branching vertex=3 f=1 start
branching vertex=3 f=1 done
DV branches=100 CCY transitions=0
DV branches=200 CCY transitions=0
DV branches=300 CCY transitions=0
DV done 1.58586 seconds
case=0 recovery=3.23771e-31 forward=6.49738e-31 unequal=0 vanish=0 seconds=0.00893712
case=1 recovery=1.70917e-31 forward=5.07769e-31 unequal=7.80427e-31 vanish=1.66025e-40 seconds=0.011445
case=2 recovery=3.23771e-31 forward=8.86541e-31 unequal=8.80484e-31 vanish=1.37753e-40 seconds=0.0115248
case=3 recovery=5.36116e-32 forward=1.09418e-31 unequal=0 vanish=0 seconds=0.00868796
case=4 recovery=2.01879e-31 forward=6.00348e-31 unequal=8.80484e-31 vanish=1.37753e-40 seconds=0.018777
case=5 recovery=9.542e-32 forward=1.88645e-31 unequal=0 vanish=0 seconds=0.0100403
case=6 recovery=4.17497e-32 forward=8.56942e-32 unequal=0 vanish=0 seconds=0.00862354
case=7 recovery=1.12991e-31 forward=3.41131e-31 unequal=3.22683e-31 vanish=1.37753e-40 seconds=0.0110078
case=8 recovery=2.74335e-33 forward=8.20276e-33 unequal=0 vanish=3.32949e-41 seconds=0.00875171
case=9 recovery=1.69899e-32 forward=1.79774e-32 unequal=0 vanish=0 seconds=0.00684204
case=10 recovery=1.02022e-32 forward=1.23079e-32 unequal=0 vanish=0 seconds=0.00550825
case=11 recovery=1.69899e-32 forward=1.79774e-32 unequal=0 vanish=1.05056e-40 seconds=0.00767329
case=12 recovery=3.42211e-33 forward=5.46354e-33 unequal=0 vanish=0 seconds=0.00600433
case=13 recovery=1.69899e-32 forward=1.79774e-32 unequal=0 vanish=1.05056e-40 seconds=0.00777854
case=14 recovery=1.02022e-32 forward=1.23079e-32 unequal=0 vanish=8.12588e-41 seconds=0.00748138
case=15 recovery=1.69899e-32 forward=1.79774e-32 unequal=0 vanish=0 seconds=0.00673296
case=16 recovery=2.94607e-33 forward=8.80891e-33 unequal=0 vanish=2.87855e-41 seconds=0.00847862
case=17 recovery=1.14585e-32 forward=1.21245e-32 unequal=0 vanish=0 seconds=0.00590142
case=18 recovery=1.50538e-32 forward=1.81609e-32 unequal=0 vanish=0 seconds=0.00781671
case=19 recovery=1.50538e-32 forward=1.81609e-32 unequal=0 vanish=9.38349e-41 seconds=0.00851421
case=20 recovery=3.42211e-33 forward=5.89214e-33 unequal=0 vanish=0 seconds=0.00707975
case=21 recovery=1.14585e-32 forward=1.21245e-32 unequal=0 vanish=8.12588e-41 seconds=0.00735304
case=22 recovery=1.50538e-32 forward=1.81609e-32 unequal=0 vanish=9.38349e-41 seconds=0.0079005
case=23 recovery=1.50538e-32 forward=1.81609e-32 unequal=0 vanish=0 seconds=0.00601029
case=24 recovery=3.25916e-31 forward=6.54027e-31 unequal=0 vanish=0 seconds=0.0116827
case=25 recovery=1.72434e-31 forward=5.12304e-31 unequal=7.68721e-31 vanish=1.12095e-40 seconds=0.0145387
case=26 recovery=3.25916e-31 forward=8.92394e-31 unequal=8.68778e-31 vanish=1.01745e-40 seconds=0.0121775
case=27 recovery=5.59432e-32 forward=1.14081e-31 unequal=0 vanish=0 seconds=0.0193267
case=28 recovery=2.02721e-31 forward=6.02865e-31 unequal=8.68778e-31 vanish=9.90067e-41 seconds=0.0114578
case=29 recovery=9.35588e-32 forward=1.84923e-31 unequal=0 vanish=0 seconds=0.0152673
case=30 recovery=4.40769e-32 forward=9.03488e-32 unequal=0 vanish=0 seconds=0.0156737
case=31 recovery=1.13508e-31 forward=3.42676e-31 unequal=3.10977e-31 vanish=6.88766e-41 seconds=0.0324769
case=32 recovery=3.31814e-33 forward=9.92142e-33 unequal=0 vanish=2.56125e-41 seconds=0.0171016
case=33 recovery=1.14585e-32 forward=1.21245e-32 unequal=0 vanish=0 seconds=0.00931137
case=34 recovery=1.02022e-32 forward=1.23079e-32 unequal=0 vanish=0 seconds=0.00623767
case=35 recovery=1.14585e-32 forward=1.23079e-32 unequal=0 vanish=9.07746e-41 seconds=0.0108025
case=36 recovery=9.27508e-33 forward=9.27508e-33 unequal=0 vanish=0 seconds=0.00710988
case=37 recovery=1.14585e-32 forward=1.21245e-32 unequal=0 vanish=1.18089e-40 seconds=0.00951904
case=38 recovery=1.02022e-32 forward=1.23079e-32 unequal=0 vanish=1.18089e-40 seconds=0.0104407
case=39 recovery=1.14585e-32 forward=1.23079e-32 unequal=0 vanish=0 seconds=0.00787717
case=40 recovery=3.28061e-31 forward=6.58317e-31 unequal=0 vanish=0 seconds=0.00960108
case=41 recovery=1.71675e-31 forward=5.10036e-31 unequal=7.74574e-31 vanish=1.04215e-40 seconds=0.012857
case=42 recovery=3.28061e-31 forward=8.98247e-31 unequal=8.74631e-31 vanish=9.2445e-41 seconds=0.0176027
case=43 recovery=5.82748e-32 forward=1.18745e-31 unequal=0 vanish=0 seconds=0.010691
case=44 recovery=2.023e-31 forward=6.01607e-31 unequal=8.74631e-31 vanish=9.49755e-41 seconds=0.0104782
case=45 recovery=9.16975e-32 forward=1.812e-31 unequal=0 vanish=0 seconds=0.0103623
case=46 recovery=4.64042e-32 forward=9.50034e-32 unequal=0 vanish=0 seconds=0.0101502
case=47 recovery=1.1325e-31 forward=3.41904e-31 unequal=3.1683e-31 vanish=6.88766e-41 seconds=0.0120373
case=48 recovery=3.25916e-31 forward=6.54027e-31 unequal=0 vanish=0 seconds=0.0111701
case=49 recovery=1.71675e-31 forward=5.10036e-31 unequal=7.74574e-31 vanish=1.51769e-40 seconds=0.0118364
case=50 recovery=3.25916e-31 forward=8.92394e-31 unequal=8.74631e-31 vanish=6.88766e-41 seconds=0.0132296
case=51 recovery=5.59432e-32 forward=1.14081e-31 unequal=0 vanish=0 seconds=0.0110402
case=52 recovery=2.023e-31 forward=6.01607e-31 unequal=8.74631e-31 vanish=8.87114e-41 seconds=0.0137485
case=53 recovery=9.35588e-32 forward=1.84923e-31 unequal=0 vanish=0 seconds=0.0135571
case=54 recovery=4.40769e-32 forward=9.03488e-32 unequal=0 vanish=0 seconds=0.0201713
case=55 recovery=1.1325e-31 forward=3.41904e-31 unequal=3.1683e-31 vanish=6.88766e-41 seconds=0.0179295
case=56 recovery=2.74335e-33 forward=8.20276e-33 unequal=0 vanish=1.75985e-41 seconds=0.00840537
case=57 recovery=1.14585e-32 forward=1.21245e-32 unequal=0 vanish=0 seconds=0.00943962
case=58 recovery=1.02022e-32 forward=1.23079e-32 unequal=0 vanish=0 seconds=0.0121323
case=59 recovery=1.14585e-32 forward=1.23079e-32 unequal=0 vanish=3.99629e-41 seconds=0.0154527
case=60 recovery=3.42211e-33 forward=5.46354e-33 unequal=0 vanish=0 seconds=0.0071945
case=61 recovery=1.14585e-32 forward=1.21245e-32 unequal=0 vanish=4.44285e-41 seconds=0.00855821
case=62 recovery=1.02022e-32 forward=1.23079e-32 unequal=0 vanish=4.44285e-41 seconds=0.0165318
case=63 recovery=1.14585e-32 forward=1.23079e-32 unequal=0 vanish=0 seconds=0.00988179
