physical multidegrees=396 total level=5 cases=8
branching vertex=0 f=1 start
branching vertex=0 f=1 done
branching vertex=1 f=1 start
branching vertex=1 f=1 done
branching vertex=0 f=0 start
branching vertex=0 f=0 done
branching vertex=1 f=0 start
branching vertex=1 f=0 done
DV branches=100 CCY transitions=47150
DV branches=200 CCY transitions=123570
DV branches=300 CCY transitions=211322
DV branches=400 CCY transitions=686734
DV branches=500 CCY transitions=1458316
DV branches=600 CCY transitions=2136248
DV branches=700 CCY transitions=2486384
DV branches=800 CCY transitions=4471560
DV branches=900 CCY transitions=10048140
DV branches=1000 CCY transitions=18690880
DV branches=1100 CCY transitions=29229044
DV branches=1200 CCY transitions=36671080
DV branches=1300 CCY transitions=40946592
DV branches=1400 CCY transitions=42028856
DV branches=1500 CCY transitions=42333108
DV branches=1600 CCY transitions=43253096
DV branches=1700 CCY transitions=43895768
DV done 1049.21 seconds
case=0 recovery=4.91175e-25 forward=6.95825e-26 unequal=0 vanish=0 seconds=4.04613
case=1 recovery=1.51123e-21 forward=8.81155e-24 unequal=2.51551e-22 vanish=2.27603e-33 seconds=2.78579
case=2 recovery=6.92803e-22 forward=7.71201e-24 unequal=6.42655e-22 vanish=1.20553e-33 seconds=2.81463
case=3 recovery=2.62868e-19 forward=3.07365e-22 unequal=5.26503e-20 vanish=5.21759e-73 seconds=2.87256
case=4 recovery=5.7186e-18 forward=5.48718e-18 unequal=1.49097e-19 vanish=6.81632e-68 seconds=4.26257
case=5 recovery=4.37115e-22 forward=5.70816e-21 unequal=9.19039e-19 vanish=7.91002e-32 seconds=2.11816
case=6 recovery=1.6059e-22 forward=1.69403e-21 unequal=2.28881e-19 vanish=6.55933e-32 seconds=2.1171
case=7 recovery=1.28515e-22 forward=2.03566e-23 unequal=0 vanish=0 seconds=0.686326
