This is pdfTeX, Version 3.141592653-2.6-1.40.24 (TeX Live 2022) (preloaded format=pdflatex)
 restricted \write18 enabled.
entering extended mode
(./ramond_blocks_current_algorithm.tex
LaTeX2e <2021-11-15> patch level 1
L3 programming layer <2022-02-24>
(/usr/local/texlive/2022/texmf-dist/tex/latex/base/article.cls
Document Class: article 2021/10/04 v1.4n Standard LaTeX document class
(/usr/local/texlive/2022/texmf-dist/tex/latex/base/size11.clo))
(/usr/local/texlive/2022/texmf-dist/tex/latex/base/fontenc.sty)
(/usr/local/texlive/2022/texmf-dist/tex/latex/lm/lmodern.sty)
(/usr/local/texlive/2022/texmf-dist/tex/latex/amsmath/amsmath.sty
For additional information on amsmath, use the `?' option.
(/usr/local/texlive/2022/texmf-dist/tex/latex/amsmath/amstext.sty
(/usr/local/texlive/2022/texmf-dist/tex/latex/amsmath/amsgen.sty))
(/usr/local/texlive/2022/texmf-dist/tex/latex/amsmath/amsbsy.sty)
(/usr/local/texlive/2022/texmf-dist/tex/latex/amsmath/amsopn.sty))
(/usr/local/texlive/2022/texmf-dist/tex/latex/amsfonts/amssymb.sty
(/usr/local/texlive/2022/texmf-dist/tex/latex/amsfonts/amsfonts.sty))
(/usr/local/texlive/2022/texmf-dist/tex/latex/amscls/amsthm.sty)
(/usr/local/texlive/2022/texmf-dist/tex/latex/tools/bm.sty)
(/usr/local/texlive/2022/texmf-dist/tex/latex/geometry/geometry.sty
(/usr/local/texlive/2022/texmf-dist/tex/latex/graphics/keyval.sty)
(/usr/local/texlive/2022/texmf-dist/tex/generic/iftex/ifvtex.sty
(/usr/local/texlive/2022/texmf-dist/tex/generic/iftex/iftex.sty)))
(/usr/local/texlive/2022/texmf-dist/tex/latex/booktabs/booktabs.sty)
(/usr/local/texlive/2022/texmf-dist/tex/latex/tools/longtable.sty)
(/usr/local/texlive/2022/texmf-dist/tex/latex/hyperref/hyperref.sty
(/usr/local/texlive/2022/texmf-dist/tex/generic/ltxcmds/ltxcmds.sty)
(/usr/local/texlive/2022/texmf-dist/tex/generic/pdftexcmds/pdftexcmds.sty
(/usr/local/texlive/2022/texmf-dist/tex/generic/infwarerr/infwarerr.sty))
(/usr/local/texlive/2022/texmf-dist/tex/generic/kvsetkeys/kvsetkeys.sty)
(/usr/local/texlive/2022/texmf-dist/tex/generic/kvdefinekeys/kvdefinekeys.sty)
(/usr/local/texlive/2022/texmf-dist/tex/generic/pdfescape/pdfescape.sty)
(/usr/local/texlive/2022/texmf-dist/tex/latex/hycolor/hycolor.sty)
(/usr/local/texlive/2022/texmf-dist/tex/latex/letltxmacro/letltxmacro.sty)
(/usr/local/texlive/2022/texmf-dist/tex/latex/auxhook/auxhook.sty)
(/usr/local/texlive/2022/texmf-dist/tex/latex/kvoptions/kvoptions.sty)
(/usr/local/texlive/2022/texmf-dist/tex/latex/hyperref/pd1enc.def)
(/usr/local/texlive/2022/texmf-dist/tex/generic/intcalc/intcalc.sty)
(/usr/local/texlive/2022/texmf-dist/tex/generic/etexcmds/etexcmds.sty)
(/usr/local/texlive/2022/texmf-dist/tex/latex/hyperref/puenc.def)
(/usr/local/texlive/2022/texmf-dist/tex/latex/url/url.sty)
(/usr/local/texlive/2022/texmf-dist/tex/generic/bitset/bitset.sty
(/usr/local/texlive/2022/texmf-dist/tex/generic/bigintcalc/bigintcalc.sty))
(/usr/local/texlive/2022/texmf-dist/tex/latex/base/atbegshi-ltx.sty))
(/usr/local/texlive/2022/texmf-dist/tex/latex/hyperref/hpdftex.def
(/usr/local/texlive/2022/texmf-dist/tex/latex/base/atveryend-ltx.sty)
(/usr/local/texlive/2022/texmf-dist/tex/latex/rerunfilecheck/rerunfilecheck.sty

(/usr/local/texlive/2022/texmf-dist/tex/generic/uniquecounter/uniquecounter.sty
))) (/usr/local/texlive/2022/texmf-dist/tex/latex/lm/t1lmr.fd)
(/usr/local/texlive/2022/texmf-dist/tex/latex/l3backend/l3backend-pdftex.def)
(../tmp/pdfs/ramond_notes_cpp_update/ramond_blocks_current_algorithm.aux)
*geometry* driver: auto-detecting
*geometry* detected driver: pdftex
(/usr/local/texlive/2022/texmf-dist/tex/latex/graphics/color.sty
(/usr/local/texlive/2022/texmf-dist/tex/latex/graphics-cfg/color.cfg)
(/usr/local/texlive/2022/texmf-dist/tex/latex/graphics-def/pdftex.def
(/usr/local/texlive/2022/texmf-dist/tex/context/base/mkii/supp-pdf.mkii
[Loading MPS to PDF converter (version 2006.09.02).]
))) (/usr/local/texlive/2022/texmf-dist/tex/latex/hyperref/nameref.sty
(/usr/local/texlive/2022/texmf-dist/tex/latex/refcount/refcount.sty)
(/usr/local/texlive/2022/texmf-dist/tex/generic/gettitlestring/gettitlestring.s
ty)) (../tmp/pdfs/ramond_notes_cpp_update/ramond_blocks_current_algorithm.out)
(../tmp/pdfs/ramond_notes_cpp_update/ramond_blocks_current_algorithm.out)
(/usr/local/texlive/2022/texmf-dist/tex/latex/lm/ot1lmr.fd)
(/usr/local/texlive/2022/texmf-dist/tex/latex/lm/omllmm.fd)
(/usr/local/texlive/2022/texmf-dist/tex/latex/lm/omslmsy.fd)
(/usr/local/texlive/2022/texmf-dist/tex/latex/lm/omxlmex.fd)
(/usr/local/texlive/2022/texmf-dist/tex/latex/amsfonts/umsa.fd)
(/usr/local/texlive/2022/texmf-dist/tex/latex/amsfonts/umsb.fd)
(/usr/local/texlive/2022/texmf-dist/tex/latex/lm/t1lmtt.fd)
(../tmp/pdfs/ramond_notes_cpp_update/ramond_blocks_current_algorithm.toc
[1{/usr/local/texlive/2022/texmf-var/fonts/map/pdftex/updmap/pdftex.map}])
[2] (/usr/local/texlive/2022/texmf-dist/tex/latex/lm/ot1lmss.fd) [3] [4]
[5] [6] [7] [8] [9] [10] [11] [12] [13] [14] [15]
(./ramond_blocks_current_algorithm_per_edge_timings.tex [16]) [17]
(./ramond_blocks_current_algorithm_optimized_pbw_comparison.tex [18])
(./ramond_blocks_current_algorithm_per_edge_pbw.tex [19]) [20] [21]
(../tmp/pdfs/ramond_notes_cpp_update/ramond_blocks_current_algorithm.aux) ){/us
r/local/texlive/2022/texmf-dist/fonts/enc/dvips/lm/lm-mathsy.enc}{/usr/local/te
xlive/2022/texmf-dist/fonts/enc/dvips/lm/lm-rm.enc}{/usr/local/texlive/2022/tex
mf-dist/fonts/enc/dvips/lm/lm-mathit.enc}{/usr/local/texlive/2022/texmf-dist/fo
nts/enc/dvips/lm/lm-mathex.enc}{/usr/local/texlive/2022/texmf-dist/fonts/enc/dv
ips/lm/lm-ec.enc}</usr/local/texlive/2022/texmf-dist/fonts/type1/public/lm/lmbx
10.pfb></usr/local/texlive/2022/texmf-dist/fonts/type1/public/lm/lmbx12.pfb></u
sr/local/texlive/2022/texmf-dist/fonts/type1/public/lm/lmbx8.pfb></usr/local/te
xlive/2022/texmf-dist/fonts/type1/public/lm/lmex10.pfb></usr/local/texlive/2022
/texmf-dist/fonts/type1/public/lm/lmmi10.pfb></usr/local/texlive/2022/texmf-dis
t/fonts/type1/public/lm/lmmi6.pfb></usr/local/texlive/2022/texmf-dist/fonts/typ
e1/public/lm/lmmi8.pfb></usr/local/texlive/2022/texmf-dist/fonts/type1/public/l
m/lmmib10.pfb></usr/local/texlive/2022/texmf-dist/fonts/type1/public/lm/lmr10.p
fb></usr/local/texlive/2022/texmf-dist/fonts/type1/public/lm/lmr12.pfb></usr/lo
cal/texlive/2022/texmf-dist/fonts/type1/public/lm/lmr17.pfb></usr/local/texlive
/2022/texmf-dist/fonts/type1/public/lm/lmr6.pfb></usr/local/texlive/2022/texmf-
dist/fonts/type1/public/lm/lmr8.pfb></usr/local/texlive/2022/texmf-dist/fonts/t
ype1/public/lm/lmri10.pfb></usr/local/texlive/2022/texmf-dist/fonts/type1/publi
c/lm/lmss10.pfb></usr/local/texlive/2022/texmf-dist/fonts/type1/public/lm/lmss8
.pfb></usr/local/texlive/2022/texmf-dist/fonts/type1/public/lm/lmsy10.pfb></usr
/local/texlive/2022/texmf-dist/fonts/type1/public/lm/lmsy6.pfb></usr/local/texl
ive/2022/texmf-dist/fonts/type1/public/lm/lmsy7.pfb></usr/local/texlive/2022/te
xmf-dist/fonts/type1/public/lm/lmsy8.pfb></usr/local/texlive/2022/texmf-dist/fo
nts/type1/public/lm/lmtt10.pfb></usr/local/texlive/2022/texmf-dist/fonts/type1/
public/amsfonts/symbols/msbm10.pfb>
Output written on ../tmp/pdfs/ramond_notes_cpp_update/ramond_blocks_current_alg
orithm.pdf (21 pages, 449575 bytes).
Transcript written on ../tmp/pdfs/ramond_notes_cpp_update/ramond_blocks_current
_algorithm.log.
