mode=dv total level=10 multidegrees=230230 dps=40
NS branch state slot=0 label=-8 start
NS branch state slot=0 label=-8 terms=281 seconds=0.0430885
NS branch state slot=0 label=-8 start
NS branch state slot=0 label=-8 terms=281 seconds=0.0398871
DV branches=100 CCY transitions=0
DV branches=200 CCY transitions=12
DV branches=300 CCY transitions=36
DV branches=400 CCY transitions=420
DV branches=500 CCY transitions=852
DV branches=600 CCY transitions=1044
DV branches=700 CCY transitions=1920
DV branches=800 CCY transitions=3168
DV branches=900 CCY transitions=6168
DV branches=1000 CCY transitions=7704
DV branches=1100 CCY transitions=8088
DV branches=1200 CCY transitions=8424
DV branches=1300 CCY transitions=10584
DV branches=1400 CCY transitions=12012
DV branches=1500 CCY transitions=16968
DV branches=1600 CCY transitions=18192
DV branches=1700 CCY transitions=20556
DV branches=1800 CCY transitions=20940
DV branches=1900 CCY transitions=21252
DV branches=2000 CCY transitions=22860
DV branches=2100 CCY transitions=25476
DV branches=2200 CCY transitions=26844
DV branches=2300 CCY transitions=27948
DV branches=2400 CCY transitions=28152
DV branches=2500 CCY transitions=28536
DV branches=2600 CCY transitions=28968
NS branch state slot=1 label=-8 start
NS branch state slot=1 label=-8 terms=281 seconds=0.0391131
NS branch state slot=0 label=-8 start
NS branch state slot=0 label=-8 terms=281 seconds=0.0391319
DV branches=2700 CCY transitions=29016
DV branches=2800 CCY transitions=29256
DV branches=2900 CCY transitions=29724
DV branches=3000 CCY transitions=29904
DV branches=3100 CCY transitions=30624
DV branches=3200 CCY transitions=34320
DV branches=3300 CCY transitions=36288
DV branches=3400 CCY transitions=43716
DV branches=3500 CCY transitions=45756
DV branches=3600 CCY transitions=50232
DV branches=3700 CCY transitions=51060
DV branches=3800 CCY transitions=51264
DV branches=3900 CCY transitions=52980
DV branches=4000 CCY transitions=56652
DV branches=4100 CCY transitions=66312
DV branches=4200 CCY transitions=88740
DV branches=4300 CCY transitions=92196
DV branches=4400 CCY transitions=128448
DV branches=4500 CCY transitions=144660
DV branches=4600 CCY transitions=154308
DV branches=4700 CCY transitions=176508
DV branches=4800 CCY transitions=179100
DV branches=4900 CCY transitions=183204
DV branches=5000 CCY transitions=183516
NS branch state slot=2 label=-8 start
NS branch state slot=2 label=-8 terms=281 seconds=0.0417827
NS branch state slot=0 label=-8 start
NS branch state slot=0 label=-8 terms=281 seconds=0.041022
DV branches=5100 CCY transitions=184008
DV branches=5200 CCY transitions=190560
DV branches=5300 CCY transitions=194028
DV branches=5400 CCY transitions=230832
DV branches=5500 CCY transitions=247620
NS branch state slot=1 label=-8 start
NS branch state slot=1 label=-8 terms=281 seconds=0.0394217
NS branch state slot=2 label=-8 start
NS branch state slot=2 label=-8 terms=281 seconds=0.0403236
DV branches=5600 CCY transitions=268980
NS branch state slot=1 label=-8 start
NS branch state slot=1 label=-8 terms=281 seconds=0.0420856
NS branch state slot=2 label=-8 start
NS branch state slot=2 label=-8 terms=281 seconds=0.0425685
NS branch state slot=2 label=-8 start
NS branch state slot=2 label=-8 terms=281 seconds=0.0403157
NS branch state slot=1 label=-8 start
NS branch state slot=1 label=-8 terms=281 seconds=0.0407231
NS branch state slot=2 label=8 start
NS branch state slot=2 label=8 terms=281 seconds=0.0412859
NS branch state slot=1 label=8 start
NS branch state slot=1 label=8 terms=281 seconds=0.0401234
NS branch state slot=1 label=8 start
NS branch state slot=1 label=8 terms=281 seconds=0.0417329
NS branch state slot=2 label=8 start
NS branch state slot=2 label=8 terms=281 seconds=0.0410323
DV branches=5700 CCY transitions=333900
NS branch state slot=1 label=8 start
NS branch state slot=1 label=8 terms=281 seconds=0.0419015
NS branch state slot=2 label=8 start
NS branch state slot=2 label=8 terms=281 seconds=0.0409562
DV branches=5800 CCY transitions=339216
DV branches=5900 CCY transitions=371220
DV branches=6000 CCY transitions=393612
DV branches=6100 CCY transitions=396432
DV branches=6200 CCY transitions=402780
NS branch state slot=2 label=8 start
NS branch state slot=2 label=8 terms=281 seconds=0.0401898
NS branch state slot=0 label=8 start
NS branch state slot=0 label=8 terms=281 seconds=0.040031
DV branches=6300 CCY transitions=403212
DV branches=6400 CCY transitions=403644
DV branches=6500 CCY transitions=408600
DV branches=6600 CCY transitions=410520
DV branches=6700 CCY transitions=434688
DV branches=6800 CCY transitions=442152
DV branches=6900 CCY transitions=459228
DV branches=7000 CCY transitions=496020
DV branches=7100 CCY transitions=498288
DV branches=7200 CCY transitions=522576
DV branches=7300 CCY transitions=530064
DV branches=7400 CCY transitions=533856
DV branches=7500 CCY transitions=535536
DV branches=7600 CCY transitions=535812
DV branches=7700 CCY transitions=536820
DV branches=7800 CCY transitions=541524
DV branches=7900 CCY transitions=544200
DV branches=8000 CCY transitions=550740
DV branches=8100 CCY transitions=553992
DV branches=8200 CCY transitions=556140
DV branches=8300 CCY transitions=556800
DV branches=8400 CCY transitions=557040
DV branches=8500 CCY transitions=557448
NS branch state slot=1 label=8 start
NS branch state slot=1 label=8 terms=281 seconds=0.0406904
NS branch state slot=0 label=8 start
NS branch state slot=0 label=8 terms=281 seconds=0.0407417
DV branches=8600 CCY transitions=557688
DV branches=8700 CCY transitions=557748
DV branches=8800 CCY transitions=558360
DV branches=8900 CCY transitions=559728
DV branches=9000 CCY transitions=562860
DV branches=9100 CCY transitions=564228
DV branches=9200 CCY transitions=564828
DV branches=9300 CCY transitions=565116
DV branches=9400 CCY transitions=568224
DV branches=9500 CCY transitions=570516
DV branches=9600 CCY transitions=580836
DV branches=9700 CCY transitions=603252
DV branches=9800 CCY transitions=606180
DV branches=9900 CCY transitions=646380
DV branches=10000 CCY transitions=658512
DV branches=10100 CCY transitions=668712
DV branches=10200 CCY transitions=691248
DV branches=10300 CCY transitions=693336
DV branches=10400 CCY transitions=697080
DV branches=10500 CCY transitions=697320
DV branches=10600 CCY transitions=698880
DV branches=10700 CCY transitions=700884
DV branches=10800 CCY transitions=726156
DV branches=10900 CCY transitions=732540
DV branches=11000 CCY transitions=779148
DV branches=11100 CCY transitions=883068
DV branches=11200 CCY transitions=893472
DV branches=11300 CCY transitions=955416
DV branches=11400 CCY transitions=1087788
DV branches=11500 CCY transitions=1165632
DV branches=11600 CCY transitions=1174764
DV branches=11700 CCY transitions=1280268
DV branches=11800 CCY transitions=1327044
DV branches=11900 CCY transitions=1329276
DV branches=12000 CCY transitions=1353336
DV branches=12100 CCY transitions=1360740
DV branches=12200 CCY transitions=1362360
DV branches=12300 CCY transitions=1363272
DV branches=12400 CCY transitions=1365708
DV branches=12500 CCY transitions=1381944
DV branches=12600 CCY transitions=1418244
DV branches=12700 CCY transitions=1421880
DV branches=12800 CCY transitions=1502916
DV branches=12900 CCY transitions=1678236
DV branches=13000 CCY transitions=1693248
DV branches=13100 CCY transitions=1722924
DV branches=13200 CCY transitions=1993824
DV branches=13300 CCY transitions=2123784
DV branches=13400 CCY transitions=2126988
DV branches=13500 CCY transitions=2208204
DV branches=13600 CCY transitions=2380344
DV branches=13700 CCY transitions=2398920
DV branches=13800 CCY transitions=2415168
DV branches=13900 CCY transitions=2451480
DV branches=14000 CCY transitions=2454600
DV branches=14100 CCY transitions=2457000
DV branches=14200 CCY transitions=2457648
DV branches=14300 CCY transitions=2459172
DV branches=14400 CCY transitions=2481708
DV branches=14500 CCY transitions=2491908
DV branches=14600 CCY transitions=2502048
DV branches=14700 CCY transitions=2606220
DV branches=14800 CCY transitions=2652840
DV branches=14900 CCY transitions=2667912
DV branches=15000 CCY transitions=2828316
DV branches=15100 CCY transitions=2916672
DV branches=15200 CCY transitions=2926548
DV branches=15300 CCY transitions=2976636
DV branches=15400 CCY transitions=3078828
DV branches=15500 CCY transitions=3087564
DV branches=15600 CCY transitions=3109980
DV branches=15700 CCY transitions=3120300
DV branches=15800 CCY transitions=3121656
DV branches=15900 CCY transitions=3122172
DV branches=16000 CCY transitions=3123828
DV branches=16100 CCY transitions=3127620
DV branches=16200 CCY transitions=3136752
DV branches=16300 CCY transitions=3159396
DV branches=16400 CCY transitions=3161676
DV branches=16500 CCY transitions=3198480
DV branches=16600 CCY transitions=3215544
DV branches=16700 CCY transitions=3223380
DV branches=16800 CCY transitions=3247404
DV branches=16900 CCY transitions=3249108
DV branches=17000 CCY transitions=3254064
DV branches=17100 CCY transitions=3254472
DV branches=17200 CCY transitions=3254724
DV branches=17300 CCY transitions=3256332
DV branches=17400 CCY transitions=3257940
DV branches=17500 CCY transitions=3259824
DV branches=17600 CCY transitions=3261432
DV branches=17700 CCY transitions=3261672
DV branches=17800 CCY transitions=3261684
DV branches=17900 CCY transitions=3261924
DV branches=18000 CCY transitions=3263088
DV branches=18100 CCY transitions=3265452
DV branches=18200 CCY transitions=3269244
DV branches=18300 CCY transitions=3271512
DV branches=18400 CCY transitions=3274128
DV branches=18500 CCY transitions=3274536
DV branches=18600 CCY transitions=3274956
DV branches=18700 CCY transitions=3281532
DV branches=18800 CCY transitions=3284748
DV branches=18900 CCY transitions=3321540
DV branches=19000 CCY transitions=3338616
DV branches=19100 CCY transitions=3358584
DV branches=19200 CCY transitions=3424608
DV branches=19300 CCY transitions=3430188
DV branches=19400 CCY transitions=3461652
DV branches=19500 CCY transitions=3484632
DV branches=19600 CCY transitions=3487296
DV branches=19700 CCY transitions=3493800
DV branches=19800 CCY transitions=3494208
DV branches=19900 CCY transitions=3496596
DV branches=20000 CCY transitions=3499164
DV branches=20100 CCY transitions=3535968
DV branches=20200 CCY transitions=3552240
DV branches=20300 CCY transitions=3567288
DV branches=20400 CCY transitions=3742608
DV branches=20500 CCY transitions=3823644
DV branches=20600 CCY transitions=3826560
DV branches=20700 CCY transitions=3957384
DV branches=20800 CCY transitions=4200996
DV branches=20900 CCY transitions=4257912
DV branches=21000 CCY transitions=4272780
DV branches=21100 CCY transitions=4442664
DV branches=21200 CCY transitions=4525752
DV branches=21300 CCY transitions=4532400
DV branches=21400 CCY transitions=4569204
DV branches=21500 CCY transitions=4585464
DV branches=21600 CCY transitions=4587888
DV branches=21700 CCY transitions=4588860
DV branches=21800 CCY transitions=4591392
DV branches=21900 CCY transitions=4594320
DV branches=22000 CCY transitions=4622208
DV branches=22100 CCY transitions=4682364
DV branches=22200 CCY transitions=4687848
DV branches=22300 CCY transitions=4817808
DV branches=22400 CCY transitions=5088684
DV branches=22500 CCY transitions=5118360
DV branches=22600 CCY transitions=5158872
DV branches=22700 CCY transitions=5409480
DV branches=22800 CCY transitions=5762364
DV branches=22900 CCY transitions=5802948
DV branches=23000 CCY transitions=5827284
DV branches=23100 CCY transitions=6102960
DV branches=23200 CCY transitions=6229224
DV branches=23300 CCY transitions=6237048
DV branches=23400 CCY transitions=6298404
DV branches=23500 CCY transitions=6326940
DV branches=23600 CCY transitions=6329340
DV branches=23700 CCY transitions=6332448
DV branches=23800 CCY transitions=6333384
DV branches=23900 CCY transitions=6335808
DV branches=24000 CCY transitions=6352056
DV branches=24100 CCY transitions=6388368
DV branches=24200 CCY transitions=6392112
DV branches=24300 CCY transitions=6473304
DV branches=24400 CCY transitions=6648372
DV branches=24500 CCY transitions=6663348
DV branches=24600 CCY transitions=6694248
DV branches=24700 CCY transitions=6963924
DV branches=24800 CCY transitions=7094436
DV branches=24900 CCY transitions=7097232
DV branches=25000 CCY transitions=7178436
DV branches=25100 CCY transitions=7351668
DV branches=25200 CCY transitions=7369032
DV branches=25300 CCY transitions=7385280
DV branches=25400 CCY transitions=7421976
DV branches=25500 CCY transitions=7424712
DV branches=25600 CCY transitions=7427100
DV branches=25700 CCY transitions=7427508
DV branches=25800 CCY transitions=7433832
DV branches=25900 CCY transitions=7436676
DV branches=26000 CCY transitions=7457964
DV branches=26100 CCY transitions=7490952
DV branches=26200 CCY transitions=7496112
DV branches=26300 CCY transitions=7558464
DV branches=26400 CCY transitions=7582656
DV branches=26500 CCY transitions=7599180
DV branches=26600 CCY transitions=7635984
DV branches=26700 CCY transitions=7639608
DV branches=26800 CCY transitions=7646280
DV branches=26900 CCY transitions=7646772
DV branches=27000 CCY transitions=7647180
DV branches=27100 CCY transitions=7649616
DV branches=27200 CCY transitions=7651692
DV branches=27300 CCY transitions=7655796
DV branches=27400 CCY transitions=7658076
DV branches=27500 CCY transitions=7659336
DV branches=27600 CCY transitions=7659624
DV branches=27700 CCY transitions=7659636
DV branches=27800 CCY transitions=7659876
DV branches=27900 CCY transitions=7661412
DV branches=28000 CCY transitions=7662948
DV branches=28100 CCY transitions=7664964
DV branches=28200 CCY transitions=7666584
DV branches=28300 CCY transitions=7666824
DV branches=28400 CCY transitions=7667232
DV branches=28500 CCY transitions=7672056
DV branches=28600 CCY transitions=7673892
DV branches=28700 CCY transitions=7696428
DV branches=28800 CCY transitions=7705716
DV branches=28900 CCY transitions=7721976
DV branches=29000 CCY transitions=7758780
DV branches=29100 CCY transitions=7761900
DV branches=29200 CCY transitions=7784304
DV branches=29300 CCY transitions=7793688
DV branches=29400 CCY transitions=7797432
DV branches=29500 CCY transitions=7799100
DV branches=29600 CCY transitions=7799568
DV branches=29700 CCY transitions=7800996
DV branches=29800 CCY transitions=7811052
DV branches=29900 CCY transitions=7833588
DV branches=30000 CCY transitions=7842228
DV branches=30100 CCY transitions=7932420
DV branches=30200 CCY transitions=7994508
DV branches=30300 CCY transitions=8000388
DV branches=30400 CCY transitions=8083476
DV branches=30500 CCY transitions=8253372
DV branches=30600 CCY transitions=8268276
DV branches=30700 CCY transitions=8314668
DV branches=30800 CCY transitions=8418564
DV branches=30900 CCY transitions=8429376
DV branches=31000 CCY transitions=8439060
DV branches=31100 CCY transitions=8461596
DV branches=31200 CCY transitions=8463276
DV branches=31300 CCY transitions=8464308
DV branches=31400 CCY transitions=8466696
DV branches=31500 CCY transitions=8469288
DV branches=31600 CCY transitions=8506092
DV branches=31700 CCY transitions=8522352
DV branches=31800 CCY transitions=8537412
DV branches=31900 CCY transitions=8712720
DV branches=32000 CCY transitions=8793756
DV branches=32100 CCY transitions=8796672
DV branches=32200 CCY transitions=8927484
DV branches=32300 CCY transitions=9172320
DV branches=32400 CCY transitions=9228048
DV branches=32500 CCY transitions=9242880
DV branches=32600 CCY transitions=9413052
DV branches=32700 CCY transitions=9495984
DV branches=32800 CCY transitions=9502524
DV branches=32900 CCY transitions=9539316
DV branches=33000 CCY transitions=9555576
DV branches=33100 CCY transitions=9557988
DV branches=33200 CCY transitions=9558948
DV branches=33300 CCY transitions=9560568
DV branches=33400 CCY transitions=9564420
DV branches=33500 CCY transitions=9591624
DV branches=33600 CCY transitions=9594252
DV branches=33700 CCY transitions=9640848
DV branches=33800 CCY transitions=9746520
DV branches=33900 CCY transitions=9755304
DV branches=34000 CCY transitions=9832260
DV branches=34100 CCY transitions=9964644
DV branches=34200 CCY transitions=10027656
DV branches=34300 CCY transitions=10036464
DV branches=34400 CCY transitions=10142088
DV branches=34500 CCY transitions=10188684
DV branches=34600 CCY transitions=10192812
DV branches=34700 CCY transitions=10218648
DV branches=34800 CCY transitions=10222380
DV branches=34900 CCY transitions=10223988
DV branches=35000 CCY transitions=10224228
DV branches=35100 CCY transitions=10227972
DV branches=35200 CCY transitions=10229688
DV branches=35300 CCY transitions=10249152
DV branches=35400 CCY transitions=10262784
DV branches=35500 CCY transitions=10270680
DV branches=35600 CCY transitions=10314696
DV branches=35700 CCY transitions=10317684
DV branches=35800 CCY transitions=10337028
DV branches=35900 CCY transitions=10350792
DV branches=36000 CCY transitions=10352664
DV branches=36100 CCY transitions=10356192
DV branches=36200 CCY transitions=10356456
DV branches=36300 CCY transitions=10357008
DV branches=36400 CCY transitions=10358400
DV branches=36500 CCY transitions=10361544
DV branches=36600 CCY transitions=10362888
DV branches=36700 CCY transitions=10363536
DV branches=36800 CCY transitions=10363620
DV branches=36900 CCY transitions=10363848
DV branches=37000 CCY transitions=10364268
DV branches=37100 CCY transitions=10364508
DV branches=37200 CCY transitions=10365096
DV branches=37300 CCY transitions=10366896
DV branches=37400 CCY transitions=10370568
DV branches=37500 CCY transitions=10377072
DV branches=37600 CCY transitions=10379748
DV branches=37700 CCY transitions=10384332
DV branches=37800 CCY transitions=10385484
DV branches=37900 CCY transitions=10385736
DV branches=38000 CCY transitions=10387080
DV branches=38100 CCY transitions=10391184
DV branches=38200 CCY transitions=10397376
DV branches=38300 CCY transitions=10422648
DV branches=38400 CCY transitions=10424724
DV branches=38500 CCY transitions=10456476
DV branches=38600 CCY transitions=10479144
DV branches=38700 CCY transitions=10483176
DV branches=38800 CCY transitions=10510536
DV branches=38900 CCY transitions=10512708
DV branches=39000 CCY transitions=10517292
DV branches=39100 CCY transitions=10518072
DV branches=39200 CCY transitions=10518528
DV branches=39300 CCY transitions=10524000
DV branches=39400 CCY transitions=10527672
DV branches=39500 CCY transitions=10544748
DV branches=39600 CCY transitions=10581552
DV branches=39700 CCY transitions=10586556
DV branches=39800 CCY transitions=10648092
DV branches=39900 CCY transitions=10673640
DV branches=40000 CCY transitions=10689900
DV branches=40100 CCY transitions=10726704
DV branches=40200 CCY transitions=10730208
DV branches=40300 CCY transitions=10737120
DV branches=40400 CCY transitions=10737792
DV branches=40500 CCY transitions=10738044
DV branches=40600 CCY transitions=10741836
DV branches=40700 CCY transitions=10744428
DV branches=40800 CCY transitions=10766964
DV branches=40900 CCY transitions=10776636
DV branches=41000 CCY transitions=10792296
DV branches=41100 CCY transitions=10829112
DV branches=41200 CCY transitions=10832412
DV branches=41300 CCY transitions=10854948
DV branches=41400 CCY transitions=10864632
DV branches=41500 CCY transitions=10867764
DV branches=41600 CCY transitions=10870020
DV branches=41700 CCY transitions=10870248
DV branches=41800 CCY transitions=10871004
DV branches=41900 CCY transitions=10875132
DV branches=42000 CCY transitions=10877268
DV branches=42100 CCY transitions=10884984
DV branches=42200 CCY transitions=10886940
DV branches=42300 CCY transitions=10890684
DV branches=42400 CCY transitions=10891404
DV branches=42500 CCY transitions=10891584
DV branches=42600 CCY transitions=10892052
DV branches=42700 CCY transitions=10892292
DV branches=42800 CCY transitions=10892316
DV branches=42900 CCY transitions=10892700
DV branches=43000 CCY transitions=10893132
DV branches=43100 CCY transitions=10893324
DV branches=43200 CCY transitions=10894200
DV branches=43300 CCY transitions=10895448
DV branches=43400 CCY transitions=10898448
DV branches=43500 CCY transitions=10899984
DV branches=43600 CCY transitions=10900368
DV branches=43700 CCY transitions=10900704
DV branches=43800 CCY transitions=10902864
DV branches=43900 CCY transitions=10904292
DV branches=44000 CCY transitions=10909248
DV branches=44100 CCY transitions=10910472
DV branches=44200 CCY transitions=10912836
DV branches=44300 CCY transitions=10913220
DV branches=44400 CCY transitions=10913532
DV branches=44500 CCY transitions=10915140
DV branches=44600 CCY transitions=10917756
DV branches=44700 CCY transitions=10919124
DV branches=44800 CCY transitions=10920228
DV branches=44900 CCY transitions=10920432
DV branches=45000 CCY transitions=10920816
DV branches=45100 CCY transitions=10921248
NS branch state slot=0 label=8 start
NS branch state slot=0 label=8 terms=281 seconds=0.0416189
NS branch state slot=0 label=8 start
NS branch state slot=0 label=8 terms=281 seconds=0.041138
DV branches=45200 CCY transitions=10921296
DV branches=45300 CCY transitions=10921308
DV branches=45400 CCY transitions=10921308
double Virasoro enlarged blocks complete: 681.135 s
auxiliary complete: 0.183312 s, 1883 nonconstant coefficients
recovered 20000/230230
recovered 40000/230230
recovered 60000/230230
recovered 80000/230230
recovered 100000/230230
recovered 120000/230230
recovered 140000/230230
recovered 160000/230230
recovered 180000/230230
recovered 200000/230230
recovered 220000/230230
dv complete in 683.335 s
