Type-0B torus modular cluster reduction
  atomic jobs=160
  shards=16
  study=scan_quadrature_64
    radial_x020_y045: lifts=(1, -1), level-12 residual=1.982584e-07
    radial_x020_y055: lifts=(1, -1), level-12 residual=3.002974e-09
    radial_x020_y065: lifts=(1, 1), level-12 residual=4.654943e-11
    radial_x020_y075: lifts=(1, 1), level-12 residual=7.365220e-13
    radial_x020_y085: lifts=(1, 1), level-12 residual=1.187939e-14
    radial_x020_y095: lifts=(1, 1), level-12 residual=3.358822e-53
    radial_x020_y105: lifts=(1, 1), level-12 residual=7.771561e-16
    radial_x020_y120: lifts=(1, 1), level-12 residual=1.292300e-13
    radial_x020_y140: lifts=(1, 1), level-12 residual=9.549250e-12
    lift_x045_y055: lifts=(1, -1), level-12 residual=6.894205e-09
    lift_x045_y065: lifts=(1, -1), level-12 residual=1.132843e-10
    lift_x045_y075: lifts=(1, -1), level-12 residual=1.869171e-12
    lift_x045_y080: lifts=(1, -1), level-12 residual=2.411404e-13
    lift_x045_y082: lifts=(1, -1), level-12 residual=1.061373e-13
    lift_x045_y084: lifts=(1, 1), level-12 residual=4.640732e-14
    lift_x045_y086: lifts=(1, 1), level-12 residual=1.842970e-14
    lift_x045_y090: lifts=(1, 1), level-12 residual=1.998401e-15
    lift_x045_y100: lifts=(1, 1), level-12 residual=6.861178e-14
    lift_x045_y120: lifts=(1, 1), level-12 residual=1.138645e-12
  study=production
    radial_x020_y045: lifts=(1, -1), level-12 residual=1.982584e-07
    radial_x020_y055: lifts=(1, -1), level-12 residual=3.002975e-09
    radial_x020_y065: lifts=(1, 1), level-12 residual=4.655032e-11
    radial_x020_y075: lifts=(1, 1), level-12 residual=7.367440e-13
    radial_x020_y085: lifts=(1, 1), level-12 residual=1.243450e-14
    radial_x020_y095: lifts=(1, 1), level-12 residual=1.110223e-16
    radial_x020_y105: lifts=(1, 1), level-12 residual=6.661338e-16
    radial_x020_y120: lifts=(1, 1), level-12 residual=1.290079e-13
    radial_x020_y140: lifts=(1, 1), level-12 residual=9.549916e-12
    lift_x045_y055: lifts=(1, -1), level-12 residual=6.894205e-09
    lift_x045_y065: lifts=(1, -1), level-12 residual=1.132840e-10
    lift_x045_y075: lifts=(1, -1), level-12 residual=1.869171e-12
    lift_x045_y080: lifts=(1, -1), level-12 residual=2.409184e-13
    lift_x045_y082: lifts=(1, -1), level-12 residual=1.061373e-13
    lift_x045_y084: lifts=(1, 1), level-12 residual=4.618528e-14
    lift_x045_y086: lifts=(1, 1), level-12 residual=1.865175e-14
    lift_x045_y090: lifts=(1, 1), level-12 residual=1.998401e-15
    lift_x045_y100: lifts=(1, 1), level-12 residual=6.816769e-14
    lift_x045_y120: lifts=(1, 1), level-12 residual=1.138090e-12
  comparison=scan_quadrature_64_to_96: maximum relative change=3.193552e-15
  [PASS] q-scan spectral quadrature convergence: 3.193552e-15 <= 5.000000e-11
  [PASS] q-scan finite-part two-radius stability diagnostic: 1.059880e-13 <= 5.000000e-12
  accuracy targets=PASS
