DV branches=100 CCY transitions=0
DV branches=200 CCY transitions=12
DV branches=300 CCY transitions=192
DV branches=400 CCY transitions=660
DV branches=500 CCY transitions=900
DV branches=600 CCY transitions=1200
DV branches=700 CCY transitions=1932
DV branches=800 CCY transitions=2448
DV branches=900 CCY transitions=2532
DV branches=1000 CCY transitions=2988
DV branches=1100 CCY transitions=3348
DV branches=1200 CCY transitions=3360
DV branches=1300 CCY transitions=3372
DV branches=1400 CCY transitions=3732
DV branches=1500 CCY transitions=4188
DV branches=1600 CCY transitions=4344
DV branches=1700 CCY transitions=5136
DV branches=1800 CCY transitions=6480
DV branches=1900 CCY transitions=9480
DV branches=2000 CCY transitions=10896
DV branches=2100 CCY transitions=11424
DV branches=2200 CCY transitions=11760
DV branches=2300 CCY transitions=13800
DV branches=2400 CCY transitions=15360
DV branches=2500 CCY transitions=20184
DV branches=2600 CCY transitions=21492
DV branches=2700 CCY transitions=23880
DV branches=2800 CCY transitions=24288
DV branches=2900 CCY transitions=24588
DV branches=3000 CCY transitions=26208
DV branches=3100 CCY transitions=28788
DV branches=3200 CCY transitions=30024
DV branches=3300 CCY transitions=31296
DV branches=3400 CCY transitions=31488
DV branches=3500 CCY transitions=31848
DV branches=3600 CCY transitions=32304
DV branches=3700 CCY transitions=32364
DV branches=3800 CCY transitions=32400
DV branches=3900 CCY transitions=32964
DV branches=4000 CCY transitions=33720
DV branches=4100 CCY transitions=33924
DV branches=4200 CCY transitions=34452
DV branches=4300 CCY transitions=37584
DV branches=4400 CCY transitions=39888
DV branches=4500 CCY transitions=43020
DV branches=4600 CCY transitions=46020
DV branches=4700 CCY transitions=46728
DV branches=4800 CCY transitions=46956
DV branches=4900 CCY transitions=47964
DV branches=5000 CCY transitions=52668
DV branches=5100 CCY transitions=55344
DV branches=5200 CCY transitions=61884
DV branches=5300 CCY transitions=65136
DV branches=5400 CCY transitions=67284
DV branches=5500 CCY transitions=67944
DV branches=5600 CCY transitions=68352
DV branches=5700 CCY transitions=70932
DV branches=5800 CCY transitions=72876
DV branches=5900 CCY transitions=76992
DV branches=6000 CCY transitions=79380
DV branches=6100 CCY transitions=80544
DV branches=6200 CCY transitions=80808
DV branches=6300 CCY transitions=81276
DV branches=6400 CCY transitions=82056
DV branches=6500 CCY transitions=82356
DV branches=6600 CCY transitions=82356
DV branches=6700 CCY transitions=82596
DV branches=6800 CCY transitions=83064
DV branches=6900 CCY transitions=83244
DV branches=7000 CCY transitions=83628
DV branches=7100 CCY transitions=85164
DV branches=7200 CCY transitions=88164
DV branches=7300 CCY transitions=89412
DV branches=7400 CCY transitions=90288
DV branches=7500 CCY transitions=90552
DV branches=7600 CCY transitions=91776
DV branches=7700 CCY transitions=94188
DV branches=7800 CCY transitions=97932
DV branches=7900 CCY transitions=99696
DV branches=8000 CCY transitions=102840
DV branches=8100 CCY transitions=103284
DV branches=8200 CCY transitions=103524
DV branches=8300 CCY transitions=105132
DV branches=8400 CCY transitions=107136
DV branches=8500 CCY transitions=108624
DV branches=8600 CCY transitions=110232
DV branches=8700 CCY transitions=110472
DV branches=8800 CCY transitions=110712
DV branches=8900 CCY transitions=111180
DV branches=9000 CCY transitions=111360
DV branches=9100 CCY transitions=111372
DV branches=9200 CCY transitions=111612
DV branches=9300 CCY transitions=112020
DV branches=9400 CCY transitions=112260
DV branches=9500 CCY transitions=112680
DV branches=9600 CCY transitions=113400
DV branches=9700 CCY transitions=113808
DV branches=9800 CCY transitions=114000
DV branches=9900 CCY transitions=114468
DV branches=10000 CCY transitions=114708
DV branches=10100 CCY transitions=114720
DV branches=10200 CCY transitions=114720
double Virasoro complete: 10.1845 s
fermion complete: 0.0137529 s, 161 nonzero multidegrees
NS recursion 2000/18564 coefficients
NS recursion 4000/18564 coefficients
NS recursion 6000/18564 coefficients
NS recursion 8000/18564 coefficients
NS recursion 10000/18564 coefficients
NS recursion 12000/18564 coefficients
NS recursion 14000/18564 coefficients
NS recursion 16000/18564 coefficients
NS recursion 18000/18564 coefficients
case 0 error=0.371266 absolute=0.371266
case 1 error=1.25005 absolute=1.25005
case 2 error=1.86426 absolute=7.52538
case 3 error=1.86114 absolute=7.96004
case 4 error=1.18445 absolute=1.18445
case 5 error=1.74989 absolute=10.2715
case 6 error=1.96939 absolute=8.46437
case 7 error=1.98323 absolute=3.2925
