Type-0B torus modular cluster reduction
  config_sha256=379b4ffcd85283598186e8f7af3b7e6402ea9427172a01dcca99a6a9a540ea47
  implementation_sha256=ded96544c4944a2bd183521659b29d83ce2647bb18610263dd2bb34849c89fe1
  atomic jobs=160
  shards=16
  study=quadrature_64
    y045: NS_tilde->R, lifts=(1, -1), level-12 residual=9.000989e-08
    y050: NS_tilde->R, lifts=(1, -1), level-12 residual=1.221240e-08
    y055: NS_tilde->R, lifts=(1, -1), level-12 residual=1.650102e-09
    y060: NS_tilde->R, lifts=(1, -1), level-12 residual=2.219627e-10
    y065: NS_tilde->R, lifts=(1, -1), level-12 residual=2.972622e-11
    y070: NS_tilde->R, lifts=(1, -1), level-12 residual=3.964828e-12
    y075: NS_tilde->R, lifts=(1, -1), level-12 residual=5.271339e-13
    y080: NS_tilde->R, lifts=(1, -1), level-12 residual=7.016610e-14
    y085: NS_tilde->R, lifts=(1, -1), level-12 residual=9.769963e-15
    y090: NS_tilde->R, lifts=(1, -1), level-12 residual=1.998401e-15
    y095: NS_tilde->R, lifts=(1, -1), level-12 residual=6.661338e-16
    y100: NS_tilde->R, lifts=(1, -1), level-12 residual=8.881784e-16
    y105: NS_tilde->R, lifts=(1, -1), level-12 residual=8.881784e-16
    y110: NS_tilde->R, lifts=(1, -1), level-12 residual=9.461842e-52
    y115: NS_tilde->R, lifts=(1, -1), level-12 residual=5.440093e-15
    y120: NS_tilde->R, lifts=(1, -1), level-12 residual=2.542411e-14
    y125: NS_tilde->R, lifts=(1, -1), level-12 residual=7.538414e-14
    y130: NS_tilde->R, lifts=(1, -1), level-12 residual=1.383338e-13
    y135: NS_tilde->R, lifts=(1, -1), level-12 residual=1.176836e-14
    y140: NS_tilde->R, lifts=(1, -1), level-12 residual=1.142642e-12
  study=production
    y045: NS_tilde->R, lifts=(1, -1), level-12 residual=9.000990e-08
    y050: NS_tilde->R, lifts=(1, -1), level-12 residual=1.221241e-08
    y055: NS_tilde->R, lifts=(1, -1), level-12 residual=1.650112e-09
    y060: NS_tilde->R, lifts=(1, -1), level-12 residual=2.219711e-10
    y065: NS_tilde->R, lifts=(1, -1), level-12 residual=2.973466e-11
    y070: NS_tilde->R, lifts=(1, -1), level-12 residual=3.972822e-12
    y075: NS_tilde->R, lifts=(1, -1), level-12 residual=5.346834e-13
    y080: NS_tilde->R, lifts=(1, -1), level-12 residual=7.771561e-14
    y085: NS_tilde->R, lifts=(1, -1), level-12 residual=1.709743e-14
    y090: NS_tilde->R, lifts=(1, -1), level-12 residual=8.881784e-15
    y095: NS_tilde->R, lifts=(1, -1), level-12 residual=7.327472e-15
    y100: NS_tilde->R, lifts=(1, -1), level-12 residual=7.549517e-15
    y105: NS_tilde->R, lifts=(1, -1), level-12 residual=7.327472e-15
    y110: NS_tilde->R, lifts=(1, -1), level-12 residual=6.439294e-15
    y115: NS_tilde->R, lifts=(1, -1), level-12 residual=6.661338e-16
    y120: NS_tilde->R, lifts=(1, -1), level-12 residual=1.931788e-14
    y125: NS_tilde->R, lifts=(1, -1), level-12 residual=6.938894e-14
    y130: NS_tilde->R, lifts=(1, -1), level-12 residual=1.322276e-13
    y135: NS_tilde->R, lifts=(1, -1), level-12 residual=5.773160e-15
    y140: NS_tilde->R, lifts=(1, -1), level-12 residual=1.148637e-12
  comparison=scan_quadrature_64_to_96: maximum relative change=8.929591e-15
  [PASS] spin-scan central order-12 residual: 8.881784e-15 <= 5.000000e-12
  [PASS] spin-scan spectral quadrature convergence: 8.929591e-15 <= 5.000000e-11
  [PASS] spin-scan finite-part two-radius stability: 4.892971e-13 <= 5.000000e-12
  accuracy targets=PASS
