Type-0B torus modular cluster reduction
  atomic jobs=352
  shards=16
  study=quadrature_64
    bry_anchor: lifts=(1, 1), level-12 residual=1.776357e-15
    nonprincipal_spin_lift: lifts=(1, -1), level-12 residual=1.132847e-10
  study=quadrature_96
    bry_anchor: lifts=(1, 1), level-12 residual=1.443290e-15
    nonprincipal_spin_lift: lifts=(1, -1), level-12 residual=1.132845e-10
  study=tail_5p5
    bry_anchor: lifts=(1, 1), level-12 residual=1.443290e-15
    nonprincipal_spin_lift: lifts=(1, -1), level-12 residual=1.132840e-10
  study=production
    bry_anchor: lifts=(1, 1), level-12 residual=1.443290e-15
    nonprincipal_spin_lift: lifts=(1, -1), level-12 residual=1.132840e-10
  comparison=quadrature_64_to_96: maximum relative change=1.397349e-15
  comparison=momentum_tail_4p5_to_5p5: maximum relative change=1.311444e-15
  comparison=finite_part_samples_32_to_40: maximum relative change=6.565109e-68
  [PASS] principal-frame order-12 modular residual: 1.443290e-15 <= 5.000000e-12
  [PASS] nonprincipal-lift order-12 modular residual: 1.132840e-10 <= 2.000000e-10
  [PASS] spectral quadrature convergence: 1.397349e-15 <= 5.000000e-12
  [PASS] momentum-tail convergence: 1.311444e-15 <= 5.000000e-12
  [PASS] finite-part sample convergence: 6.565109e-68 <= 5.000000e-12
  [PASS] finite-part two-radius stability diagnostic: 1.059880e-13 <= 5.000000e-12
  accuracy targets=PASS
