{"stage": "outer branching", "status": "starting", "level": 10}
{"stage": "outer branching", "status": "complete", "seconds": 10.34340529200199}
{"stage": "middle branching", "seconds": 1.0800516249983048, "coefficients_stored": 36, "outer_actions_reused": true}
{"stage": "numerator", "branches": 1, "labels": ["-2", "-5/4", "-3/4", "-1/4"], "seconds": 12.510449500001414}
{"stage": "numerator", "branches": 20, "labels": ["-2", "1/4", "-1/4", "3/4"], "seconds": 12.516846250000526}
{"stage": "numerator", "branches": 40, "labels": ["-3/2", "-5/4", "-7/4", "3/4"], "seconds": 12.522070458002418}
{"stage": "numerator", "branches": 60, "labels": ["-3/2", "-1/4", "-3/4", "-3/4"], "seconds": 12.596776750000572}
{"stage": "numerator", "branches": 80, "labels": ["-3/2", "1/4", "3/4", "1/4"], "seconds": 12.725125458000548}
{"stage": "numerator", "branches": 100, "labels": ["-3/2", "5/4", "3/4", "5/4"], "seconds": 12.747090500000922}
{"stage": "numerator", "branches": 120, "labels": ["-1", "-5/4", "-7/4", "-3/4"], "seconds": 12.76092675000109}
{"stage": "numerator", "branches": 140, "labels": ["-1", "-3/4", "-5/4", "7/4"], "seconds": 12.888806083003146}
{"stage": "numerator", "branches": 160, "labels": ["-1", "-1/4", "1/4", "-1/4"], "seconds": 13.720956625002145}
{"stage": "numerator", "branches": 180, "labels": ["-1", "1/4", "3/4", "7/4"], "seconds": 14.52163579199987}
{"stage": "numerator", "branches": 200, "labels": ["-1", "5/4", "3/4", "-1/4"], "seconds": 14.646943250001641}
{"stage": "numerator", "branches": 220, "labels": ["-1", "9/4", "7/4", "1/4"], "seconds": 14.66064095800175}
{"stage": "numerator", "branches": 240, "labels": ["-1/2", "-5/4", "-7/4", "5/4"], "seconds": 14.712901000002603}
{"stage": "numerator", "branches": 260, "labels": ["-1/2", "-3/4", "-1/4", "-1/4"], "seconds": 16.064229208001052}
{"stage": "numerator", "branches": 280, "labels": ["-1/2", "-1/4", "1/4", "7/4"], "seconds": 19.47893083300005}
{"stage": "numerator", "branches": 300, "labels": ["-1/2", "3/4", "1/4", "-1/4"], "seconds": 21.13114854200103}
{"stage": "numerator", "branches": 320, "labels": ["-1/2", "5/4", "3/4", "7/4"], "seconds": 21.5755667500016}
{"stage": "numerator", "branches": 340, "labels": ["-1/2", "9/4", "7/4", "3/4"], "seconds": 21.626343083000393}
{"stage": "numerator", "branches": 360, "labels": ["0", "-5/4", "-7/4", "5/4"], "seconds": 21.70426929200039}
{"stage": "numerator", "branches": 380, "labels": ["0", "-3/4", "-1/4", "-1/4"], "seconds": 23.608555625000008}
{"stage": "numerator", "branches": 400, "labels": ["0", "-1/4", "1/4", "5/4"], "seconds": 28.802657958000054}
{"stage": "numerator", "branches": 420, "labels": ["0", "3/4", "1/4", "-7/4"], "seconds": 30.457721458002197}
{"stage": "numerator", "branches": 440, "labels": ["0", "5/4", "3/4", "3/4"], "seconds": 32.04379470800268}
{"stage": "numerator", "branches": 460, "labels": ["0", "9/4", "7/4", "-1/4"], "seconds": 32.12403487499978}
{"stage": "numerator", "branches": 480, "labels": ["1/2", "-5/4", "-7/4", "1/4"], "seconds": 32.17689262500062}
{"stage": "numerator", "branches": 500, "labels": ["1/2", "-3/4", "-1/4", "-5/4"], "seconds": 32.67669812500026}
{"stage": "numerator", "branches": 520, "labels": ["1/2", "-1/4", "1/4", "3/4"], "seconds": 36.860429333002685}
{"stage": "numerator", "branches": 540, "labels": ["1/2", "3/4", "1/4", "-5/4"], "seconds": 38.643202250001195}
{"stage": "numerator", "branches": 560, "labels": ["1/2", "5/4", "3/4", "3/4"], "seconds": 39.115122333001636}
{"stage": "numerator", "branches": 580, "labels": ["1/2", "9/4", "7/4", "-1/4"], "seconds": 39.167799750000995}
{"stage": "numerator", "branches": 600, "labels": ["1", "-5/4", "-3/4", "-5/4"], "seconds": 39.18352445799974}
{"stage": "numerator", "branches": 620, "labels": ["1", "-3/4", "-1/4", "3/4"], "seconds": 39.731959917000495}
{"stage": "numerator", "branches": 640, "labels": ["1", "1/4", "-1/4", "-5/4"], "seconds": 40.45807445800165}
{"stage": "numerator", "branches": 660, "labels": ["1", "3/4", "1/4", "3/4"], "seconds": 40.94924133300083}
{"stage": "numerator", "branches": 680, "labels": ["1", "5/4", "7/4", "-3/4"], "seconds": 41.07703437500095}
{"stage": "numerator", "branches": 700, "labels": ["3/2", "-5/4", "-7/4", "-1/4"], "seconds": 41.08978045800177}
{"stage": "numerator", "branches": 720, "labels": ["3/2", "-3/4", "-1/4", "5/4"], "seconds": 41.15089337500103}
{"stage": "numerator", "branches": 740, "labels": ["3/2", "1/4", "3/4", "-3/4"], "seconds": 41.236587292001786}
{"stage": "numerator", "branches": 760, "labels": ["3/2", "5/4", "3/4", "1/4"], "seconds": 41.291158333002386}
{"stage": "numerator", "branches": 780, "labels": ["2", "-1/4", "-3/4", "-1/4"], "seconds": 41.29570725000303}
{"stage": "numerator", "branches": 800, "labels": ["2", "3/4", "5/4", "1/4"], "seconds": 41.30105312500018}
{"stage": "direct sewing", "ns_twice_level": 0, "r3_level": 0, "elapsed_seconds": 0.013372249999520136, "ward_cache_entries": 258, "contractions": 862}
{"stage": "physical block computed", "seconds": 42.54458437499852}
{"status": "completed", "returncode": 0, "command": ["/private/tmp/theta_fermion_ccy_env/bin/python", "/Users/yuchenwang/Desktop/Type0B-Matrix/Code/theta_fermion_ccy/pipeline.py", "--level", "10", "--machine", "--auxiliary", "direct", "--sector-policy", "record", "--json", "Code/theta_fermion_ccy/results/ccy_compiled_machine_level10.json"], "process_wall_seconds": 43.11099166700296, "scope": "From child-process launch through exit, including imports and all result writes"}
