{"stage": "outer branching", "status": "starting", "level": 10}
{"stage": "outer branching", "status": "complete", "seconds": 10.459636874998978}
{"stage": "middle branching", "seconds": 1.0260479999997187, "coefficients_stored": 36, "outer_actions_reused": true}
{"stage": "numerator", "branches": 1, "labels": ["-2", "-3/4", "-1/4", "-3/4"], "seconds": 11.494751709000411}
{"stage": "numerator", "branches": 20, "labels": ["-2", "1/4", "3/4", "3/4"], "seconds": 11.499075209001603}
{"stage": "numerator", "branches": 40, "labels": ["-3/2", "-1/4", "-3/4", "-3/4"], "seconds": 11.515701416999946}
{"stage": "numerator", "branches": 60, "labels": ["-3/2", "1/4", "3/4", "1/4"], "seconds": 11.545177084000898}
{"stage": "numerator", "branches": 80, "labels": ["-1", "-7/4", "-5/4", "3/4"], "seconds": 11.555144250000012}
{"stage": "numerator", "branches": 100, "labels": ["-1", "-3/4", "-1/4", "-1/4"], "seconds": 11.654345375001867}
{"stage": "numerator", "branches": 120, "labels": ["-1", "-1/4", "1/4", "7/4"], "seconds": 11.882488916999137}
{"stage": "numerator", "branches": 140, "labels": ["-1", "3/4", "1/4", "-1/4"], "seconds": 11.994352334000723}
{"stage": "numerator", "branches": 160, "labels": ["-1", "5/4", "7/4", "3/4"], "seconds": 12.034247833998961}
{"stage": "numerator", "branches": 180, "labels": ["-1/2", "-5/4", "-3/4", "-1/4"], "seconds": 12.081187042000238}
{"stage": "numerator", "branches": 200, "labels": ["-1/2", "-3/4", "-1/4", "7/4"], "seconds": 12.337790500001574}
{"stage": "numerator", "branches": 220, "labels": ["-1/2", "1/4", "-1/4", "-1/4"], "seconds": 12.66319783400104}
{"stage": "numerator", "branches": 240, "labels": ["-1/2", "3/4", "1/4", "7/4"], "seconds": 12.895895375000691}
{"stage": "numerator", "branches": 260, "labels": ["-1/2", "5/4", "7/4", "1/4"], "seconds": 12.982904500000586}
{"stage": "numerator", "branches": 280, "labels": ["0", "-5/4", "-7/4", "-3/4"], "seconds": 13.007782249998854}
{"stage": "numerator", "branches": 300, "labels": ["0", "-3/4", "-5/4", "7/4"], "seconds": 13.155320042002131}
{"stage": "numerator", "branches": 320, "labels": ["0", "-1/4", "1/4", "-3/4"], "seconds": 13.699715041999298}
{"stage": "numerator", "branches": 340, "labels": ["0", "1/4", "3/4", "1/4"], "seconds": 14.401784624998982}
{"stage": "numerator", "branches": 360, "labels": ["0", "5/4", "3/4", "-7/4"], "seconds": 14.785631375001685}
{"stage": "numerator", "branches": 380, "labels": ["0", "7/4", "9/4", "1/4"], "seconds": 14.81004304200178}
{"stage": "numerator", "branches": 400, "labels": ["1/2", "-5/4", "-3/4", "3/4"], "seconds": 14.891483167000843}
{"stage": "numerator", "branches": 420, "labels": ["1/2", "-1/4", "-3/4", "-5/4"], "seconds": 15.14429704199938}
{"stage": "numerator", "branches": 440, "labels": ["1/2", "1/4", "-1/4", "3/4"], "seconds": 15.468452208999224}
{"stage": "numerator", "branches": 460, "labels": ["1/2", "3/4", "5/4", "-5/4"], "seconds": 15.7363390419996}
{"stage": "numerator", "branches": 480, "labels": ["1/2", "5/4", "7/4", "5/4"], "seconds": 15.82153237500097}
{"stage": "numerator", "branches": 500, "labels": ["1", "-5/4", "-3/4", "5/4"], "seconds": 15.8638721669995}
{"stage": "numerator", "branches": 520, "labels": ["1", "-1/4", "-3/4", "3/4"], "seconds": 15.994105500001751}
{"stage": "numerator", "branches": 540, "labels": ["1", "1/4", "3/4", "-5/4"], "seconds": 16.158625874999416}
{"stage": "numerator", "branches": 560, "labels": ["1", "3/4", "5/4", "5/4"], "seconds": 16.303108667001652}
{"stage": "numerator", "branches": 580, "labels": ["3/2", "-3/4", "-5/4", "-1/4"], "seconds": 16.311557584002003}
{"stage": "numerator", "branches": 600, "labels": ["3/2", "-1/4", "1/4", "5/4"], "seconds": 16.34178187499856}
{"stage": "numerator", "branches": 620, "labels": ["3/2", "3/4", "5/4", "-1/4"], "seconds": 16.35598150000078}
{"stage": "numerator", "branches": 640, "labels": ["2", "1/4", "-1/4", "-1/4"], "seconds": 16.361816459000693}
{"stage": "direct sewing", "ns_twice_level": 0, "r3_level": 0, "elapsed_seconds": 0.0024875419985619374, "ward_cache_entries": 86, "contractions": 86}
{"stage": "physical block computed", "seconds": 16.586039290999906}
{"status": "completed", "returncode": 0, "command": ["/private/tmp/theta_fermion_ccy_env/bin/python", "/Users/yuchenwang/Desktop/Type0B-Matrix/Code/theta_fermion_ccy/pipeline.py", "--level", "10", "--machine", "--auxiliary", "direct", "--sector-policy", "record", "--json", "Code/theta_fermion_ccy/results/ccy_forward_diagonal_machine_level10.json"], "process_wall_seconds": 16.91478066700074, "scope": "From child-process launch through exit, including imports and all result writes"}
