{"stage": "outer branching", "status": "starting", "level": 10}
{"stage": "outer branching", "status": "complete", "seconds": 10.338900750000903}
{"stage": "middle branching", "seconds": 1.0214604579996376, "coefficients_stored": 36, "outer_actions_reused": true}
{"stage": "numerator", "branches": 1, "labels": ["-2", "-5/4", "-3/4", "-1/4"], "seconds": 11.369019958001445}
{"stage": "numerator", "branches": 20, "labels": ["-2", "1/4", "-1/4", "3/4"], "seconds": 11.374423166998895}
{"stage": "numerator", "branches": 40, "labels": ["-3/2", "-5/4", "-7/4", "3/4"], "seconds": 11.378772708001634}
{"stage": "numerator", "branches": 60, "labels": ["-3/2", "-1/4", "-3/4", "-3/4"], "seconds": 11.446469082999101}
{"stage": "numerator", "branches": 80, "labels": ["-3/2", "1/4", "3/4", "1/4"], "seconds": 11.583476416999474}
{"stage": "numerator", "branches": 100, "labels": ["-3/2", "5/4", "3/4", "5/4"], "seconds": 11.604810875000112}
{"stage": "numerator", "branches": 120, "labels": ["-1", "-5/4", "-7/4", "-3/4"], "seconds": 11.619005291999201}
{"stage": "numerator", "branches": 140, "labels": ["-1", "-3/4", "-5/4", "7/4"], "seconds": 11.774213042001065}
{"stage": "numerator", "branches": 160, "labels": ["-1", "-1/4", "1/4", "-1/4"], "seconds": 13.04460966699844}
{"stage": "numerator", "branches": 180, "labels": ["-1", "1/4", "3/4", "7/4"], "seconds": 14.360060333001456}
{"stage": "numerator", "branches": 200, "labels": ["-1", "5/4", "3/4", "-1/4"], "seconds": 14.525431707999815}
{"stage": "numerator", "branches": 220, "labels": ["-1", "9/4", "7/4", "1/4"], "seconds": 14.539442458000849}
{"stage": "numerator", "branches": 240, "labels": ["-1/2", "-5/4", "-7/4", "5/4"], "seconds": 14.598468249998405}
{"stage": "numerator", "branches": 260, "labels": ["-1/2", "-3/4", "-1/4", "-1/4"], "seconds": 16.707012374998158}
{"stage": "numerator", "branches": 280, "labels": ["-1/2", "-1/4", "1/4", "7/4"], "seconds": 22.74933916699956}
{"stage": "numerator", "branches": 300, "labels": ["-1/2", "3/4", "1/4", "-1/4"], "seconds": 25.74004658299964}
{"stage": "numerator", "branches": 320, "labels": ["-1/2", "5/4", "3/4", "7/4"], "seconds": 26.421263167001598}
{"stage": "numerator", "branches": 340, "labels": ["-1/2", "9/4", "7/4", "3/4"], "seconds": 26.48048020799979}
{"stage": "numerator", "branches": 360, "labels": ["0", "-5/4", "-7/4", "5/4"], "seconds": 26.57363025000086}
{"stage": "numerator", "branches": 380, "labels": ["0", "-3/4", "-1/4", "-1/4"], "seconds": 30.000314375000016}
{"stage": "numerator", "branches": 400, "labels": ["0", "-1/4", "1/4", "5/4"], "seconds": 39.52424783300012}
{"stage": "numerator", "branches": 420, "labels": ["0", "3/4", "1/4", "-7/4"], "seconds": 42.49331754200102}
{"stage": "numerator", "branches": 440, "labels": ["0", "5/4", "3/4", "3/4"], "seconds": 45.19864641700042}
{"stage": "numerator", "branches": 460, "labels": ["0", "9/4", "7/4", "-1/4"], "seconds": 45.29078420799851}
{"stage": "numerator", "branches": 480, "labels": ["1/2", "-5/4", "-7/4", "1/4"], "seconds": 45.34953574999963}
{"stage": "numerator", "branches": 500, "labels": ["1/2", "-3/4", "-1/4", "-5/4"], "seconds": 46.09601024999938}
{"stage": "numerator", "branches": 520, "labels": ["1/2", "-1/4", "1/4", "3/4"], "seconds": 53.46475025000109}
{"stage": "numerator", "branches": 540, "labels": ["1/2", "3/4", "1/4", "-5/4"], "seconds": 56.451160666998476}
{"stage": "numerator", "branches": 560, "labels": ["1/2", "5/4", "3/4", "3/4"], "seconds": 57.15004745799888}
{"stage": "numerator", "branches": 580, "labels": ["1/2", "9/4", "7/4", "-1/4"], "seconds": 57.20947874999911}
{"stage": "numerator", "branches": 600, "labels": ["1", "-5/4", "-3/4", "-5/4"], "seconds": 57.22548445799839}
{"stage": "numerator", "branches": 620, "labels": ["1", "-3/4", "-1/4", "3/4"], "seconds": 58.03153870800088}
{"stage": "numerator", "branches": 640, "labels": ["1", "1/4", "-1/4", "-5/4"], "seconds": 59.14180387500164}
{"stage": "numerator", "branches": 660, "labels": ["1", "3/4", "1/4", "3/4"], "seconds": 59.82881520799856}
{"stage": "numerator", "branches": 680, "labels": ["1", "5/4", "7/4", "-3/4"], "seconds": 59.98338287500155}
{"stage": "numerator", "branches": 700, "labels": ["3/2", "-5/4", "-7/4", "-1/4"], "seconds": 59.996139708000555}
{"stage": "numerator", "branches": 720, "labels": ["3/2", "-3/4", "-1/4", "5/4"], "seconds": 60.06250579200059}
{"stage": "numerator", "branches": 740, "labels": ["3/2", "1/4", "3/4", "-3/4"], "seconds": 60.160527332998754}
{"stage": "numerator", "branches": 760, "labels": ["3/2", "5/4", "3/4", "1/4"], "seconds": 60.21973416699984}
{"stage": "numerator", "branches": 780, "labels": ["2", "-1/4", "-3/4", "-1/4"], "seconds": 60.22423620799964}
{"stage": "numerator", "branches": 800, "labels": ["2", "3/4", "5/4", "1/4"], "seconds": 60.22934145799809}
{"stage": "direct sewing", "ns_twice_level": 0, "r3_level": 0, "elapsed_seconds": 0.012321292000706308, "ward_cache_entries": 258, "contractions": 862}
{"stage": "physical block computed", "seconds": 61.44847679200029}
{"status": "completed", "returncode": 0, "command": ["/private/tmp/theta_fermion_ccy_env/bin/python", "/Users/yuchenwang/Desktop/Type0B-Matrix/Code/theta_fermion_ccy/pipeline.py", "--level", "10", "--auxiliary", "direct", "--machine", "--sector-policy", "record", "--json", "Code/theta_fermion_ccy/results/ccy_recursion_reuse_machine_level10.json"], "process_wall_seconds": 61.89806162500099, "scope": "From child-process launch through exit, including imports and all result writes"}
