{"stage": "outer branching", "status": "starting", "level": 10}
{"stage": "outer branching", "status": "complete", "seconds": 10.199578208001185}
{"stage": "middle branching", "seconds": 1.0193537500017555, "coefficients_stored": 36, "outer_actions_reused": true}
{"stage": "numerator", "branches": 1, "labels": ["-2", "-5/4", "-3/4", "-1/4"], "seconds": 11.228121874999488}
{"stage": "numerator", "branches": 20, "labels": ["-2", "1/4", "-1/4", "3/4"], "seconds": 11.233338624999305}
{"stage": "numerator", "branches": 40, "labels": ["-3/2", "-5/4", "-7/4", "3/4"], "seconds": 11.237909375002346}
{"stage": "numerator", "branches": 60, "labels": ["-3/2", "-1/4", "-3/4", "-3/4"], "seconds": 11.30880720800269}
{"stage": "numerator", "branches": 80, "labels": ["-3/2", "1/4", "3/4", "1/4"], "seconds": 11.455915000002278}
{"stage": "numerator", "branches": 100, "labels": ["-3/2", "5/4", "3/4", "5/4"], "seconds": 11.477694625002187}
{"stage": "numerator", "branches": 120, "labels": ["-1", "-5/4", "-7/4", "-3/4"], "seconds": 11.491610332999699}
{"stage": "numerator", "branches": 140, "labels": ["-1", "-3/4", "-5/4", "7/4"], "seconds": 11.639462750001258}
{"stage": "numerator", "branches": 160, "labels": ["-1", "-1/4", "1/4", "-1/4"], "seconds": 12.720687790999364}
{"stage": "numerator", "branches": 180, "labels": ["-1", "1/4", "3/4", "7/4"], "seconds": 13.784913082999992}
{"stage": "numerator", "branches": 200, "labels": ["-1", "5/4", "3/4", "-1/4"], "seconds": 13.939474250000785}
{"stage": "numerator", "branches": 220, "labels": ["-1", "9/4", "7/4", "1/4"], "seconds": 13.953623041001265}
{"stage": "numerator", "branches": 240, "labels": ["-1/2", "-5/4", "-7/4", "5/4"], "seconds": 14.011666916001559}
{"stage": "numerator", "branches": 260, "labels": ["-1/2", "-3/4", "-1/4", "-1/4"], "seconds": 15.655085333000898}
{"stage": "numerator", "branches": 280, "labels": ["-1/2", "-1/4", "1/4", "7/4"], "seconds": 19.979987665999943}
{"stage": "numerator", "branches": 300, "labels": ["-1/2", "3/4", "1/4", "-1/4"], "seconds": 22.133554791002098}
{"stage": "numerator", "branches": 320, "labels": ["-1/2", "5/4", "3/4", "7/4"], "seconds": 22.74432379100108}
{"stage": "numerator", "branches": 340, "labels": ["-1/2", "9/4", "7/4", "3/4"], "seconds": 22.80308104100186}
{"stage": "numerator", "branches": 360, "labels": ["0", "-5/4", "-7/4", "5/4"], "seconds": 22.8955922080022}
{"stage": "numerator", "branches": 380, "labels": ["0", "-3/4", "-1/4", "-1/4"], "seconds": 25.414278333002585}
{"stage": "numerator", "branches": 400, "labels": ["0", "-1/4", "1/4", "5/4"], "seconds": 31.712981958000455}
{"stage": "numerator", "branches": 420, "labels": ["0", "3/4", "1/4", "-7/4"], "seconds": 33.905722333001904}
{"stage": "numerator", "branches": 440, "labels": ["0", "5/4", "3/4", "3/4"], "seconds": 35.89801908300069}
{"stage": "numerator", "branches": 460, "labels": ["0", "9/4", "7/4", "-1/4"], "seconds": 35.99048316600238}
{"stage": "numerator", "branches": 480, "labels": ["1/2", "-5/4", "-7/4", "1/4"], "seconds": 36.04939429099977}
{"stage": "numerator", "branches": 500, "labels": ["1/2", "-3/4", "-1/4", "-5/4"], "seconds": 36.69432391600276}
{"stage": "numerator", "branches": 520, "labels": ["1/2", "-1/4", "1/4", "3/4"], "seconds": 41.91961754099975}
{"stage": "numerator", "branches": 540, "labels": ["1/2", "3/4", "1/4", "-5/4"], "seconds": 44.14326170800268}
{"stage": "numerator", "branches": 560, "labels": ["1/2", "5/4", "3/4", "3/4"], "seconds": 44.75519945800261}
{"stage": "numerator", "branches": 580, "labels": ["1/2", "9/4", "7/4", "-1/4"], "seconds": 44.814577290999296}
{"stage": "numerator", "branches": 600, "labels": ["1", "-5/4", "-3/4", "-5/4"], "seconds": 44.830792208002094}
{"stage": "numerator", "branches": 620, "labels": ["1", "-3/4", "-1/4", "3/4"], "seconds": 45.561354125002254}
{"stage": "numerator", "branches": 640, "labels": ["1", "1/4", "-1/4", "-5/4"], "seconds": 46.49366541600102}
{"stage": "numerator", "branches": 660, "labels": ["1", "3/4", "1/4", "3/4"], "seconds": 47.086281666001014}
{"stage": "numerator", "branches": 680, "labels": ["1", "5/4", "7/4", "-3/4"], "seconds": 47.23755804100074}
{"stage": "numerator", "branches": 700, "labels": ["3/2", "-5/4", "-7/4", "-1/4"], "seconds": 47.25028104100056}
{"stage": "numerator", "branches": 720, "labels": ["3/2", "-3/4", "-1/4", "5/4"], "seconds": 47.31787454100049}
{"stage": "numerator", "branches": 740, "labels": ["3/2", "1/4", "3/4", "-3/4"], "seconds": 47.41591641600098}
{"stage": "numerator", "branches": 760, "labels": ["3/2", "5/4", "3/4", "1/4"], "seconds": 47.476396624999325}
{"stage": "numerator", "branches": 780, "labels": ["2", "-1/4", "-3/4", "-1/4"], "seconds": 47.480937208001706}
{"stage": "numerator", "branches": 800, "labels": ["2", "3/4", "5/4", "1/4"], "seconds": 47.48615950000021}
{"stage": "direct sewing", "ns_twice_level": 0, "r3_level": 0, "elapsed_seconds": 0.011864624997542705, "ward_cache_entries": 258, "contractions": 862}
{"stage": "physical block computed", "seconds": 48.68453270899772}
{"status": "completed", "returncode": 0, "command": ["/private/tmp/theta_fermion_ccy_env/bin/python", "/Users/yuchenwang/Desktop/Type0B-Matrix/Code/theta_fermion_ccy/pipeline.py", "--level", "10", "--machine", "--auxiliary", "direct", "--sector-policy", "record", "--json", "Code/theta_fermion_ccy/results/ccy_rational_python_machine_level10.json"], "process_wall_seconds": 49.12848429099904, "scope": "From child-process launch through exit, including imports and all result writes"}
