{"pbw_levels": [0, 0, 0], "elapsed_seconds": 0.0004044579982291907}
{"pbw_levels": [1, 0, 0], "elapsed_seconds": 0.0012575830005516764}
{"pbw_levels": [0, 0, 2], "elapsed_seconds": 0.001960707999387523}
{"pbw_levels": [0, 2, 0], "elapsed_seconds": 0.0024874170012481045}
{"pbw_levels": [2, 0, 0], "elapsed_seconds": 0.0027528749997145496}
{"pbw_levels": [1, 0, 2], "elapsed_seconds": 0.003770625000470318}
{"pbw_levels": [1, 2, 0], "elapsed_seconds": 0.004697542000940302}
{"pbw_levels": [3, 0, 0], "elapsed_seconds": 0.005320791999110952}
{"pbw_levels": [0, 0, 4], "elapsed_seconds": 0.006246000000828644}
{"pbw_levels": [0, 2, 2], "elapsed_seconds": 0.006959999998798594}
{"pbw_levels": [0, 4, 0], "elapsed_seconds": 0.007871624999097548}
{"pbw_levels": [2, 0, 2], "elapsed_seconds": 0.008176499999535736}
{"pbw_levels": [2, 2, 0], "elapsed_seconds": 0.008701082999323262}
{"pbw_levels": [4, 0, 0], "elapsed_seconds": 0.009564249998220475}
{"pbw_levels": [1, 0, 4], "elapsed_seconds": 0.011821374999271939}
{"pbw_levels": [1, 2, 2], "elapsed_seconds": 0.013244375000795117}
{"pbw_levels": [1, 4, 0], "elapsed_seconds": 0.015288124999642605}
{"pbw_levels": [3, 0, 2], "elapsed_seconds": 0.016165249999176012}
{"pbw_levels": [3, 2, 0], "elapsed_seconds": 0.017313000000285683}
{"pbw_levels": [5, 0, 0], "elapsed_seconds": 0.018229833000077633}
{"pbw_levels": [0, 0, 6], "elapsed_seconds": 0.020445458001631778}
{"pbw_levels": [0, 2, 4], "elapsed_seconds": 0.022019749998435145}
{"pbw_levels": [0, 4, 2], "elapsed_seconds": 0.023483583001507213}
{"pbw_levels": [0, 6, 0], "elapsed_seconds": 0.02600525000161724}
{"pbw_levels": [2, 0, 4], "elapsed_seconds": 0.026493875000596745}
{"pbw_levels": [2, 2, 2], "elapsed_seconds": 0.027284874999168096}
{"pbw_levels": [2, 4, 0], "elapsed_seconds": 0.02799458300069091}
{"pbw_levels": [4, 0, 2], "elapsed_seconds": 0.029112167001585476}
{"pbw_levels": [4, 2, 0], "elapsed_seconds": 0.030732082999747945}
{"pbw_levels": [6, 0, 0], "elapsed_seconds": 0.03185987499819021}
{"pbw_levels": [1, 0, 6], "elapsed_seconds": 0.036826291998295346}
{"pbw_levels": [1, 2, 4], "elapsed_seconds": 0.03982191699833493}
{"pbw_levels": [1, 4, 2], "elapsed_seconds": 0.042949333001160994}
{"pbw_levels": [1, 6, 0], "elapsed_seconds": 0.047514833000604995}
{"pbw_levels": [3, 0, 4], "elapsed_seconds": 0.049335125000652624}
{"pbw_levels": [3, 2, 2], "elapsed_seconds": 0.05144825000024866}
{"pbw_levels": [3, 4, 0], "elapsed_seconds": 0.053667958000005456}
{"pbw_levels": [5, 0, 2], "elapsed_seconds": 0.054890583000087645}
{"pbw_levels": [5, 2, 0], "elapsed_seconds": 0.05705058300009114}
{"pbw_levels": [7, 0, 0], "elapsed_seconds": 0.058440374999918276}
{"pbw_levels": [0, 0, 8], "elapsed_seconds": 0.06255283299833536}
{"pbw_levels": [0, 2, 6], "elapsed_seconds": 0.0659352080001554}
{"pbw_levels": [0, 4, 4], "elapsed_seconds": 0.06862516700130072}
{"pbw_levels": [0, 6, 2], "elapsed_seconds": 0.07134837500052527}
{"pbw_levels": [0, 8, 0], "elapsed_seconds": 0.08009374999892316}
{"pbw_levels": [2, 0, 6], "elapsed_seconds": 0.08089612500043586}
{"pbw_levels": [2, 2, 4], "elapsed_seconds": 0.08250529200086021}
{"pbw_levels": [2, 4, 2], "elapsed_seconds": 0.08396549999815761}
{"pbw_levels": [2, 6, 0], "elapsed_seconds": 0.0854820419990574}
{"pbw_levels": [4, 0, 4], "elapsed_seconds": 0.08795462499983842}
{"pbw_levels": [4, 2, 2], "elapsed_seconds": 0.09101291700062575}
{"pbw_levels": [4, 4, 0], "elapsed_seconds": 0.0940338750006049}
{"pbw_levels": [6, 0, 2], "elapsed_seconds": 0.09562420799920801}
{"pbw_levels": [6, 2, 0], "elapsed_seconds": 0.09843554200051585}
{"pbw_levels": [8, 0, 0], "elapsed_seconds": 0.10100474999853759}
{"pbw_levels": [1, 0, 8], "elapsed_seconds": 0.11160733300130232}
{"pbw_levels": [1, 2, 6], "elapsed_seconds": 0.11858666699845344}
{"pbw_levels": [1, 4, 4], "elapsed_seconds": 0.1251717919985822}
{"pbw_levels": [1, 6, 2], "elapsed_seconds": 0.13233933299852652}
{"pbw_levels": [1, 8, 0], "elapsed_seconds": 0.14250295799865853}
{"pbw_levels": [3, 0, 6], "elapsed_seconds": 0.1464200830014306}
{"pbw_levels": [3, 2, 4], "elapsed_seconds": 0.15133762500045123}
{"pbw_levels": [3, 4, 2], "elapsed_seconds": 0.15550979199906578}
{"pbw_levels": [3, 6, 0], "elapsed_seconds": 0.16060437499982072}
{"pbw_levels": [5, 0, 4], "elapsed_seconds": 0.16323054199892795}
{"pbw_levels": [5, 2, 2], "elapsed_seconds": 0.1671916669984057}
{"pbw_levels": [5, 4, 0], "elapsed_seconds": 0.17094091699982528}
{"pbw_levels": [7, 0, 2], "elapsed_seconds": 0.17284224999821163}
{"pbw_levels": [7, 2, 0], "elapsed_seconds": 0.17704149999917718}
{"pbw_levels": [9, 0, 0], "elapsed_seconds": 0.18042266699922038}
{"pbw_levels": [0, 0, 10], "elapsed_seconds": 0.19296558299902244}
{"pbw_levels": [0, 2, 8], "elapsed_seconds": 0.1995172079987242}
{"pbw_levels": [0, 4, 6], "elapsed_seconds": 0.20568945799823268}
{"pbw_levels": [0, 6, 4], "elapsed_seconds": 0.2114814579981612}
{"pbw_levels": [0, 8, 2], "elapsed_seconds": 0.21574737500122865}
{"pbw_levels": [0, 10, 0], "elapsed_seconds": 0.22822008300136076}
{"pbw_levels": [2, 0, 8], "elapsed_seconds": 0.2297253329998057}
{"pbw_levels": [2, 2, 6], "elapsed_seconds": 0.23325033299988718}
{"pbw_levels": [2, 4, 4], "elapsed_seconds": 0.23597883299953537}
{"pbw_levels": [2, 6, 2], "elapsed_seconds": 0.23934845799885807}
{"pbw_levels": [2, 8, 0], "elapsed_seconds": 0.2416077080015384}
{"pbw_levels": [4, 0, 6], "elapsed_seconds": 0.24610145800033933}
{"pbw_levels": [4, 2, 4], "elapsed_seconds": 0.25236183300148696}
{"pbw_levels": [4, 4, 2], "elapsed_seconds": 0.2578187920007622}
{"pbw_levels": [4, 6, 0], "elapsed_seconds": 0.2638813330013363}
{"pbw_levels": [6, 0, 4], "elapsed_seconds": 0.266809042001114}
{"pbw_levels": [6, 2, 2], "elapsed_seconds": 0.27143216699914774}
{"pbw_levels": [6, 4, 0], "elapsed_seconds": 0.27564137499939534}
{"pbw_levels": [8, 0, 2], "elapsed_seconds": 0.278655666999839}
{"pbw_levels": [8, 2, 0], "elapsed_seconds": 0.28508900000088033}
{"pbw_levels": [10, 0, 0], "elapsed_seconds": 0.28941041700090864}
{"pbw_levels": [1, 0, 10], "elapsed_seconds": 0.3106636669981526}
{"pbw_levels": [1, 2, 8], "elapsed_seconds": 0.3255882080011361}
{"pbw_levels": [1, 4, 6], "elapsed_seconds": 0.3404015829983109}
{"pbw_levels": [1, 6, 4], "elapsed_seconds": 0.35507262499959324}
{"pbw_levels": [1, 8, 2], "elapsed_seconds": 0.3690195000017411}
{"pbw_levels": [1, 10, 0], "elapsed_seconds": 0.3894067500004894}
{"pbw_levels": [3, 0, 8], "elapsed_seconds": 0.404811125001288}
{"pbw_levels": [3, 2, 6], "elapsed_seconds": 0.4150730420005857}
{"pbw_levels": [3, 4, 4], "elapsed_seconds": 0.42399687500073924}
{"pbw_levels": [3, 6, 2], "elapsed_seconds": 0.4342330830004357}
{"pbw_levels": [3, 8, 0], "elapsed_seconds": 0.44361708300129976}
{"pbw_levels": [5, 0, 6], "elapsed_seconds": 0.44864187499842956}
{"pbw_levels": [5, 2, 4], "elapsed_seconds": 0.45665350000126637}
{"pbw_levels": [5, 4, 2], "elapsed_seconds": 0.46368449999863515}
{"pbw_levels": [5, 6, 0], "elapsed_seconds": 0.4712498750013765}
{"pbw_levels": [7, 0, 4], "elapsed_seconds": 0.4749158330014325}
{"pbw_levels": [7, 2, 2], "elapsed_seconds": 0.481850583000778}
{"pbw_levels": [7, 4, 0], "elapsed_seconds": 0.4874527920001128}
{"pbw_levels": [9, 0, 2], "elapsed_seconds": 0.4907861669998965}
{"pbw_levels": [9, 2, 0], "elapsed_seconds": 0.4990699580012006}
{"pbw_levels": [11, 0, 0], "elapsed_seconds": 0.504941333001625}
{"pbw_levels": [0, 0, 12], "elapsed_seconds": 0.5334866250013874}
{"pbw_levels": [0, 2, 10], "elapsed_seconds": 0.546139582998876}
{"pbw_levels": [0, 4, 8], "elapsed_seconds": 0.5579760830005398}
{"pbw_levels": [0, 6, 6], "elapsed_seconds": 0.5701164999991306}
{"pbw_levels": [0, 8, 4], "elapsed_seconds": 0.579580541998439}
{"pbw_levels": [0, 10, 2], "elapsed_seconds": 0.5878560829987691}
{"pbw_levels": [0, 12, 0], "elapsed_seconds": 0.632338167000853}
{"pbw_levels": [2, 0, 10], "elapsed_seconds": 0.6347982500010403}
{"pbw_levels": [2, 2, 8], "elapsed_seconds": 0.6412220829988655}
{"pbw_levels": [2, 4, 6], "elapsed_seconds": 0.6468351250005071}
{"pbw_levels": [2, 6, 4], "elapsed_seconds": 0.6530261670013715}
{"pbw_levels": [2, 8, 2], "elapsed_seconds": 0.6575716250008554}
{"pbw_levels": [2, 10, 0], "elapsed_seconds": 0.6614661669991619}
{"pbw_levels": [4, 0, 8], "elapsed_seconds": 0.6701362919993699}
{"pbw_levels": [4, 2, 6], "elapsed_seconds": 0.6843766249985492}
{"pbw_levels": [4, 4, 4], "elapsed_seconds": 0.6964882499996747}
{"pbw_levels": [4, 6, 2], "elapsed_seconds": 0.7096941669988155}
{"pbw_levels": [4, 8, 0], "elapsed_seconds": 0.7209667079987412}
{"pbw_levels": [6, 0, 6], "elapsed_seconds": 0.7269605420005973}
{"pbw_levels": [6, 2, 4], "elapsed_seconds": 0.7370717500016326}
{"pbw_levels": [6, 4, 2], "elapsed_seconds": 0.7453834170009941}
{"pbw_levels": [6, 6, 0], "elapsed_seconds": 0.7542342919987277}
{"pbw_levels": [8, 0, 4], "elapsed_seconds": 0.7602854579999985}
{"pbw_levels": [8, 2, 2], "elapsed_seconds": 0.7707467920008639}
{"pbw_levels": [8, 4, 0], "elapsed_seconds": 0.7792726670013508}
{"pbw_levels": [10, 0, 2], "elapsed_seconds": 0.7831697080000595}
{"pbw_levels": [10, 2, 0], "elapsed_seconds": 0.7937664999990375}
{"pbw_levels": [12, 0, 0], "elapsed_seconds": 0.8035341670001799}
{"pbw_levels": [1, 0, 12], "elapsed_seconds": 0.8452402080001775}
{"pbw_levels": [1, 2, 10], "elapsed_seconds": 0.8730618330009747}
{"pbw_levels": [1, 4, 8], "elapsed_seconds": 0.9023681670005317}
{"pbw_levels": [1, 6, 6], "elapsed_seconds": 0.9323134580008627}
{"pbw_levels": [1, 8, 4], "elapsed_seconds": 0.9616612079989864}
{"pbw_levels": [1, 10, 2], "elapsed_seconds": 0.9884102500000154}
{"pbw_levels": [1, 12, 0], "elapsed_seconds": 1.0256926670008397}
{"pbw_levels": [3, 0, 10], "elapsed_seconds": 1.0412753749988042}
{"pbw_levels": [3, 2, 8], "elapsed_seconds": 1.0624414580015582}
{"pbw_levels": [3, 4, 6], "elapsed_seconds": 1.082816707999882}
{"pbw_levels": [3, 6, 4], "elapsed_seconds": 1.1051462079994963}
{"pbw_levels": [3, 8, 2], "elapsed_seconds": 1.1240008329987177}
{"pbw_levels": [3, 10, 0], "elapsed_seconds": 1.1413857500010636}
{"pbw_levels": [5, 0, 8], "elapsed_seconds": 1.1516253750014585}
{"pbw_levels": [5, 2, 6], "elapsed_seconds": 1.1698259580007289}
{"pbw_levels": [5, 4, 4], "elapsed_seconds": 1.184866374998819}
{"pbw_levels": [5, 6, 2], "elapsed_seconds": 1.2012068330004695}
{"pbw_levels": [5, 8, 0], "elapsed_seconds": 1.2153938750016096}
{"pbw_levels": [7, 0, 6], "elapsed_seconds": 1.2225103749988193}
{"pbw_levels": [7, 2, 4], "elapsed_seconds": 1.2422074579990294}
{"pbw_levels": [7, 4, 2], "elapsed_seconds": 1.2533380829991074}
{"pbw_levels": [7, 6, 0], "elapsed_seconds": 1.2648751250017085}
{"pbw_levels": [9, 0, 4], "elapsed_seconds": 1.2727200830013317}
{"pbw_levels": [9, 2, 2], "elapsed_seconds": 1.2874142500004382}
{"pbw_levels": [9, 4, 0], "elapsed_seconds": 1.299166166998475}
{"pbw_levels": [11, 0, 2], "elapsed_seconds": 1.3040313749988854}
{"pbw_levels": [11, 2, 0], "elapsed_seconds": 1.3191407919985068}
{"pbw_levels": [13, 0, 0], "elapsed_seconds": 1.3341044170010719}
{"pbw_levels": [0, 0, 14], "elapsed_seconds": 1.4119850419992872}
{"pbw_levels": [0, 2, 12], "elapsed_seconds": 1.4356000830011908}
{"pbw_levels": [0, 4, 10], "elapsed_seconds": 1.4595075830002315}
{"pbw_levels": [0, 6, 8], "elapsed_seconds": 1.485195624998596}
{"pbw_levels": [0, 8, 6], "elapsed_seconds": 1.507025374998193}
{"pbw_levels": [0, 10, 4], "elapsed_seconds": 1.525622042001487}
{"pbw_levels": [0, 12, 2], "elapsed_seconds": 1.5392629579982895}
{"pbw_levels": [0, 14, 0], "elapsed_seconds": 1.6375838329986436}
{"pbw_levels": [2, 0, 12], "elapsed_seconds": 1.6414807500004827}
{"pbw_levels": [2, 2, 10], "elapsed_seconds": 1.6548306250006135}
{"pbw_levels": [2, 4, 8], "elapsed_seconds": 1.6660222499995143}
{"pbw_levels": [2, 6, 6], "elapsed_seconds": 1.6789790420007193}
{"pbw_levels": [2, 8, 4], "elapsed_seconds": 1.6890953330002958}
{"pbw_levels": [2, 10, 2], "elapsed_seconds": 1.6975561250001192}
{"pbw_levels": [2, 12, 0], "elapsed_seconds": 1.7041621669995948}
{"pbw_levels": [4, 0, 10], "elapsed_seconds": 1.7218329169991193}
{"pbw_levels": [4, 2, 8], "elapsed_seconds": 1.7490796669990232}
{"pbw_levels": [4, 4, 6], "elapsed_seconds": 1.775235083001462}
{"pbw_levels": [4, 6, 4], "elapsed_seconds": 1.8022541249993083}
{"pbw_levels": [4, 8, 2], "elapsed_seconds": 1.8260637499988661}
{"pbw_levels": [4, 10, 0], "elapsed_seconds": 1.8465876250011206}
{"pbw_levels": [6, 0, 8], "elapsed_seconds": 1.8576067499998317}
{"pbw_levels": [6, 2, 6], "elapsed_seconds": 1.8789717500003462}
{"pbw_levels": [6, 4, 4], "elapsed_seconds": 1.8983037500001956}
{"pbw_levels": [6, 6, 2], "elapsed_seconds": 1.9176965830010886}
{"pbw_levels": [6, 8, 0], "elapsed_seconds": 1.9338332500010438}
{"pbw_levels": [8, 0, 6], "elapsed_seconds": 1.9473074999987148}
{"pbw_levels": [8, 2, 4], "elapsed_seconds": 1.9689694580010837}
{"pbw_levels": [8, 4, 2], "elapsed_seconds": 1.9875235420004174}
{"pbw_levels": [8, 6, 0], "elapsed_seconds": 2.0064148329984164}
{"pbw_levels": [10, 0, 4], "elapsed_seconds": 2.015836667000258}
{"pbw_levels": [10, 2, 2], "elapsed_seconds": 2.0338513329988928}
{"pbw_levels": [10, 4, 0], "elapsed_seconds": 2.049009250000381}
{"pbw_levels": [12, 0, 2], "elapsed_seconds": 2.056524832998548}
{"pbw_levels": [12, 2, 0], "elapsed_seconds": 2.0774203750006563}
{"pbw_levels": [14, 0, 0], "elapsed_seconds": 2.097861833000934}
{"pbw_levels": [1, 0, 14], "elapsed_seconds": 2.175153332998889}
{"pbw_levels": [1, 2, 12], "elapsed_seconds": 2.2303907079985947}
{"pbw_levels": [1, 4, 10], "elapsed_seconds": 2.290335541998502}
{"pbw_levels": [1, 6, 8], "elapsed_seconds": 2.351433083000302}
{"pbw_levels": [1, 8, 6], "elapsed_seconds": 2.413019625000743}
{"pbw_levels": [1, 10, 4], "elapsed_seconds": 2.472444667000673}
{"pbw_levels": [1, 12, 2], "elapsed_seconds": 2.523374332999083}
{"pbw_levels": [1, 14, 0], "elapsed_seconds": 2.5932753330016567}
{"pbw_levels": [3, 0, 12], "elapsed_seconds": 2.6218015829981596}
{"pbw_levels": [3, 2, 10], "elapsed_seconds": 2.6654266250006913}
{"pbw_levels": [3, 4, 8], "elapsed_seconds": 2.706883333001315}
{"pbw_levels": [3, 6, 6], "elapsed_seconds": 2.750687416999426}
{"pbw_levels": [3, 8, 4], "elapsed_seconds": 2.7914577500014275}
{"pbw_levels": [3, 10, 2], "elapsed_seconds": 2.8278852080002252}
{"pbw_levels": [3, 12, 0], "elapsed_seconds": 2.8585131250001723}
{"pbw_levels": [5, 0, 10], "elapsed_seconds": 2.8773789170008968}
{"pbw_levels": [5, 2, 8], "elapsed_seconds": 2.9129680000005465}
{"pbw_levels": [5, 4, 6], "elapsed_seconds": 2.946118874999229}
{"pbw_levels": [5, 6, 4], "elapsed_seconds": 2.9805583330016816}
{"pbw_levels": [5, 8, 2], "elapsed_seconds": 3.0105869170001824}
{"pbw_levels": [5, 10, 0], "elapsed_seconds": 3.0361768750008196}
{"pbw_levels": [7, 0, 8], "elapsed_seconds": 3.0486984999988636}
{"pbw_levels": [7, 2, 6], "elapsed_seconds": 3.078795458000968}
{"pbw_levels": [7, 4, 4], "elapsed_seconds": 3.1033979579988227}
{"pbw_levels": [7, 6, 2], "elapsed_seconds": 3.1295300829988264}
{"pbw_levels": [7, 8, 0], "elapsed_seconds": 3.1508603330003098}
{"pbw_levels": [9, 0, 6], "elapsed_seconds": 3.166138125001453}
{"pbw_levels": [9, 2, 4], "elapsed_seconds": 3.2060957079993386}
{"pbw_levels": [9, 4, 2], "elapsed_seconds": 3.2293915000009292}
{"pbw_levels": [9, 6, 0], "elapsed_seconds": 3.253198375001375}
{"pbw_levels": [11, 0, 4], "elapsed_seconds": 3.263361707999138}
{"pbw_levels": [11, 2, 2], "elapsed_seconds": 3.2871455829990737}
{"pbw_levels": [11, 4, 0], "elapsed_seconds": 3.3057543329996406}
{"pbw_levels": [13, 0, 2], "elapsed_seconds": 3.313679333001346}
{"pbw_levels": [13, 2, 0], "elapsed_seconds": 3.342868957999599}
{"pbw_levels": [15, 0, 0], "elapsed_seconds": 3.377760416999081}
{"pbw_levels": [0, 0, 16], "elapsed_seconds": 3.628209499998775}
{"pbw_levels": [0, 2, 14], "elapsed_seconds": 3.6703623329995025}
{"pbw_levels": [0, 4, 12], "elapsed_seconds": 3.7151942499986035}
{"pbw_levels": [0, 6, 10], "elapsed_seconds": 3.763560208000854}
{"pbw_levels": [0, 8, 8], "elapsed_seconds": 3.8044855420012027}
{"pbw_levels": [0, 10, 6], "elapsed_seconds": 3.8440633329992124}
{"pbw_levels": [0, 12, 4], "elapsed_seconds": 3.8755689169993275}
{"pbw_levels": [0, 14, 2], "elapsed_seconds": 3.8978200829988054}
{"pbw_levels": [0, 16, 0], "elapsed_seconds": 4.131815417000325}
{"pbw_levels": [2, 0, 14], "elapsed_seconds": 4.13819520800098}
{"pbw_levels": [2, 2, 12], "elapsed_seconds": 4.162664832998416}
{"pbw_levels": [2, 4, 10], "elapsed_seconds": 4.1829795420017035}
{"pbw_levels": [2, 6, 8], "elapsed_seconds": 4.20846199999869}
{"pbw_levels": [2, 8, 6], "elapsed_seconds": 4.230582667001727}
{"pbw_levels": [2, 10, 4], "elapsed_seconds": 4.2491153330011}
{"pbw_levels": [2, 12, 2], "elapsed_seconds": 4.2632867920001445}
{"pbw_levels": [2, 14, 0], "elapsed_seconds": 4.273328541999945}
{"pbw_levels": [4, 0, 12], "elapsed_seconds": 4.305618541999138}
{"pbw_levels": [4, 2, 10], "elapsed_seconds": 4.360152083001594}
{"pbw_levels": [4, 4, 8], "elapsed_seconds": 4.412450749998243}
{"pbw_levels": [4, 6, 6], "elapsed_seconds": 4.4726630420009315}
{"pbw_levels": [4, 8, 4], "elapsed_seconds": 4.525660167000751}
{"pbw_levels": [4, 10, 2], "elapsed_seconds": 4.572354125000857}
{"pbw_levels": [4, 12, 0], "elapsed_seconds": 4.61185716700129}
{"pbw_levels": [6, 0, 10], "elapsed_seconds": 4.632226875000924}
{"pbw_levels": [6, 2, 8], "elapsed_seconds": 4.674234041998716}
{"pbw_levels": [6, 4, 6], "elapsed_seconds": 4.714205542000855}
{"pbw_levels": [6, 6, 4], "elapsed_seconds": 4.755313917001331}
{"pbw_levels": [6, 8, 2], "elapsed_seconds": 4.789493625001342}
{"pbw_levels": [6, 10, 0], "elapsed_seconds": 4.818669917000079}
{"pbw_levels": [8, 0, 8], "elapsed_seconds": 4.840567832998204}
{"pbw_levels": [8, 2, 6], "elapsed_seconds": 4.885428417001094}
{"pbw_levels": [8, 4, 4], "elapsed_seconds": 4.924145500001032}
{"pbw_levels": [8, 6, 2], "elapsed_seconds": 4.964727167000092}
{"pbw_levels": [8, 8, 0], "elapsed_seconds": 4.997243792000518}
{"pbw_levels": [10, 0, 6], "elapsed_seconds": 5.013979750001454}
{"pbw_levels": [10, 2, 4], "elapsed_seconds": 5.050873291998869}
{"pbw_levels": [10, 4, 2], "elapsed_seconds": 5.080805792000319}
{"pbw_levels": [10, 6, 0], "elapsed_seconds": 5.109703041998728}
{"pbw_levels": [12, 0, 4], "elapsed_seconds": 5.1240162499998405}
{"pbw_levels": [12, 2, 2], "elapsed_seconds": 5.157716500001698}
{"pbw_levels": [12, 4, 0], "elapsed_seconds": 5.1845505829987815}
{"pbw_levels": [14, 0, 2], "elapsed_seconds": 5.19442029199854}
{"pbw_levels": [14, 2, 0], "elapsed_seconds": 5.2292049169991515}
{"pbw_levels": [16, 0, 0], "elapsed_seconds": 5.284844249999878}
{"pbw_levels": [1, 0, 16], "elapsed_seconds": 5.423608791999868}
{"pbw_levels": [1, 2, 14], "elapsed_seconds": 5.521051916999568}
{"pbw_levels": [1, 4, 12], "elapsed_seconds": 5.632350249998126}
{"pbw_levels": [1, 6, 10], "elapsed_seconds": 5.751884582998173}
{"pbw_levels": [1, 8, 8], "elapsed_seconds": 5.861699042001419}
{"pbw_levels": [1, 10, 6], "elapsed_seconds": 5.980704500001593}
{"pbw_levels": [1, 12, 4], "elapsed_seconds": 6.090908082998794}
{"pbw_levels": [1, 14, 2], "elapsed_seconds": 6.182383125000342}
{"pbw_levels": [1, 16, 0], "elapsed_seconds": 6.3266410830001405}
{"pbw_levels": [3, 0, 14], "elapsed_seconds": 6.387630249999347}
{"pbw_levels": [3, 2, 12], "elapsed_seconds": 6.465976832998422}
{"pbw_levels": [3, 4, 10], "elapsed_seconds": 6.546620375000202}
{"pbw_levels": [3, 6, 8], "elapsed_seconds": 6.6346760829983396}
{"pbw_levels": [3, 8, 6], "elapsed_seconds": 6.717571417000727}
{"pbw_levels": [3, 10, 4], "elapsed_seconds": 6.796785499998805}
{"pbw_levels": [3, 12, 2], "elapsed_seconds": 6.863441541998327}
{"pbw_levels": [3, 14, 0], "elapsed_seconds": 6.917077541998879}
{"pbw_levels": [5, 0, 12], "elapsed_seconds": 6.951959666999755}
{"pbw_levels": [5, 2, 10], "elapsed_seconds": 7.021540999998251}
{"pbw_levels": [5, 4, 8], "elapsed_seconds": 7.0879962500002875}
{"pbw_levels": [5, 6, 6], "elapsed_seconds": 7.1604899170015415}
{"pbw_levels": [5, 8, 4], "elapsed_seconds": 7.223716083000909}
{"pbw_levels": [5, 10, 2], "elapsed_seconds": 7.280611750000389}
{"pbw_levels": [5, 12, 0], "elapsed_seconds": 7.326661333001539}
{"pbw_levels": [7, 0, 10], "elapsed_seconds": 7.350057750001724}
{"pbw_levels": [7, 2, 8], "elapsed_seconds": 7.412282792000042}
{"pbw_levels": [7, 4, 6], "elapsed_seconds": 7.463396832998114}
{"pbw_levels": [7, 6, 4], "elapsed_seconds": 7.519659999998112}
{"pbw_levels": [7, 8, 2], "elapsed_seconds": 7.5648348329996224}
{"pbw_levels": [7, 10, 0], "elapsed_seconds": 7.602653082998586}
{"pbw_levels": [9, 0, 8], "elapsed_seconds": 7.6294352500008245}
{"pbw_levels": [9, 2, 6], "elapsed_seconds": 7.691667041999608}
{"pbw_levels": [9, 4, 4], "elapsed_seconds": 7.743182707999949}
{"pbw_levels": [9, 6, 2], "elapsed_seconds": 7.82820804199946}
{"pbw_levels": [9, 8, 0], "elapsed_seconds": 7.868914999999106}
{"pbw_levels": [11, 0, 6], "elapsed_seconds": 7.889134332999674}
{"pbw_levels": [11, 2, 4], "elapsed_seconds": 7.940824500001327}
{"pbw_levels": [11, 4, 2], "elapsed_seconds": 7.979798000000301}
{"pbw_levels": [11, 6, 0], "elapsed_seconds": 8.018900374998339}
{"pbw_levels": [13, 0, 4], "elapsed_seconds": 8.036080375000893}
{"pbw_levels": [13, 2, 2], "elapsed_seconds": 8.080577374999848}
{"pbw_levels": [13, 4, 0], "elapsed_seconds": 8.115650042000198}
{"pbw_levels": [15, 0, 2], "elapsed_seconds": 8.128738332998182}
{"pbw_levels": [15, 2, 0], "elapsed_seconds": 8.177172542000335}
{"pbw_levels": [17, 0, 0], "elapsed_seconds": 8.263080666998576}
{"pbw_levels": [0, 0, 18], "elapsed_seconds": 8.927350958001625}
{"pbw_levels": [0, 2, 16], "elapsed_seconds": 9.00169349999851}
{"pbw_levels": [0, 4, 14], "elapsed_seconds": 9.079591958001402}
{"pbw_levels": [0, 6, 12], "elapsed_seconds": 9.168482749999384}
{"pbw_levels": [0, 8, 10], "elapsed_seconds": 9.246092707999196}
{"pbw_levels": [0, 10, 8], "elapsed_seconds": 9.321388625001418}
{"pbw_levels": [0, 12, 6], "elapsed_seconds": 9.39071949999925}
{"pbw_levels": [0, 14, 4], "elapsed_seconds": 9.440511374999915}
{"pbw_levels": [0, 16, 2], "elapsed_seconds": 9.476303957999335}
{"pbw_levels": [0, 18, 0], "elapsed_seconds": 10.152480125001603}
{"pbw_levels": [2, 0, 16], "elapsed_seconds": 10.163347917001374}
{"pbw_levels": [2, 2, 14], "elapsed_seconds": 10.205400708000525}
{"pbw_levels": [2, 4, 12], "elapsed_seconds": 10.243101916999876}
{"pbw_levels": [2, 6, 10], "elapsed_seconds": 10.291788582999288}
{"pbw_levels": [2, 8, 8], "elapsed_seconds": 10.332383624998329}
{"pbw_levels": [2, 10, 6], "elapsed_seconds": 10.372507667001628}
{"pbw_levels": [2, 12, 4], "elapsed_seconds": 10.404327749998629}
{"pbw_levels": [2, 14, 2], "elapsed_seconds": 10.427114166999672}
{"pbw_levels": [2, 16, 0], "elapsed_seconds": 10.442772875001538}
{"pbw_levels": [4, 0, 14], "elapsed_seconds": 10.498448750000534}
{"pbw_levels": [4, 2, 12], "elapsed_seconds": 10.600552208001318}
{"pbw_levels": [4, 4, 10], "elapsed_seconds": 10.704518333001033}
{"pbw_levels": [4, 6, 8], "elapsed_seconds": 10.821851666998555}
{"pbw_levels": [4, 8, 6], "elapsed_seconds": 10.932559207998565}
{"pbw_levels": [4, 10, 4], "elapsed_seconds": 11.03525154199815}
{"pbw_levels": [4, 12, 2], "elapsed_seconds": 11.121523041998444}
{"pbw_levels": [4, 14, 0], "elapsed_seconds": 11.188269207999838}
{"pbw_levels": [6, 0, 12], "elapsed_seconds": 11.226561041999958}
{"pbw_levels": [6, 2, 10], "elapsed_seconds": 11.323037792000832}
{"pbw_levels": [6, 4, 8], "elapsed_seconds": 11.40002129200002}
{"pbw_levels": [6, 6, 6], "elapsed_seconds": 11.486731958000746}
{"pbw_levels": [6, 8, 4], "elapsed_seconds": 11.561717332999251}
{"pbw_levels": [6, 10, 2], "elapsed_seconds": 11.62697287500123}
{"pbw_levels": [6, 12, 0], "elapsed_seconds": 11.680582042001333}
{"pbw_levels": [8, 0, 10], "elapsed_seconds": 11.721969250000257}
{"pbw_levels": [8, 2, 8], "elapsed_seconds": 11.809247207998851}
{"pbw_levels": [8, 4, 6], "elapsed_seconds": 11.892050416998245}
{"pbw_levels": [8, 6, 4], "elapsed_seconds": 11.981226625001}
{"pbw_levels": [8, 8, 2], "elapsed_seconds": 12.051109832998918}
{"pbw_levels": [8, 10, 0], "elapsed_seconds": 12.111634917000629}
{"pbw_levels": [10, 0, 8], "elapsed_seconds": 12.141639833000227}
{"pbw_levels": [10, 2, 6], "elapsed_seconds": 12.217084042000351}
{"pbw_levels": [10, 4, 4], "elapsed_seconds": 12.27834399999847}
{"pbw_levels": [10, 6, 2], "elapsed_seconds": 12.343083167001168}
{"pbw_levels": [10, 8, 0], "elapsed_seconds": 12.392965208000533}
{"pbw_levels": [12, 0, 6], "elapsed_seconds": 12.42180583300069}
{"pbw_levels": [12, 2, 4], "elapsed_seconds": 12.492879207999067}
{"pbw_levels": [12, 4, 2], "elapsed_seconds": 12.547040666999237}
{"pbw_levels": [12, 6, 0], "elapsed_seconds": 12.642995916998188}
{"pbw_levels": [14, 0, 4], "elapsed_seconds": 12.66438104199915}
{"pbw_levels": [14, 2, 2], "elapsed_seconds": 12.72075995799969}
{"pbw_levels": [14, 4, 0], "elapsed_seconds": 12.764960666998377}
{"pbw_levels": [16, 0, 2], "elapsed_seconds": 12.781430374998308}
{"pbw_levels": [16, 2, 0], "elapsed_seconds": 12.847220291998383}
{"pbw_levels": [18, 0, 0], "elapsed_seconds": 12.982122124998568}
{"pbw_levels": [1, 0, 18], "elapsed_seconds": 13.228738333000365}
{"pbw_levels": [1, 2, 16], "elapsed_seconds": 13.399206750000303}
{"pbw_levels": [1, 4, 14], "elapsed_seconds": 13.604213875001733}
{"pbw_levels": [1, 6, 12], "elapsed_seconds": 13.834962791999715}
{"pbw_levels": [1, 8, 10], "elapsed_seconds": 14.056325082998228}
{"pbw_levels": [1, 10, 8], "elapsed_seconds": 14.284349082998233}
{"pbw_levels": [1, 12, 6], "elapsed_seconds": 14.512145749999036}
{"pbw_levels": [1, 14, 4], "elapsed_seconds": 14.712171041999682}
{"pbw_levels": [1, 16, 2], "elapsed_seconds": 14.874827250001545}
{"pbw_levels": [1, 18, 0], "elapsed_seconds": 15.158055708001484}
{"pbw_levels": [3, 0, 16], "elapsed_seconds": 15.257136208001612}
{"pbw_levels": [3, 2, 14], "elapsed_seconds": 15.397456999999122}
{"pbw_levels": [3, 4, 12], "elapsed_seconds": 15.551377499999944}
{"pbw_levels": [3, 6, 10], "elapsed_seconds": 15.72236758299914}
{"pbw_levels": [3, 8, 8], "elapsed_seconds": 15.879096166998352}
{"pbw_levels": [3, 10, 6], "elapsed_seconds": 16.04152383299879}
{"pbw_levels": [3, 12, 4], "elapsed_seconds": 16.185383332998754}
{"pbw_levels": [3, 14, 2], "elapsed_seconds": 16.303188792000583}
{"pbw_levels": [3, 16, 0], "elapsed_seconds": 16.397019708001608}
{"pbw_levels": [5, 0, 14], "elapsed_seconds": 16.456965958001092}
{"pbw_levels": [5, 2, 12], "elapsed_seconds": 16.588566041999}
{"pbw_levels": [5, 4, 10], "elapsed_seconds": 16.717274250000628}
{"pbw_levels": [5, 6, 8], "elapsed_seconds": 16.863176582999586}
{"pbw_levels": [5, 8, 6], "elapsed_seconds": 16.998693707999337}
{"pbw_levels": [5, 10, 4], "elapsed_seconds": 17.12586999999985}
{"pbw_levels": [5, 12, 2], "elapsed_seconds": 17.227577958001348}
{"pbw_levels": [5, 14, 0], "elapsed_seconds": 17.305239666999114}
{"pbw_levels": [7, 0, 12], "elapsed_seconds": 17.348467416999483}
{"pbw_levels": [7, 2, 10], "elapsed_seconds": 17.460279541999626}
{"pbw_levels": [7, 4, 8], "elapsed_seconds": 17.565203666999878}
{"pbw_levels": [7, 6, 6], "elapsed_seconds": 17.68319666699972}
{"pbw_levels": [7, 8, 4], "elapsed_seconds": 17.782242417000816}
{"pbw_levels": [7, 10, 2], "elapsed_seconds": 17.867295042000478}
{"pbw_levels": [7, 12, 0], "elapsed_seconds": 17.934868958000152}
{"pbw_levels": [9, 0, 10], "elapsed_seconds": 17.983579916999588}
{"pbw_levels": [9, 2, 8], "elapsed_seconds": 18.09729504200004}
{"pbw_levels": [9, 4, 6], "elapsed_seconds": 18.203397042001598}
{"pbw_levels": [9, 6, 4], "elapsed_seconds": 18.316214582999237}
{"pbw_levels": [9, 8, 2], "elapsed_seconds": 18.404205957998784}
{"pbw_levels": [9, 10, 0], "elapsed_seconds": 18.48002141699908}
{"pbw_levels": [11, 0, 8], "elapsed_seconds": 18.51709016699897}
{"pbw_levels": [11, 2, 6], "elapsed_seconds": 18.634878291999485}
{"pbw_levels": [11, 4, 4], "elapsed_seconds": 18.717724750000343}
{"pbw_levels": [11, 6, 2], "elapsed_seconds": 18.80127883300156}
{"pbw_levels": [11, 8, 0], "elapsed_seconds": 18.864897832998395}
{"pbw_levels": [13, 0, 6], "elapsed_seconds": 18.89973920799821}
{"pbw_levels": [13, 2, 4], "elapsed_seconds": 18.99400520799827}
{"pbw_levels": [13, 4, 2], "elapsed_seconds": 19.063846749999357}
{"pbw_levels": [13, 6, 0], "elapsed_seconds": 19.134947582999303}
{"pbw_levels": [15, 0, 4], "elapsed_seconds": 19.16176258300038}
{"pbw_levels": [15, 2, 2], "elapsed_seconds": 19.23803691699868}
{"pbw_levels": [15, 4, 0], "elapsed_seconds": 19.298717124998802}
{"pbw_levels": [17, 0, 2], "elapsed_seconds": 19.318123500001093}
{"pbw_levels": [17, 2, 0], "elapsed_seconds": 19.404926582999906}
{"pbw_levels": [19, 0, 0], "elapsed_seconds": 19.642662458001723}
{"pbw_levels": [0, 0, 20], "elapsed_seconds": 21.578023875001236}
{"pbw_levels": [0, 2, 18], "elapsed_seconds": 21.705575791998854}
{"pbw_levels": [0, 4, 16], "elapsed_seconds": 21.844164375001128}
{"pbw_levels": [0, 6, 14], "elapsed_seconds": 22.005943083000602}
{"pbw_levels": [0, 8, 12], "elapsed_seconds": 22.151415874999657}
{"pbw_levels": [0, 10, 10], "elapsed_seconds": 22.296484957998473}
{"pbw_levels": [0, 12, 8], "elapsed_seconds": 22.429148374998476}
{"pbw_levels": [0, 14, 6], "elapsed_seconds": 22.541577832998883}
{"pbw_levels": [0, 16, 4], "elapsed_seconds": 22.62165924999863}
{"pbw_levels": [0, 18, 2], "elapsed_seconds": 22.678367500000604}
{"pbw_levels": [0, 20, 0], "elapsed_seconds": 24.643457375001162}
{"pbw_levels": [2, 0, 18], "elapsed_seconds": 24.659163332999015}
{"pbw_levels": [2, 2, 16], "elapsed_seconds": 24.734821417001513}
{"pbw_levels": [2, 4, 14], "elapsed_seconds": 24.804935416999797}
{"pbw_levels": [2, 6, 12], "elapsed_seconds": 24.895599125000444}
{"pbw_levels": [2, 8, 10], "elapsed_seconds": 25.04860941700099}
{"pbw_levels": [2, 10, 8], "elapsed_seconds": 25.12637229200118}
{"pbw_levels": [2, 12, 6], "elapsed_seconds": 25.19711104199814}
{"pbw_levels": [2, 14, 4], "elapsed_seconds": 25.250968958000158}
{"pbw_levels": [2, 16, 2], "elapsed_seconds": 25.287617292000505}
{"pbw_levels": [2, 18, 0], "elapsed_seconds": 25.313503582998237}
{"pbw_levels": [4, 0, 16], "elapsed_seconds": 25.41144091699971}
{"pbw_levels": [4, 2, 14], "elapsed_seconds": 25.601750124998944}
{"pbw_levels": [4, 4, 12], "elapsed_seconds": 25.801140667001164}
{"pbw_levels": [4, 6, 10], "elapsed_seconds": 26.03131979200043}
{"pbw_levels": [4, 8, 8], "elapsed_seconds": 26.24350662500001}
{"pbw_levels": [4, 10, 6], "elapsed_seconds": 26.46091641699968}
{"pbw_levels": [4, 12, 4], "elapsed_seconds": 26.65218758300034}
{"pbw_levels": [4, 14, 2], "elapsed_seconds": 26.802122624998447}
{"pbw_levels": [4, 16, 0], "elapsed_seconds": 26.92094808299953}
{"pbw_levels": [6, 0, 14], "elapsed_seconds": 26.987207582998963}
{"pbw_levels": [6, 2, 12], "elapsed_seconds": 27.143790375001117}
{"pbw_levels": [6, 4, 10], "elapsed_seconds": 27.296430375001364}
{"pbw_levels": [6, 6, 8], "elapsed_seconds": 27.469325707999815}
{"pbw_levels": [6, 8, 6], "elapsed_seconds": 27.631043707999197}
{"pbw_levels": [6, 10, 4], "elapsed_seconds": 27.77843254199979}
{"pbw_levels": [6, 12, 2], "elapsed_seconds": 27.898338082999544}
{"pbw_levels": [6, 14, 0], "elapsed_seconds": 27.988104125000973}
{"pbw_levels": [8, 0, 12], "elapsed_seconds": 28.06376704200011}
{"pbw_levels": [8, 2, 10], "elapsed_seconds": 28.239420458001405}
{"pbw_levels": [8, 4, 8], "elapsed_seconds": 28.417991333000828}
{"pbw_levels": [8, 6, 6], "elapsed_seconds": 28.60481300000174}
{"pbw_levels": [8, 8, 4], "elapsed_seconds": 28.763987457998155}
{"pbw_levels": [8, 10, 2], "elapsed_seconds": 28.899345833000552}
{"pbw_levels": [8, 12, 0], "elapsed_seconds": 29.00908999999956}
{"pbw_levels": [10, 0, 10], "elapsed_seconds": 29.063734125000337}
{"pbw_levels": [10, 2, 8], "elapsed_seconds": 29.223461792000307}
{"pbw_levels": [10, 4, 6], "elapsed_seconds": 29.350404583001364}
{"pbw_levels": [10, 6, 4], "elapsed_seconds": 29.493095958001504}
{"pbw_levels": [10, 8, 2], "elapsed_seconds": 29.701097083001514}
{"pbw_levels": [10, 10, 0], "elapsed_seconds": 29.794741000001522}
{"pbw_levels": [12, 0, 8], "elapsed_seconds": 29.848134874999232}
{"pbw_levels": [12, 2, 6], "elapsed_seconds": 29.99716533299943}
{"pbw_levels": [12, 4, 4], "elapsed_seconds": 30.11527795800066}
{"pbw_levels": [12, 6, 2], "elapsed_seconds": 30.23469195800135}
{"pbw_levels": [12, 8, 0], "elapsed_seconds": 30.326993874998152}
{"pbw_levels": [14, 0, 6], "elapsed_seconds": 30.367475625000225}
{"pbw_levels": [14, 2, 4], "elapsed_seconds": 30.48607125000126}
{"pbw_levels": [14, 4, 2], "elapsed_seconds": 30.573741291998886}
{"pbw_levels": [14, 6, 0], "elapsed_seconds": 30.663660999998683}
{"pbw_levels": [16, 0, 4], "elapsed_seconds": 30.698440083000605}
{"pbw_levels": [16, 2, 2], "elapsed_seconds": 30.799690874999214}
{"pbw_levels": [16, 4, 0], "elapsed_seconds": 30.878292166999017}
{"pbw_levels": [18, 0, 2], "elapsed_seconds": 30.900902582998242}
{"pbw_levels": [18, 2, 0], "elapsed_seconds": 31.01329474999875}
{"pbw_levels": [20, 0, 0], "elapsed_seconds": 31.402591082998697}
