{"pbw_levels": [0, 0, 0], "elapsed_seconds": 0.0038754590023017954}
{"pbw_levels": [1, 0, 0], "elapsed_seconds": 0.004942584000673378}
{"pbw_levels": [0, 0, 2], "elapsed_seconds": 0.006049958999938099}
{"pbw_levels": [0, 2, 0], "elapsed_seconds": 0.007057375001750188}
{"pbw_levels": [2, 0, 0], "elapsed_seconds": 0.007935249999718508}
{"pbw_levels": [1, 0, 2], "elapsed_seconds": 0.009826208999584196}
{"pbw_levels": [1, 2, 0], "elapsed_seconds": 0.01163362499937648}
{"pbw_levels": [3, 0, 0], "elapsed_seconds": 0.012774375001754379}
{"pbw_levels": [0, 0, 4], "elapsed_seconds": 0.014907125001627719}
{"pbw_levels": [0, 2, 2], "elapsed_seconds": 0.01639745899956324}
{"pbw_levels": [0, 4, 0], "elapsed_seconds": 0.018502083999919705}
{"pbw_levels": [2, 0, 2], "elapsed_seconds": 0.019133875000989065}
{"pbw_levels": [2, 2, 0], "elapsed_seconds": 0.020062916999449953}
{"pbw_levels": [4, 0, 0], "elapsed_seconds": 0.021569417000137037}
{"pbw_levels": [1, 0, 4], "elapsed_seconds": 0.025614166999730514}
{"pbw_levels": [1, 2, 2], "elapsed_seconds": 0.028572541999892564}
{"pbw_levels": [1, 4, 0], "elapsed_seconds": 0.03270654200241552}
{"pbw_levels": [3, 0, 2], "elapsed_seconds": 0.03449900000123307}
{"pbw_levels": [3, 2, 0], "elapsed_seconds": 0.036681749999843305}
{"pbw_levels": [5, 0, 0], "elapsed_seconds": 0.038562834000913426}
{"pbw_levels": [0, 0, 6], "elapsed_seconds": 0.0444657920015743}
{"pbw_levels": [0, 2, 4], "elapsed_seconds": 0.0477040420009871}
{"pbw_levels": [0, 4, 2], "elapsed_seconds": 0.05055675000039628}
{"pbw_levels": [0, 6, 0], "elapsed_seconds": 0.05650058399987756}
{"pbw_levels": [2, 0, 4], "elapsed_seconds": 0.057603875000495464}
{"pbw_levels": [2, 2, 2], "elapsed_seconds": 0.05933550000190735}
{"pbw_levels": [2, 4, 0], "elapsed_seconds": 0.06074679200173705}
{"pbw_levels": [4, 0, 2], "elapsed_seconds": 0.06297679199997219}
{"pbw_levels": [4, 2, 0], "elapsed_seconds": 0.06606770900179981}
{"pbw_levels": [6, 0, 0], "elapsed_seconds": 0.06842287499966915}
{"pbw_levels": [1, 0, 6], "elapsed_seconds": 0.07859383400136721}
{"pbw_levels": [1, 2, 4], "elapsed_seconds": 0.08495916700121597}
{"pbw_levels": [1, 4, 2], "elapsed_seconds": 0.09127991700006532}
{"pbw_levels": [1, 6, 0], "elapsed_seconds": 0.10138170900245314}
{"pbw_levels": [3, 0, 4], "elapsed_seconds": 0.1055687920015771}
{"pbw_levels": [3, 2, 2], "elapsed_seconds": 0.10993025000061607}
{"pbw_levels": [3, 4, 0], "elapsed_seconds": 0.11451995900279144}
{"pbw_levels": [5, 0, 2], "elapsed_seconds": 0.11718483400181867}
{"pbw_levels": [5, 2, 0], "elapsed_seconds": 0.121835584002838}
{"pbw_levels": [7, 0, 0], "elapsed_seconds": 0.12527991699971608}
{"pbw_levels": [0, 0, 8], "elapsed_seconds": 0.1432900840009097}
{"pbw_levels": [0, 2, 6], "elapsed_seconds": 0.1510450839996338}
{"pbw_levels": [0, 4, 4], "elapsed_seconds": 0.1570785000003525}
{"pbw_levels": [0, 6, 2], "elapsed_seconds": 0.1632693339997786}
{"pbw_levels": [0, 8, 0], "elapsed_seconds": 0.17800191700007417}
{"pbw_levels": [2, 0, 6], "elapsed_seconds": 0.18024629200226627}
{"pbw_levels": [2, 2, 4], "elapsed_seconds": 0.18361004200050957}
{"pbw_levels": [2, 4, 2], "elapsed_seconds": 0.1862834589992417}
{"pbw_levels": [2, 6, 0], "elapsed_seconds": 0.18918725000185077}
{"pbw_levels": [4, 0, 4], "elapsed_seconds": 0.19393479200152797}
{"pbw_levels": [4, 2, 2], "elapsed_seconds": 0.19986250000147265}
{"pbw_levels": [4, 4, 0], "elapsed_seconds": 0.20552920900081517}
{"pbw_levels": [6, 0, 2], "elapsed_seconds": 0.20872291699924972}
{"pbw_levels": [6, 2, 0], "elapsed_seconds": 0.21469679200163228}
{"pbw_levels": [8, 0, 0], "elapsed_seconds": 0.22076995899988106}
{"pbw_levels": [1, 0, 8], "elapsed_seconds": 0.2429503340026713}
{"pbw_levels": [1, 2, 6], "elapsed_seconds": 0.2577702920025331}
{"pbw_levels": [1, 4, 4], "elapsed_seconds": 0.2713093340025807}
{"pbw_levels": [1, 6, 2], "elapsed_seconds": 0.2863641670010111}
{"pbw_levels": [1, 8, 0], "elapsed_seconds": 0.3076216250010475}
{"pbw_levels": [3, 0, 6], "elapsed_seconds": 0.31597508400227525}
{"pbw_levels": [3, 2, 4], "elapsed_seconds": 0.3254277500018361}
{"pbw_levels": [3, 4, 2], "elapsed_seconds": 0.33540991700283485}
{"pbw_levels": [3, 6, 0], "elapsed_seconds": 0.34562875000119675}
{"pbw_levels": [5, 0, 4], "elapsed_seconds": 0.3513197920001403}
{"pbw_levels": [5, 2, 2], "elapsed_seconds": 0.35976558400216163}
{"pbw_levels": [5, 4, 0], "elapsed_seconds": 0.36713562500153785}
{"pbw_levels": [7, 0, 2], "elapsed_seconds": 0.37144400000033784}
{"pbw_levels": [7, 2, 0], "elapsed_seconds": 0.3801744590018643}
{"pbw_levels": [9, 0, 0], "elapsed_seconds": 0.3895944169998984}
{"pbw_levels": [0, 0, 10], "elapsed_seconds": 0.4340159589992254}
{"pbw_levels": [0, 2, 8], "elapsed_seconds": 0.44953616700149723}
{"pbw_levels": [0, 4, 6], "elapsed_seconds": 0.4634725840005558}
{"pbw_levels": [0, 6, 4], "elapsed_seconds": 0.4764684590008983}
{"pbw_levels": [0, 8, 2], "elapsed_seconds": 0.48618691700175987}
{"pbw_levels": [0, 10, 0], "elapsed_seconds": 0.5330667500020354}
{"pbw_levels": [2, 0, 8], "elapsed_seconds": 0.537600209001539}
{"pbw_levels": [2, 2, 6], "elapsed_seconds": 0.5454684169999382}
{"pbw_levels": [2, 4, 4], "elapsed_seconds": 0.5510599170011119}
{"pbw_levels": [2, 6, 2], "elapsed_seconds": 0.5573474170014379}
{"pbw_levels": [2, 8, 0], "elapsed_seconds": 0.562329292002687}
{"pbw_levels": [4, 0, 6], "elapsed_seconds": 0.5753557499992894}
{"pbw_levels": [4, 2, 4], "elapsed_seconds": 0.5892402499994205}
{"pbw_levels": [4, 4, 2], "elapsed_seconds": 0.6017750000028173}
{"pbw_levels": [4, 6, 0], "elapsed_seconds": 0.6149153340011253}
{"pbw_levels": [6, 0, 4], "elapsed_seconds": 0.6216475000001083}
{"pbw_levels": [6, 2, 2], "elapsed_seconds": 0.6332450000008976}
{"pbw_levels": [6, 4, 0], "elapsed_seconds": 0.6425162500017905}
{"pbw_levels": [8, 0, 2], "elapsed_seconds": 0.6490875840027002}
{"pbw_levels": [8, 2, 0], "elapsed_seconds": 0.6628618750000896}
{"pbw_levels": [10, 0, 0], "elapsed_seconds": 0.6820109590007633}
{"pbw_levels": [1, 0, 10], "elapsed_seconds": 0.7304911249993893}
{"pbw_levels": [1, 2, 8], "elapsed_seconds": 0.7617282920000434}
{"pbw_levels": [1, 4, 6], "elapsed_seconds": 0.7935501249994559}
{"pbw_levels": [1, 6, 4], "elapsed_seconds": 0.8251170840012492}
{"pbw_levels": [1, 8, 2], "elapsed_seconds": 0.8557316670012369}
{"pbw_levels": [1, 10, 0], "elapsed_seconds": 0.9023550000019895}
{"pbw_levels": [3, 0, 8], "elapsed_seconds": 0.9188478340001893}
{"pbw_levels": [3, 2, 6], "elapsed_seconds": 0.9422789590025786}
{"pbw_levels": [3, 4, 4], "elapsed_seconds": 0.9625396670016926}
{"pbw_levels": [3, 6, 2], "elapsed_seconds": 0.9843501249997644}
{"pbw_levels": [3, 8, 0], "elapsed_seconds": 1.0047785839997232}
{"pbw_levels": [5, 0, 6], "elapsed_seconds": 1.016710833999241}
{"pbw_levels": [5, 2, 4], "elapsed_seconds": 1.0339124170022842}
{"pbw_levels": [5, 4, 2], "elapsed_seconds": 1.0482763750005688}
{"pbw_levels": [5, 6, 0], "elapsed_seconds": 1.064137875000597}
{"pbw_levels": [7, 0, 4], "elapsed_seconds": 1.0718495840010291}
{"pbw_levels": [7, 2, 2], "elapsed_seconds": 1.0863830420021259}
{"pbw_levels": [7, 4, 0], "elapsed_seconds": 1.0978045000010752}
{"pbw_levels": [9, 0, 2], "elapsed_seconds": 1.105623999999807}
{"pbw_levels": [9, 2, 0], "elapsed_seconds": 1.1234517090015288}
{"pbw_levels": [11, 0, 0], "elapsed_seconds": 1.1442047090022243}
{"pbw_levels": [0, 0, 12], "elapsed_seconds": 1.2941364590005833}
{"pbw_levels": [0, 2, 10], "elapsed_seconds": 1.3281871250001132}
{"pbw_levels": [0, 4, 8], "elapsed_seconds": 1.3572672920017794}
{"pbw_levels": [0, 6, 6], "elapsed_seconds": 1.3869890000023588}
{"pbw_levels": [0, 8, 4], "elapsed_seconds": 1.409539209002105}
{"pbw_levels": [0, 10, 2], "elapsed_seconds": 1.4273347090020252}
{"pbw_levels": [0, 12, 0], "elapsed_seconds": 1.5813098750004428}
{"pbw_levels": [2, 0, 10], "elapsed_seconds": 1.589359459001571}
{"pbw_levels": [2, 2, 8], "elapsed_seconds": 1.605437083999277}
{"pbw_levels": [2, 4, 6], "elapsed_seconds": 1.61830454200026}
{"pbw_levels": [2, 6, 4], "elapsed_seconds": 1.6313230420018954}
{"pbw_levels": [2, 8, 2], "elapsed_seconds": 1.6411219170004188}
{"pbw_levels": [2, 10, 0], "elapsed_seconds": 1.649341459000425}
{"pbw_levels": [4, 0, 8], "elapsed_seconds": 1.6693210000012186}
{"pbw_levels": [4, 2, 6], "elapsed_seconds": 1.6996600839993334}
{"pbw_levels": [4, 4, 4], "elapsed_seconds": 1.7247539590025553}
{"pbw_levels": [4, 6, 2], "elapsed_seconds": 1.7520944999996573}
{"pbw_levels": [4, 8, 0], "elapsed_seconds": 1.775730500001373}
{"pbw_levels": [6, 0, 6], "elapsed_seconds": 1.7890237089995935}
{"pbw_levels": [6, 2, 4], "elapsed_seconds": 1.8105178750010964}
{"pbw_levels": [6, 4, 2], "elapsed_seconds": 1.828729333999945}
{"pbw_levels": [6, 6, 0], "elapsed_seconds": 1.8477953750007146}
{"pbw_levels": [8, 0, 4], "elapsed_seconds": 1.8613617090013577}
{"pbw_levels": [8, 2, 2], "elapsed_seconds": 1.8842579590018431}
{"pbw_levels": [8, 4, 0], "elapsed_seconds": 1.9038765840014094}
{"pbw_levels": [10, 0, 2], "elapsed_seconds": 1.913600084000791}
{"pbw_levels": [10, 2, 0], "elapsed_seconds": 1.9385326670017093}
{"pbw_levels": [12, 0, 0], "elapsed_seconds": 1.9744459590001497}
