{"pbw_levels": [0, 0, 0], "elapsed_seconds": 0.0045663749988307245}
{"pbw_levels": [1, 0, 0], "elapsed_seconds": 0.005623707998893224}
{"pbw_levels": [0, 0, 2], "elapsed_seconds": 0.00674783299837145}
{"pbw_levels": [0, 2, 0], "elapsed_seconds": 0.0077543330007756595}
{"pbw_levels": [2, 0, 0], "elapsed_seconds": 0.008140166999510257}
{"pbw_levels": [1, 0, 2], "elapsed_seconds": 0.0099541669987957}
{"pbw_levels": [1, 2, 0], "elapsed_seconds": 0.011840416998893488}
{"pbw_levels": [3, 0, 0], "elapsed_seconds": 0.01299749999816413}
{"pbw_levels": [0, 0, 4], "elapsed_seconds": 0.014966332997573772}
{"pbw_levels": [0, 2, 2], "elapsed_seconds": 0.016488624998601153}
{"pbw_levels": [0, 4, 0], "elapsed_seconds": 0.018629957998200553}
{"pbw_levels": [2, 0, 2], "elapsed_seconds": 0.01931749999857857}
{"pbw_levels": [2, 2, 0], "elapsed_seconds": 0.020286249997298}
{"pbw_levels": [4, 0, 0], "elapsed_seconds": 0.02181091699821991}
{"pbw_levels": [1, 0, 4], "elapsed_seconds": 0.026056541999423644}
{"pbw_levels": [1, 2, 2], "elapsed_seconds": 0.02898283299873583}
{"pbw_levels": [1, 4, 0], "elapsed_seconds": 0.032953124999039574}
{"pbw_levels": [3, 0, 2], "elapsed_seconds": 0.034681249999266583}
{"pbw_levels": [3, 2, 0], "elapsed_seconds": 0.03701145800005179}
{"pbw_levels": [5, 0, 0], "elapsed_seconds": 0.038965916999586625}
{"pbw_levels": [0, 0, 6], "elapsed_seconds": 0.04486229199756053}
{"pbw_levels": [0, 2, 4], "elapsed_seconds": 0.048132791998796165}
{"pbw_levels": [0, 4, 2], "elapsed_seconds": 0.05087954199916567}
{"pbw_levels": [0, 6, 0], "elapsed_seconds": 0.056867291998059954}
{"pbw_levels": [2, 0, 4], "elapsed_seconds": 0.0580138330005866}
{"pbw_levels": [2, 2, 2], "elapsed_seconds": 0.05955116699988139}
{"pbw_levels": [2, 4, 0], "elapsed_seconds": 0.06108591699739918}
{"pbw_levels": [4, 0, 2], "elapsed_seconds": 0.06352783299735165}
{"pbw_levels": [4, 2, 0], "elapsed_seconds": 0.06684787499762024}
{"pbw_levels": [6, 0, 0], "elapsed_seconds": 0.06922900000063237}
{"pbw_levels": [1, 0, 6], "elapsed_seconds": 0.07941191699865158}
{"pbw_levels": [1, 2, 4], "elapsed_seconds": 0.08604099999865866}
{"pbw_levels": [1, 4, 2], "elapsed_seconds": 0.09241545799886808}
{"pbw_levels": [1, 6, 0], "elapsed_seconds": 0.10289595799986273}
{"pbw_levels": [3, 0, 4], "elapsed_seconds": 0.10672208299729391}
{"pbw_levels": [3, 2, 2], "elapsed_seconds": 0.11106970800028648}
{"pbw_levels": [3, 4, 0], "elapsed_seconds": 0.11552870800005621}
{"pbw_levels": [5, 0, 2], "elapsed_seconds": 0.12290054199911538}
{"pbw_levels": [5, 2, 0], "elapsed_seconds": 0.12739841700022225}
{"pbw_levels": [7, 0, 0], "elapsed_seconds": 0.13080270799764548}
{"pbw_levels": [0, 0, 8], "elapsed_seconds": 0.14469083299991325}
{"pbw_levels": [0, 2, 6], "elapsed_seconds": 0.15208487500058254}
{"pbw_levels": [0, 4, 4], "elapsed_seconds": 0.15840720800042618}
{"pbw_levels": [0, 6, 2], "elapsed_seconds": 0.16458095800044248}
{"pbw_levels": [0, 8, 0], "elapsed_seconds": 0.17951449999964098}
{"pbw_levels": [2, 0, 6], "elapsed_seconds": 0.18178804199851584}
{"pbw_levels": [2, 2, 4], "elapsed_seconds": 0.18527491699933307}
{"pbw_levels": [2, 4, 2], "elapsed_seconds": 0.18792970799768227}
{"pbw_levels": [2, 6, 0], "elapsed_seconds": 0.19068920800054912}
{"pbw_levels": [4, 0, 4], "elapsed_seconds": 0.19527641699824017}
{"pbw_levels": [4, 2, 2], "elapsed_seconds": 0.2014135419995}
{"pbw_levels": [4, 4, 0], "elapsed_seconds": 0.20738920800067717}
{"pbw_levels": [6, 0, 2], "elapsed_seconds": 0.21071149999988847}
{"pbw_levels": [6, 2, 0], "elapsed_seconds": 0.21671429200068815}
{"pbw_levels": [8, 0, 0], "elapsed_seconds": 0.2228297500005283}
{"pbw_levels": [1, 0, 8], "elapsed_seconds": 0.24493649999931222}
{"pbw_levels": [1, 2, 6], "elapsed_seconds": 0.25988054199842736}
{"pbw_levels": [1, 4, 4], "elapsed_seconds": 0.2735660830003326}
{"pbw_levels": [1, 6, 2], "elapsed_seconds": 0.2887286250006582}
{"pbw_levels": [1, 8, 0], "elapsed_seconds": 0.3113214999975753}
{"pbw_levels": [3, 0, 6], "elapsed_seconds": 0.31994358299925807}
{"pbw_levels": [3, 2, 4], "elapsed_seconds": 0.32988354199915193}
{"pbw_levels": [3, 4, 2], "elapsed_seconds": 0.33933383299881825}
{"pbw_levels": [3, 6, 0], "elapsed_seconds": 0.34946237499752897}
{"pbw_levels": [5, 0, 4], "elapsed_seconds": 0.35483308299808414}
{"pbw_levels": [5, 2, 2], "elapsed_seconds": 0.36287512499984587}
{"pbw_levels": [5, 4, 0], "elapsed_seconds": 0.36989908299801755}
{"pbw_levels": [7, 0, 2], "elapsed_seconds": 0.37376016700000037}
{"pbw_levels": [7, 2, 0], "elapsed_seconds": 0.3822366669992334}
{"pbw_levels": [9, 0, 0], "elapsed_seconds": 0.3915257499975269}
{"pbw_levels": [0, 0, 10], "elapsed_seconds": 0.4362865420007438}
{"pbw_levels": [0, 2, 8], "elapsed_seconds": 0.4521201249990554}
{"pbw_levels": [0, 4, 6], "elapsed_seconds": 0.46709966699927463}
{"pbw_levels": [0, 6, 4], "elapsed_seconds": 0.4803011250005511}
{"pbw_levels": [0, 8, 2], "elapsed_seconds": 0.49082637500032433}
{"pbw_levels": [0, 10, 0], "elapsed_seconds": 0.538442249999207}
{"pbw_levels": [2, 0, 8], "elapsed_seconds": 0.5428763749987411}
{"pbw_levels": [2, 2, 6], "elapsed_seconds": 0.5506203330005519}
{"pbw_levels": [2, 4, 4], "elapsed_seconds": 0.5563529169994581}
{"pbw_levels": [2, 6, 2], "elapsed_seconds": 0.5628365829979884}
{"pbw_levels": [2, 8, 0], "elapsed_seconds": 0.567755500000203}
{"pbw_levels": [4, 0, 6], "elapsed_seconds": 0.5781320829992183}
{"pbw_levels": [4, 2, 4], "elapsed_seconds": 0.591349332997197}
{"pbw_levels": [4, 4, 2], "elapsed_seconds": 0.6040831669997715}
{"pbw_levels": [4, 6, 0], "elapsed_seconds": 0.6175305830001889}
{"pbw_levels": [6, 0, 4], "elapsed_seconds": 0.6245428750007704}
{"pbw_levels": [6, 2, 2], "elapsed_seconds": 0.636171624999406}
{"pbw_levels": [6, 4, 0], "elapsed_seconds": 0.6451324169975123}
{"pbw_levels": [8, 0, 2], "elapsed_seconds": 0.6517364169994835}
{"pbw_levels": [8, 2, 0], "elapsed_seconds": 0.6718712500005495}
{"pbw_levels": [10, 0, 0], "elapsed_seconds": 0.6842931249993853}
{"pbw_levels": [1, 0, 10], "elapsed_seconds": 0.7307037919999857}
{"pbw_levels": [1, 2, 8], "elapsed_seconds": 0.7608180829993216}
{"pbw_levels": [1, 4, 6], "elapsed_seconds": 0.7926815419996274}
{"pbw_levels": [1, 6, 4], "elapsed_seconds": 0.8238222500003758}
{"pbw_levels": [1, 8, 2], "elapsed_seconds": 0.8548303749994375}
{"pbw_levels": [1, 10, 0], "elapsed_seconds": 0.9014831249987765}
{"pbw_levels": [3, 0, 8], "elapsed_seconds": 0.9185005420004018}
{"pbw_levels": [3, 2, 6], "elapsed_seconds": 0.9404500829987228}
{"pbw_levels": [3, 4, 4], "elapsed_seconds": 0.9591625419998309}
{"pbw_levels": [3, 6, 2], "elapsed_seconds": 0.9799080829980085}
{"pbw_levels": [3, 8, 0], "elapsed_seconds": 0.9991183329984779}
{"pbw_levels": [5, 0, 6], "elapsed_seconds": 1.0107558329982567}
{"pbw_levels": [5, 2, 4], "elapsed_seconds": 1.0273098329998902}
{"pbw_levels": [5, 4, 2], "elapsed_seconds": 1.0414180000007036}
{"pbw_levels": [5, 6, 0], "elapsed_seconds": 1.0575951669998176}
{"pbw_levels": [7, 0, 4], "elapsed_seconds": 1.0656176249976852}
{"pbw_levels": [7, 2, 2], "elapsed_seconds": 1.0803437079994183}
{"pbw_levels": [7, 4, 0], "elapsed_seconds": 1.0919070829986595}
{"pbw_levels": [9, 0, 2], "elapsed_seconds": 1.0996712079977442}
{"pbw_levels": [9, 2, 0], "elapsed_seconds": 1.1173077079984068}
{"pbw_levels": [11, 0, 0], "elapsed_seconds": 1.1384733749982843}
{"pbw_levels": [0, 0, 12], "elapsed_seconds": 1.2865834170006565}
{"pbw_levels": [0, 2, 10], "elapsed_seconds": 1.3167921249987558}
{"pbw_levels": [0, 4, 8], "elapsed_seconds": 1.34549295800025}
{"pbw_levels": [0, 6, 6], "elapsed_seconds": 1.3736777919984888}
{"pbw_levels": [0, 8, 4], "elapsed_seconds": 1.3948383329989156}
{"pbw_levels": [0, 10, 2], "elapsed_seconds": 1.4123596669996914}
{"pbw_levels": [0, 12, 0], "elapsed_seconds": 1.5647464579997177}
{"pbw_levels": [2, 0, 10], "elapsed_seconds": 1.5723872919988935}
{"pbw_levels": [2, 2, 8], "elapsed_seconds": 1.5880983329989249}
{"pbw_levels": [2, 4, 6], "elapsed_seconds": 1.6004949579983077}
{"pbw_levels": [2, 6, 4], "elapsed_seconds": 1.6136646669983747}
{"pbw_levels": [2, 8, 2], "elapsed_seconds": 1.6236131669975293}
{"pbw_levels": [2, 10, 0], "elapsed_seconds": 1.6321675830004096}
{"pbw_levels": [4, 0, 8], "elapsed_seconds": 1.6529889999983425}
{"pbw_levels": [4, 2, 6], "elapsed_seconds": 1.6832024169998476}
{"pbw_levels": [4, 4, 4], "elapsed_seconds": 1.7099291669983359}
{"pbw_levels": [4, 6, 2], "elapsed_seconds": 1.7383929999996326}
{"pbw_levels": [4, 8, 0], "elapsed_seconds": 1.7623470420003287}
{"pbw_levels": [6, 0, 6], "elapsed_seconds": 1.7757857920005335}
{"pbw_levels": [6, 2, 4], "elapsed_seconds": 1.7970559169989428}
{"pbw_levels": [6, 4, 2], "elapsed_seconds": 1.8147985830000835}
{"pbw_levels": [6, 6, 0], "elapsed_seconds": 1.8335231249984645}
{"pbw_levels": [8, 0, 4], "elapsed_seconds": 1.8473997919973044}
{"pbw_levels": [8, 2, 2], "elapsed_seconds": 1.871265082998434}
{"pbw_levels": [8, 4, 0], "elapsed_seconds": 1.891443624997919}
{"pbw_levels": [10, 0, 2], "elapsed_seconds": 1.9011454169994977}
{"pbw_levels": [10, 2, 0], "elapsed_seconds": 1.9269065000007686}
{"pbw_levels": [12, 0, 0], "elapsed_seconds": 1.9703420419973554}
{"pbw_levels": [1, 0, 12], "elapsed_seconds": 2.0678603749984177}
{"pbw_levels": [1, 2, 10], "elapsed_seconds": 2.1293858329991053}
{"pbw_levels": [1, 4, 8], "elapsed_seconds": 2.1948953329992946}
{"pbw_levels": [1, 6, 6], "elapsed_seconds": 2.2624995000005583}
{"pbw_levels": [1, 8, 4], "elapsed_seconds": 2.327124499999627}
{"pbw_levels": [1, 10, 2], "elapsed_seconds": 2.388470874997438}
{"pbw_levels": [1, 12, 0], "elapsed_seconds": 2.480768541998259}
{"pbw_levels": [3, 0, 10], "elapsed_seconds": 2.513792416997603}
{"pbw_levels": [3, 2, 8], "elapsed_seconds": 2.55970541699935}
{"pbw_levels": [3, 4, 6], "elapsed_seconds": 2.606087791999016}
{"pbw_levels": [3, 6, 4], "elapsed_seconds": 2.6499517079973884}
{"pbw_levels": [3, 8, 2], "elapsed_seconds": 2.6902026669995394}
{"pbw_levels": [3, 10, 0], "elapsed_seconds": 2.7276717919994553}
{"pbw_levels": [5, 0, 8], "elapsed_seconds": 2.7493749169989314}
{"pbw_levels": [5, 2, 6], "elapsed_seconds": 2.7874984579975717}
{"pbw_levels": [5, 4, 4], "elapsed_seconds": 2.818066291998548}
{"pbw_levels": [5, 6, 2], "elapsed_seconds": 2.8516650829988066}
{"pbw_levels": [5, 8, 0], "elapsed_seconds": 2.8811659579987463}
{"pbw_levels": [7, 0, 6], "elapsed_seconds": 2.897164292000525}
{"pbw_levels": [7, 2, 4], "elapsed_seconds": 2.9277174579983694}
{"pbw_levels": [7, 4, 2], "elapsed_seconds": 2.951866332998179}
{"pbw_levels": [7, 6, 0], "elapsed_seconds": 2.9776283749997674}
{"pbw_levels": [9, 0, 4], "elapsed_seconds": 2.9935155419989314}
{"pbw_levels": [9, 2, 2], "elapsed_seconds": 3.024179207997804}
{"pbw_levels": [9, 4, 0], "elapsed_seconds": 3.049058791999414}
{"pbw_levels": [11, 0, 2], "elapsed_seconds": 3.0620812919987657}
{"pbw_levels": [11, 2, 0], "elapsed_seconds": 3.1071896249995916}
{"pbw_levels": [13, 0, 0], "elapsed_seconds": 3.1815303749972372}
{"pbw_levels": [0, 0, 14], "elapsed_seconds": 3.6772862920006446}
{"pbw_levels": [0, 2, 12], "elapsed_seconds": 3.7342842500002007}
{"pbw_levels": [0, 4, 10], "elapsed_seconds": 3.7898072919997503}
{"pbw_levels": [0, 6, 8], "elapsed_seconds": 3.8462743329982914}
{"pbw_levels": [0, 8, 6], "elapsed_seconds": 3.8930560419976246}
{"pbw_levels": [0, 10, 4], "elapsed_seconds": 3.9320887499998207}
{"pbw_levels": [0, 12, 2], "elapsed_seconds": 3.962413082997955}
{"pbw_levels": [0, 14, 0], "elapsed_seconds": 4.4559528329991736}
{"pbw_levels": [2, 0, 12], "elapsed_seconds": 4.468869749998703}
{"pbw_levels": [2, 2, 10], "elapsed_seconds": 4.499078000000736}
{"pbw_levels": [2, 4, 8], "elapsed_seconds": 4.523930416999065}
{"pbw_levels": [2, 6, 6], "elapsed_seconds": 4.552406791997782}
{"pbw_levels": [2, 8, 4], "elapsed_seconds": 4.57384275000004}
{"pbw_levels": [2, 10, 2], "elapsed_seconds": 4.591451958000107}
{"pbw_levels": [2, 12, 0], "elapsed_seconds": 4.605444541997713}
{"pbw_levels": [4, 0, 10], "elapsed_seconds": 4.643879249997553}
{"pbw_levels": [4, 2, 8], "elapsed_seconds": 4.7046684169981745}
{"pbw_levels": [4, 4, 6], "elapsed_seconds": 4.763329957997485}
{"pbw_levels": [4, 6, 4], "elapsed_seconds": 4.822675207997236}
{"pbw_levels": [4, 8, 2], "elapsed_seconds": 4.873477791999903}
{"pbw_levels": [4, 10, 0], "elapsed_seconds": 4.919620124997891}
{"pbw_levels": [6, 0, 8], "elapsed_seconds": 4.945184124997468}
{"pbw_levels": [6, 2, 6], "elapsed_seconds": 4.991718249999394}
{"pbw_levels": [6, 4, 4], "elapsed_seconds": 5.0301981669981615}
{"pbw_levels": [6, 6, 2], "elapsed_seconds": 5.070417832997919}
{"pbw_levels": [6, 8, 0], "elapsed_seconds": 5.103378749998228}
{"pbw_levels": [8, 0, 6], "elapsed_seconds": 5.131853916998807}
{"pbw_levels": [8, 2, 4], "elapsed_seconds": 5.182158042000083}
{"pbw_levels": [8, 4, 2], "elapsed_seconds": 5.223314291997667}
{"pbw_levels": [8, 6, 0], "elapsed_seconds": 5.265434917000675}
{"pbw_levels": [10, 0, 4], "elapsed_seconds": 5.284568125000078}
{"pbw_levels": [10, 2, 2], "elapsed_seconds": 5.32381995799733}
{"pbw_levels": [10, 4, 0], "elapsed_seconds": 5.356406416998652}
{"pbw_levels": [12, 0, 2], "elapsed_seconds": 5.3738131249992875}
{"pbw_levels": [12, 2, 0], "elapsed_seconds": 5.42408733299817}
{"pbw_levels": [14, 0, 0], "elapsed_seconds": 5.52037270800065}
{"pbw_levels": [1, 0, 14], "elapsed_seconds": 5.716273999998521}
{"pbw_levels": [1, 2, 12], "elapsed_seconds": 5.834609624998848}
{"pbw_levels": [1, 4, 10], "elapsed_seconds": 5.961788500000694}
{"pbw_levels": [1, 6, 8], "elapsed_seconds": 6.0958281669991266}
{"pbw_levels": [1, 8, 6], "elapsed_seconds": 6.232291374999477}
{"pbw_levels": [1, 10, 4], "elapsed_seconds": 6.361013041998376}
{"pbw_levels": [1, 12, 2], "elapsed_seconds": 6.481001500000275}
{"pbw_levels": [1, 14, 0], "elapsed_seconds": 6.667195833000733}
{"pbw_levels": [3, 0, 12], "elapsed_seconds": 6.73197395799798}
{"pbw_levels": [3, 2, 10], "elapsed_seconds": 6.821216666998225}
{"pbw_levels": [3, 4, 8], "elapsed_seconds": 6.9080438329983735}
{"pbw_levels": [3, 6, 6], "elapsed_seconds": 7.0028461669971875}
{"pbw_levels": [3, 8, 4], "elapsed_seconds": 7.089371457997913}
{"pbw_levels": [3, 10, 2], "elapsed_seconds": 7.170358916999248}
{"pbw_levels": [3, 12, 0], "elapsed_seconds": 7.246558124999865}
{"pbw_levels": [5, 0, 10], "elapsed_seconds": 7.291788667000219}
{"pbw_levels": [5, 2, 8], "elapsed_seconds": 7.396099333000166}
{"pbw_levels": [5, 4, 6], "elapsed_seconds": 7.480439124999975}
{"pbw_levels": [5, 6, 4], "elapsed_seconds": 7.557865291997587}
{"pbw_levels": [5, 8, 2], "elapsed_seconds": 7.623526499999571}
{"pbw_levels": [5, 10, 0], "elapsed_seconds": 7.680551582998305}
{"pbw_levels": [7, 0, 8], "elapsed_seconds": 7.71300387500014}
{"pbw_levels": [7, 2, 6], "elapsed_seconds": 7.781692332999228}
{"pbw_levels": [7, 4, 4], "elapsed_seconds": 7.837123166998936}
{"pbw_levels": [7, 6, 2], "elapsed_seconds": 7.894924958000047}
{"pbw_levels": [7, 8, 0], "elapsed_seconds": 7.941220417000295}
{"pbw_levels": [9, 0, 6], "elapsed_seconds": 7.974785416998202}
{"pbw_levels": [9, 2, 4], "elapsed_seconds": 8.043150207999133}
{"pbw_levels": [9, 4, 2], "elapsed_seconds": 8.095059749997745}
{"pbw_levels": [9, 6, 0], "elapsed_seconds": 8.15004483300072}
{"pbw_levels": [11, 0, 4], "elapsed_seconds": 8.17498516699925}
{"pbw_levels": [11, 2, 2], "elapsed_seconds": 8.232191582999803}
{"pbw_levels": [11, 4, 0], "elapsed_seconds": 8.278698874997644}
{"pbw_levels": [13, 0, 2], "elapsed_seconds": 8.300010708000627}
{"pbw_levels": [13, 2, 0], "elapsed_seconds": 8.367528416998539}
{"pbw_levels": [15, 0, 0], "elapsed_seconds": 8.55700637499831}
{"pbw_levels": [0, 0, 16], "elapsed_seconds": 10.166082166997512}
{"pbw_levels": [0, 2, 14], "elapsed_seconds": 10.27843566699812}
{"pbw_levels": [0, 4, 12], "elapsed_seconds": 10.393109458000254}
{"pbw_levels": [0, 6, 10], "elapsed_seconds": 10.513982749998831}
{"pbw_levels": [0, 8, 8], "elapsed_seconds": 10.611602749999292}
{"pbw_levels": [0, 10, 6], "elapsed_seconds": 10.700974332998157}
{"pbw_levels": [0, 12, 4], "elapsed_seconds": 10.77069316699999}
{"pbw_levels": [0, 14, 2], "elapsed_seconds": 10.821010749998095}
{"pbw_levels": [0, 16, 0], "elapsed_seconds": 12.416032041997823}
{"pbw_levels": [2, 0, 14], "elapsed_seconds": 12.438502832999802}
{"pbw_levels": [2, 2, 12], "elapsed_seconds": 12.496945999999298}
{"pbw_levels": [2, 4, 10], "elapsed_seconds": 12.546437707998848}
{"pbw_levels": [2, 6, 8], "elapsed_seconds": 12.60509649999949}
{"pbw_levels": [2, 8, 6], "elapsed_seconds": 12.652960457999143}
{"pbw_levels": [2, 10, 4], "elapsed_seconds": 12.69235454199952}
{"pbw_levels": [2, 12, 2], "elapsed_seconds": 12.723249916998611}
{"pbw_levels": [2, 14, 0], "elapsed_seconds": 12.746585166998557}
{"pbw_levels": [4, 0, 12], "elapsed_seconds": 12.819183374998829}
{"pbw_levels": [4, 2, 10], "elapsed_seconds": 12.94347766699866}
{"pbw_levels": [4, 4, 8], "elapsed_seconds": 13.059464166999533}
{"pbw_levels": [4, 6, 6], "elapsed_seconds": 13.186645916997804}
{"pbw_levels": [4, 8, 4], "elapsed_seconds": 13.320078041997476}
{"pbw_levels": [4, 10, 2], "elapsed_seconds": 13.419166832998599}
{"pbw_levels": [4, 12, 0], "elapsed_seconds": 13.515039333000459}
{"pbw_levels": [6, 0, 10], "elapsed_seconds": 13.56483470799867}
{"pbw_levels": [6, 2, 8], "elapsed_seconds": 13.662280417000147}
{"pbw_levels": [6, 4, 6], "elapsed_seconds": 13.749671541998396}
{"pbw_levels": [6, 6, 4], "elapsed_seconds": 13.838517500000307}
{"pbw_levels": [6, 8, 2], "elapsed_seconds": 13.91232725000009}
{"pbw_levels": [6, 10, 0], "elapsed_seconds": 13.977082375000464}
{"pbw_levels": [8, 0, 8], "elapsed_seconds": 14.028173082999274}
{"pbw_levels": [8, 2, 6], "elapsed_seconds": 14.128594707999582}
{"pbw_levels": [8, 4, 4], "elapsed_seconds": 14.211418832997879}
{"pbw_levels": [8, 6, 2], "elapsed_seconds": 14.298765542000183}
{"pbw_levels": [8, 8, 0], "elapsed_seconds": 14.368978167000023}
{"pbw_levels": [10, 0, 6], "elapsed_seconds": 14.407413291999546}
{"pbw_levels": [10, 2, 4], "elapsed_seconds": 14.48972616699757}
{"pbw_levels": [10, 4, 2], "elapsed_seconds": 14.553078917000676}
{"pbw_levels": [10, 6, 0], "elapsed_seconds": 14.61793674999717}
{"pbw_levels": [12, 0, 4], "elapsed_seconds": 14.65109549999761}
{"pbw_levels": [12, 2, 2], "elapsed_seconds": 14.72660087499753}
{"pbw_levels": [12, 4, 0], "elapsed_seconds": 14.787922374998743}
{"pbw_levels": [14, 0, 2], "elapsed_seconds": 14.811849416997575}
{"pbw_levels": [14, 2, 0], "elapsed_seconds": 14.904938707997644}
{"pbw_levels": [16, 0, 0], "elapsed_seconds": 15.22487241699855}
{"pbw_levels": [1, 0, 16], "elapsed_seconds": 15.618573166997521}
{"pbw_levels": [1, 2, 14], "elapsed_seconds": 15.842445874997793}
{"pbw_levels": [1, 4, 12], "elapsed_seconds": 16.09273720800047}
{"pbw_levels": [1, 6, 10], "elapsed_seconds": 16.362151707999146}
{"pbw_levels": [1, 8, 8], "elapsed_seconds": 16.61562262499865}
{"pbw_levels": [1, 10, 6], "elapsed_seconds": 16.886225207999814}
{"pbw_levels": [1, 12, 4], "elapsed_seconds": 17.136289250000118}
{"pbw_levels": [1, 14, 2], "elapsed_seconds": 17.363022333000117}
{"pbw_levels": [1, 16, 0], "elapsed_seconds": 17.723394500000722}
{"pbw_levels": [3, 0, 14], "elapsed_seconds": 17.841010707998066}
{"pbw_levels": [3, 2, 12], "elapsed_seconds": 18.011977292000665}
{"pbw_levels": [3, 4, 10], "elapsed_seconds": 18.186314916998526}
{"pbw_levels": [3, 6, 8], "elapsed_seconds": 18.376004082998406}
{"pbw_levels": [3, 8, 6], "elapsed_seconds": 18.557768957998633}
{"pbw_levels": [3, 10, 4], "elapsed_seconds": 18.72634479199769}
{"pbw_levels": [3, 12, 2], "elapsed_seconds": 18.87596745799965}
{"pbw_levels": [3, 14, 0], "elapsed_seconds": 19.005944082997303}
{"pbw_levels": [5, 0, 12], "elapsed_seconds": 19.083874332998676}
{"pbw_levels": [5, 2, 10], "elapsed_seconds": 19.23970795800051}
{"pbw_levels": [5, 4, 8], "elapsed_seconds": 19.379689332999988}
{"pbw_levels": [5, 6, 6], "elapsed_seconds": 19.534811833000276}
{"pbw_levels": [5, 8, 4], "elapsed_seconds": 19.666739500000403}
{"pbw_levels": [5, 10, 2], "elapsed_seconds": 19.783707208000124}
{"pbw_levels": [5, 12, 0], "elapsed_seconds": 19.883836791999784}
{"pbw_levels": [7, 0, 10], "elapsed_seconds": 19.940473708000354}
{"pbw_levels": [7, 2, 8], "elapsed_seconds": 20.06949424999766}
{"pbw_levels": [7, 4, 6], "elapsed_seconds": 20.182967582997662}
{"pbw_levels": [7, 6, 4], "elapsed_seconds": 20.30455379200066}
{"pbw_levels": [7, 8, 2], "elapsed_seconds": 20.402239082999586}
{"pbw_levels": [7, 10, 0], "elapsed_seconds": 20.483838666998054}
{"pbw_levels": [9, 0, 8], "elapsed_seconds": 20.543164041999262}
{"pbw_levels": [9, 2, 6], "elapsed_seconds": 20.681396583000605}
{"pbw_levels": [9, 4, 4], "elapsed_seconds": 20.78809637499944}
{"pbw_levels": [9, 6, 2], "elapsed_seconds": 20.912138583000342}
{"pbw_levels": [9, 8, 0], "elapsed_seconds": 21.00012629199773}
{"pbw_levels": [11, 0, 6], "elapsed_seconds": 21.047670707997895}
{"pbw_levels": [11, 2, 4], "elapsed_seconds": 21.16235237499859}
{"pbw_levels": [11, 4, 2], "elapsed_seconds": 21.247669666998263}
{"pbw_levels": [11, 6, 0], "elapsed_seconds": 21.335317124998255}
{"pbw_levels": [13, 0, 4], "elapsed_seconds": 21.377097291999235}
{"pbw_levels": [13, 2, 2], "elapsed_seconds": 21.481999416999315}
{"pbw_levels": [13, 4, 0], "elapsed_seconds": 21.56118804200014}
{"pbw_levels": [15, 0, 2], "elapsed_seconds": 21.59260812499997}
{"pbw_levels": [15, 2, 0], "elapsed_seconds": 21.710126082998613}
{"pbw_levels": [17, 0, 0], "elapsed_seconds": 22.251786124998034}
{"pbw_levels": [0, 0, 18], "elapsed_seconds": 27.43207374999838}
{"pbw_levels": [0, 2, 16], "elapsed_seconds": 27.63120466699911}
{"pbw_levels": [0, 4, 14], "elapsed_seconds": 27.836008457998105}
{"pbw_levels": [0, 6, 12], "elapsed_seconds": 28.057282707999548}
{"pbw_levels": [0, 8, 10], "elapsed_seconds": 28.243094749999727}
{"pbw_levels": [0, 10, 8], "elapsed_seconds": 28.417255000000296}
{"pbw_levels": [0, 12, 6], "elapsed_seconds": 28.611435124999844}
{"pbw_levels": [0, 14, 4], "elapsed_seconds": 28.72600095799862}
{"pbw_levels": [0, 16, 2], "elapsed_seconds": 28.81097320799745}
{"pbw_levels": [0, 18, 0], "elapsed_seconds": 34.121443042000465}
{"pbw_levels": [2, 0, 16], "elapsed_seconds": 34.1618295829976}
{"pbw_levels": [2, 2, 14], "elapsed_seconds": 34.274288791999425}
{"pbw_levels": [2, 4, 12], "elapsed_seconds": 34.3704823329972}
{"pbw_levels": [2, 6, 10], "elapsed_seconds": 34.487970624999434}
{"pbw_levels": [2, 8, 8], "elapsed_seconds": 34.598681666997436}
{"pbw_levels": [2, 10, 6], "elapsed_seconds": 34.6909452079999}
{"pbw_levels": [2, 12, 4], "elapsed_seconds": 34.76455170799818}
{"pbw_levels": [2, 14, 2], "elapsed_seconds": 34.81631762499819}
{"pbw_levels": [2, 16, 0], "elapsed_seconds": 34.85659479199967}
{"pbw_levels": [4, 0, 14], "elapsed_seconds": 34.99166154200066}
{"pbw_levels": [4, 2, 12], "elapsed_seconds": 35.23211354199884}
{"pbw_levels": [4, 4, 10], "elapsed_seconds": 35.46456537499762}
{"pbw_levels": [4, 6, 8], "elapsed_seconds": 35.72260020799877}
{"pbw_levels": [4, 8, 6], "elapsed_seconds": 35.96094912499757}
{"pbw_levels": [4, 10, 4], "elapsed_seconds": 36.242827333000605}
{"pbw_levels": [4, 12, 2], "elapsed_seconds": 36.43135529199935}
{"pbw_levels": [4, 14, 0], "elapsed_seconds": 36.589551041997765}
{"pbw_levels": [6, 0, 12], "elapsed_seconds": 36.67851120799969}
{"pbw_levels": [6, 2, 10], "elapsed_seconds": 36.86594250000053}
{"pbw_levels": [6, 4, 8], "elapsed_seconds": 37.03374504199746}
{"pbw_levels": [6, 6, 6], "elapsed_seconds": 37.224775250000675}
{"pbw_levels": [6, 8, 4], "elapsed_seconds": 37.38306695799838}
{"pbw_levels": [6, 10, 2], "elapsed_seconds": 37.5229630419999}
{"pbw_levels": [6, 12, 0], "elapsed_seconds": 37.64071191699986}
{"pbw_levels": [8, 0, 10], "elapsed_seconds": 37.73638600000049}
{"pbw_levels": [8, 2, 8], "elapsed_seconds": 37.933396166998136}
{"pbw_levels": [8, 4, 6], "elapsed_seconds": 38.11561979199905}
{"pbw_levels": [8, 6, 4], "elapsed_seconds": 38.31442866699945}
{"pbw_levels": [8, 8, 2], "elapsed_seconds": 38.47321779199774}
{"pbw_levels": [8, 10, 0], "elapsed_seconds": 38.61239504200057}
{"pbw_levels": [10, 0, 8], "elapsed_seconds": 38.687498957999196}
{"pbw_levels": [10, 2, 6], "elapsed_seconds": 38.8821583329991}
{"pbw_levels": [10, 4, 4], "elapsed_seconds": 39.02306495800076}
{"pbw_levels": [10, 6, 2], "elapsed_seconds": 39.16826299999957}
{"pbw_levels": [10, 8, 0], "elapsed_seconds": 39.281146041998}
{"pbw_levels": [12, 0, 6], "elapsed_seconds": 39.348369791998266}
{"pbw_levels": [12, 2, 4], "elapsed_seconds": 39.51404229199761}
{"pbw_levels": [12, 4, 2], "elapsed_seconds": 39.63852324999971}
{"pbw_levels": [12, 6, 0], "elapsed_seconds": 39.764744332998816}
{"pbw_levels": [14, 0, 4], "elapsed_seconds": 39.81437970799743}
{"pbw_levels": [14, 2, 2], "elapsed_seconds": 39.947591957999975}
{"pbw_levels": [14, 4, 0], "elapsed_seconds": 40.05115687500074}
{"pbw_levels": [16, 0, 2], "elapsed_seconds": 40.093247417000384}
{"pbw_levels": [16, 2, 0], "elapsed_seconds": 40.26655779199791}
{"pbw_levels": [18, 0, 0], "elapsed_seconds": 41.16620587500074}
{"pbw_levels": [1, 0, 18], "elapsed_seconds": 41.834513541998604}
{"pbw_levels": [1, 2, 16], "elapsed_seconds": 42.25169341699802}
{"pbw_levels": [1, 4, 14], "elapsed_seconds": 42.72499112500009}
{"pbw_levels": [1, 6, 12], "elapsed_seconds": 43.25232312499793}
{"pbw_levels": [1, 8, 10], "elapsed_seconds": 43.769301874999655}
{"pbw_levels": [1, 10, 8], "elapsed_seconds": 44.28527241700067}
{"pbw_levels": [1, 12, 6], "elapsed_seconds": 44.81763024999964}
{"pbw_levels": [1, 14, 4], "elapsed_seconds": 45.304535832998226}
{"pbw_levels": [1, 16, 2], "elapsed_seconds": 45.72084341699883}
{"pbw_levels": [1, 18, 0], "elapsed_seconds": 46.39281737499914}
{"pbw_levels": [3, 0, 16], "elapsed_seconds": 46.605396582999674}
{"pbw_levels": [3, 2, 14], "elapsed_seconds": 46.94387162500061}
{"pbw_levels": [3, 4, 12], "elapsed_seconds": 47.28194554199945}
{"pbw_levels": [3, 6, 10], "elapsed_seconds": 47.658941207999305}
{"pbw_levels": [3, 8, 8], "elapsed_seconds": 48.010366124999564}
{"pbw_levels": [3, 10, 6], "elapsed_seconds": 48.37070362499799}
{"pbw_levels": [3, 12, 4], "elapsed_seconds": 48.68954929199754}
{"pbw_levels": [3, 14, 2], "elapsed_seconds": 48.96677041699877}
{"pbw_levels": [3, 16, 0], "elapsed_seconds": 49.203716500000155}
{"pbw_levels": [5, 0, 14], "elapsed_seconds": 49.34477191699989}
{"pbw_levels": [5, 2, 12], "elapsed_seconds": 49.63798541699725}
{"pbw_levels": [5, 4, 10], "elapsed_seconds": 49.920382291998976}
{"pbw_levels": [5, 6, 8], "elapsed_seconds": 50.236824207997415}
{"pbw_levels": [5, 8, 6], "elapsed_seconds": 50.52780270799849}
{"pbw_levels": [5, 10, 4], "elapsed_seconds": 50.789304916997935}
{"pbw_levels": [5, 12, 2], "elapsed_seconds": 51.011098082999524}
{"pbw_levels": [5, 14, 0], "elapsed_seconds": 51.19538854200073}
{"pbw_levels": [7, 0, 12], "elapsed_seconds": 51.30018233299779}
{"pbw_levels": [7, 2, 10], "elapsed_seconds": 51.572887499998615}
{"pbw_levels": [7, 4, 8], "elapsed_seconds": 51.80323554200004}
{"pbw_levels": [7, 6, 6], "elapsed_seconds": 52.06154204199993}
{"pbw_levels": [7, 8, 4], "elapsed_seconds": 52.276294832998246}
{"pbw_levels": [7, 10, 2], "elapsed_seconds": 52.45932137499767}
{"pbw_levels": [7, 12, 0], "elapsed_seconds": 52.605967874998896}
{"pbw_levels": [9, 0, 10], "elapsed_seconds": 52.71881249999933}
{"pbw_levels": [9, 2, 8], "elapsed_seconds": 52.977430291997734}
{"pbw_levels": [9, 4, 6], "elapsed_seconds": 53.2095714169991}
{"pbw_levels": [9, 6, 4], "elapsed_seconds": 53.45337954199931}
{"pbw_levels": [9, 8, 2], "elapsed_seconds": 53.646538332999626}
{"pbw_levels": [9, 10, 0], "elapsed_seconds": 53.81428949999827}
{"pbw_levels": [11, 0, 8], "elapsed_seconds": 53.90176220799913}
{"pbw_levels": [11, 2, 6], "elapsed_seconds": 54.141019708000385}
{"pbw_levels": [11, 4, 4], "elapsed_seconds": 54.32268741699954}
{"pbw_levels": [11, 6, 2], "elapsed_seconds": 54.510887166998145}
{"pbw_levels": [11, 8, 0], "elapsed_seconds": 54.65630954199878}
{"pbw_levels": [13, 0, 6], "elapsed_seconds": 54.74126904199875}
{"pbw_levels": [13, 2, 4], "elapsed_seconds": 54.964282624998305}
{"pbw_levels": [13, 4, 2], "elapsed_seconds": 55.123205749998306}
{"pbw_levels": [13, 6, 0], "elapsed_seconds": 55.287114167000254}
{"pbw_levels": [15, 0, 4], "elapsed_seconds": 55.35096633300054}
{"pbw_levels": [15, 2, 2], "elapsed_seconds": 55.5349721249986}
{"pbw_levels": [15, 4, 0], "elapsed_seconds": 55.67444483299914}
{"pbw_levels": [17, 0, 2], "elapsed_seconds": 55.7244898329991}
{"pbw_levels": [17, 2, 0], "elapsed_seconds": 55.94594049999796}
{"pbw_levels": [19, 0, 0], "elapsed_seconds": 57.66867812499913}
{"pbw_levels": [0, 0, 20], "elapsed_seconds": 73.81395874999725}
{"pbw_levels": [0, 2, 18], "elapsed_seconds": 74.17722920799861}
{"pbw_levels": [0, 4, 16], "elapsed_seconds": 74.56703112499963}
{"pbw_levels": [0, 6, 14], "elapsed_seconds": 74.98255837499892}
{"pbw_levels": [0, 8, 12], "elapsed_seconds": 75.36210833299992}
{"pbw_levels": [0, 10, 10], "elapsed_seconds": 75.71237266699973}
{"pbw_levels": [0, 12, 8], "elapsed_seconds": 76.13908120799897}
{"pbw_levels": [0, 14, 6], "elapsed_seconds": 76.39288862499961}
{"pbw_levels": [0, 16, 4], "elapsed_seconds": 76.57225416700021}
{"pbw_levels": [0, 18, 2], "elapsed_seconds": 76.70762299999842}
{"pbw_levels": [0, 20, 0], "elapsed_seconds": 92.82478925000032}
{"pbw_levels": [2, 0, 18], "elapsed_seconds": 92.89582095799778}
{"pbw_levels": [2, 2, 16], "elapsed_seconds": 93.10367599999881}
{"pbw_levels": [2, 4, 14], "elapsed_seconds": 93.28393604200028}
{"pbw_levels": [2, 6, 12], "elapsed_seconds": 93.50811616699866}
{"pbw_levels": [2, 8, 10], "elapsed_seconds": 93.69834033299776}
{"pbw_levels": [2, 10, 8], "elapsed_seconds": 93.87808129199766}
{"pbw_levels": [2, 12, 6], "elapsed_seconds": 94.03782416700051}
{"pbw_levels": [2, 14, 4], "elapsed_seconds": 94.15594258299825}
{"pbw_levels": [2, 16, 2], "elapsed_seconds": 94.24368162499741}
{"pbw_levels": [2, 18, 0], "elapsed_seconds": 94.31143145799797}
{"pbw_levels": [4, 0, 16], "elapsed_seconds": 94.56412404199727}
{"pbw_levels": [4, 2, 14], "elapsed_seconds": 95.0207433329997}
{"pbw_levels": [4, 4, 12], "elapsed_seconds": 95.47984012499728}
{"pbw_levels": [4, 6, 10], "elapsed_seconds": 96.02145791699877}
{"pbw_levels": [4, 8, 8], "elapsed_seconds": 96.52996795799845}
{"pbw_levels": [4, 10, 6], "elapsed_seconds": 97.0242251669988}
{"pbw_levels": [4, 12, 4], "elapsed_seconds": 97.45776520800064}
{"pbw_levels": [4, 14, 2], "elapsed_seconds": 97.8077137500004}
{"pbw_levels": [4, 16, 0], "elapsed_seconds": 98.09393083299801}
{"pbw_levels": [6, 0, 14], "elapsed_seconds": 98.25638570799856}
{"pbw_levels": [6, 2, 12], "elapsed_seconds": 98.6314229999989}
{"pbw_levels": [6, 4, 10], "elapsed_seconds": 98.98363899999822}
{"pbw_levels": [6, 6, 8], "elapsed_seconds": 99.3993102079985}
{"pbw_levels": [6, 8, 6], "elapsed_seconds": 99.76397020799777}
{"pbw_levels": [6, 10, 4], "elapsed_seconds": 100.08585920800033}
{"pbw_levels": [6, 12, 2], "elapsed_seconds": 100.35283825000079}
{"pbw_levels": [6, 14, 0], "elapsed_seconds": 100.56845533299929}
{"pbw_levels": [8, 0, 12], "elapsed_seconds": 100.75095341699853}
{"pbw_levels": [8, 2, 10], "elapsed_seconds": 101.15960679199998}
{"pbw_levels": [8, 4, 8], "elapsed_seconds": 101.519231708}
{"pbw_levels": [8, 6, 6], "elapsed_seconds": 101.95286275000035}
{"pbw_levels": [8, 8, 4], "elapsed_seconds": 102.30461454199758}
{"pbw_levels": [8, 10, 2], "elapsed_seconds": 102.60238829199807}
{"pbw_levels": [8, 12, 0], "elapsed_seconds": 102.85287404200062}
{"pbw_levels": [10, 0, 10], "elapsed_seconds": 102.98230562499884}
{"pbw_levels": [10, 2, 8], "elapsed_seconds": 103.31702320799741}
{"pbw_levels": [10, 4, 6], "elapsed_seconds": 103.60914908300037}
{"pbw_levels": [10, 6, 4], "elapsed_seconds": 103.91154649999953}
{"pbw_levels": [10, 8, 2], "elapsed_seconds": 104.15688204199978}
{"pbw_levels": [10, 10, 0], "elapsed_seconds": 104.36699841699738}
{"pbw_levels": [12, 0, 8], "elapsed_seconds": 104.49451649999901}
{"pbw_levels": [12, 2, 6], "elapsed_seconds": 104.84849508299885}
{"pbw_levels": [12, 4, 4], "elapsed_seconds": 105.11634670800049}
{"pbw_levels": [12, 6, 2], "elapsed_seconds": 105.39057537500048}
{"pbw_levels": [12, 8, 0], "elapsed_seconds": 105.60675666699899}
{"pbw_levels": [14, 0, 6], "elapsed_seconds": 105.7055022079985}
{"pbw_levels": [14, 2, 4], "elapsed_seconds": 106.00707420799881}
{"pbw_levels": [14, 4, 2], "elapsed_seconds": 106.21406558300077}
{"pbw_levels": [14, 6, 0], "elapsed_seconds": 106.42353687499781}
{"pbw_levels": [16, 0, 4], "elapsed_seconds": 106.50814874999924}
{"pbw_levels": [16, 2, 2], "elapsed_seconds": 106.7568113749985}
{"pbw_levels": [16, 4, 0], "elapsed_seconds": 106.9542497500006}
{"pbw_levels": [18, 0, 2], "elapsed_seconds": 107.0164505419998}
{"pbw_levels": [18, 2, 0], "elapsed_seconds": 107.3347217499977}
{"pbw_levels": [20, 0, 0], "elapsed_seconds": 110.1898384169981}
