{"pbw_levels": [0, 0, 0], "elapsed_seconds": 0.003058124999370193}
{"pbw_levels": [1, 0, 0], "elapsed_seconds": 0.004147374998865416}
{"pbw_levels": [0, 0, 2], "elapsed_seconds": 0.005548666998947738}
{"pbw_levels": [0, 2, 0], "elapsed_seconds": 0.0066299589998379815}
{"pbw_levels": [2, 0, 0], "elapsed_seconds": 0.007033374997263309}
{"pbw_levels": [1, 0, 2], "elapsed_seconds": 0.008858374996634666}
{"pbw_levels": [1, 2, 0], "elapsed_seconds": 0.01059516699751839}
{"pbw_levels": [3, 0, 0], "elapsed_seconds": 0.011910041997907683}
{"pbw_levels": [0, 0, 4], "elapsed_seconds": 0.014285458997619571}
{"pbw_levels": [0, 2, 2], "elapsed_seconds": 0.01593545899959281}
{"pbw_levels": [0, 4, 0], "elapsed_seconds": 0.01816941699871677}
{"pbw_levels": [2, 0, 2], "elapsed_seconds": 0.019038583999645198}
{"pbw_levels": [2, 2, 0], "elapsed_seconds": 0.020067374996870058}
{"pbw_levels": [4, 0, 0], "elapsed_seconds": 0.021808124998642597}
{"pbw_levels": [1, 0, 4], "elapsed_seconds": 0.02643174999684561}
{"pbw_levels": [1, 2, 2], "elapsed_seconds": 0.029354208996664966}
{"pbw_levels": [1, 4, 0], "elapsed_seconds": 0.033634666997386375}
{"pbw_levels": [3, 0, 2], "elapsed_seconds": 0.03555741699892678}
{"pbw_levels": [3, 2, 0], "elapsed_seconds": 0.038044541997805936}
{"pbw_levels": [5, 0, 0], "elapsed_seconds": 0.040067083999019815}
{"pbw_levels": [0, 0, 6], "elapsed_seconds": 0.04607554199901642}
{"pbw_levels": [0, 2, 4], "elapsed_seconds": 0.04943145899960655}
{"pbw_levels": [0, 4, 2], "elapsed_seconds": 0.052258416999393376}
{"pbw_levels": [0, 6, 0], "elapsed_seconds": 0.0585167499993986}
{"pbw_levels": [2, 0, 4], "elapsed_seconds": 0.0596674999978859}
{"pbw_levels": [2, 2, 2], "elapsed_seconds": 0.0616083749991958}
{"pbw_levels": [2, 4, 0], "elapsed_seconds": 0.06321966699761106}
{"pbw_levels": [4, 0, 2], "elapsed_seconds": 0.06560837500001071}
{"pbw_levels": [4, 2, 0], "elapsed_seconds": 0.06875299999956042}
{"pbw_levels": [6, 0, 0], "elapsed_seconds": 0.07106729199949768}
{"pbw_levels": [1, 0, 6], "elapsed_seconds": 0.08191733399871737}
{"pbw_levels": [1, 2, 4], "elapsed_seconds": 0.08871479199660826}
{"pbw_levels": [1, 4, 2], "elapsed_seconds": 0.09551837499748217}
{"pbw_levels": [1, 6, 0], "elapsed_seconds": 0.10573604199817055}
{"pbw_levels": [3, 0, 4], "elapsed_seconds": 0.1094952919993375}
{"pbw_levels": [3, 2, 2], "elapsed_seconds": 0.11431670899764867}
{"pbw_levels": [3, 4, 0], "elapsed_seconds": 0.11880666699653375}
{"pbw_levels": [5, 0, 2], "elapsed_seconds": 0.1324062089988729}
{"pbw_levels": [5, 2, 0], "elapsed_seconds": 0.13752679199751583}
{"pbw_levels": [7, 0, 0], "elapsed_seconds": 0.14129504199809162}
{"pbw_levels": [0, 0, 8], "elapsed_seconds": 0.15585049999936018}
{"pbw_levels": [0, 2, 6], "elapsed_seconds": 0.16369174999999814}
{"pbw_levels": [0, 4, 4], "elapsed_seconds": 0.16999741699692095}
{"pbw_levels": [0, 6, 2], "elapsed_seconds": 0.1759267089983041}
{"pbw_levels": [0, 8, 0], "elapsed_seconds": 0.190838916998473}
{"pbw_levels": [2, 0, 6], "elapsed_seconds": 0.19337274999998044}
{"pbw_levels": [2, 2, 4], "elapsed_seconds": 0.1969561249970866}
{"pbw_levels": [2, 4, 2], "elapsed_seconds": 0.20009670899889898}
{"pbw_levels": [2, 6, 0], "elapsed_seconds": 0.20347112499803188}
{"pbw_levels": [4, 0, 4], "elapsed_seconds": 0.20821120899927337}
{"pbw_levels": [4, 2, 2], "elapsed_seconds": 0.21454316699964693}
{"pbw_levels": [4, 4, 0], "elapsed_seconds": 0.22049354199771187}
{"pbw_levels": [6, 0, 2], "elapsed_seconds": 0.2243514999972831}
{"pbw_levels": [6, 2, 0], "elapsed_seconds": 0.23111324999990757}
{"pbw_levels": [8, 0, 0], "elapsed_seconds": 0.23755391699887696}
{"pbw_levels": [1, 0, 8], "elapsed_seconds": 0.260363999997935}
{"pbw_levels": [1, 2, 6], "elapsed_seconds": 0.27653720899979817}
{"pbw_levels": [1, 4, 4], "elapsed_seconds": 0.29052916699947673}
{"pbw_levels": [1, 6, 2], "elapsed_seconds": 0.30640395899899886}
{"pbw_levels": [1, 8, 0], "elapsed_seconds": 0.3303232919970469}
{"pbw_levels": [3, 0, 6], "elapsed_seconds": 0.3392933749964868}
{"pbw_levels": [3, 2, 4], "elapsed_seconds": 0.3493028749981022}
{"pbw_levels": [3, 4, 2], "elapsed_seconds": 0.358943499999441}
{"pbw_levels": [3, 6, 0], "elapsed_seconds": 0.36952212499818415}
{"pbw_levels": [5, 0, 4], "elapsed_seconds": 0.3749621669994667}
{"pbw_levels": [5, 2, 2], "elapsed_seconds": 0.3832764999970095}
{"pbw_levels": [5, 4, 0], "elapsed_seconds": 0.3908600419999857}
{"pbw_levels": [7, 0, 2], "elapsed_seconds": 0.39485812499697204}
{"pbw_levels": [7, 2, 0], "elapsed_seconds": 0.4034636669966858}
{"pbw_levels": [9, 0, 0], "elapsed_seconds": 0.4139943339978345}
{"pbw_levels": [0, 0, 10], "elapsed_seconds": 0.4604329589965346}
{"pbw_levels": [0, 2, 8], "elapsed_seconds": 0.47606979199917987}
{"pbw_levels": [0, 4, 6], "elapsed_seconds": 0.4904358339990722}
{"pbw_levels": [0, 6, 4], "elapsed_seconds": 0.5041425419985899}
{"pbw_levels": [0, 8, 2], "elapsed_seconds": 0.5144752089981921}
{"pbw_levels": [0, 10, 0], "elapsed_seconds": 0.562692708997929}
{"pbw_levels": [2, 0, 8], "elapsed_seconds": 0.5675377499974275}
{"pbw_levels": [2, 2, 6], "elapsed_seconds": 0.5756356669990055}
{"pbw_levels": [2, 4, 4], "elapsed_seconds": 0.581468041997141}
{"pbw_levels": [2, 6, 2], "elapsed_seconds": 0.5876681249974354}
{"pbw_levels": [2, 8, 0], "elapsed_seconds": 0.592525083997316}
{"pbw_levels": [4, 0, 6], "elapsed_seconds": 0.603566249999858}
{"pbw_levels": [4, 2, 4], "elapsed_seconds": 0.6174330419999023}
{"pbw_levels": [4, 4, 2], "elapsed_seconds": 0.6296493339978042}
{"pbw_levels": [4, 6, 0], "elapsed_seconds": 0.6427902499999618}
{"pbw_levels": [6, 0, 4], "elapsed_seconds": 0.6495970839969232}
{"pbw_levels": [6, 2, 2], "elapsed_seconds": 0.6614953339994827}
{"pbw_levels": [6, 4, 0], "elapsed_seconds": 0.6708569999973406}
{"pbw_levels": [8, 0, 2], "elapsed_seconds": 0.6781036669999594}
{"pbw_levels": [8, 2, 0], "elapsed_seconds": 0.6993442919992958}
{"pbw_levels": [10, 0, 0], "elapsed_seconds": 0.711694791996706}
